2025-12-17 13:33:57 [INFO] root: Logging initialized. Writing to logs/analysis_pregame.log
2025-12-17 13:33:57 [INFO] root: >>> STARTING PRE-GAME PROP ANALYSIS <<<
2025-12-17 13:33:57 [INFO] root: Loaded 352 props.
2025-12-17 13:33:57 [INFO] root: Building feature set with Point-in-Time safety (Leakage Fixed)...
2025-12-17 13:33:58 [WARNING] root: Master Q1 file does not exist. 1Q props cannot be graded.
2025-12-17 13:33:58 [WARNING] root: Master 1H file does not exist. 1H props cannot be graded.
2025-12-17 13:33:58 [INFO] root: --- Loading Static Data Files (Parquet) ---
2025-12-17 13:33:58 [INFO] root: Calculating Full Game rolling stats...
2025-12-17 13:33:58 [INFO] root: Feature set built. Final Shape: (352, 1192)
2025-12-17 13:33:58 [INFO] root: Running Machine Learning Inference...
2025-12-17 13:33:58 [INFO] root: Starting batch inference on 352 props...
2025-12-17 13:33:59 [WARNING] root: Skipping Lauri Markkanen (Q1_REB) - Missing History (SZN Avg is 0/NaN)
2025-12-17 13:34:00 [WARNING] root: Skipping Lauri Markkanen (Q1_PTS) - Missing History (SZN Avg is 0/NaN)
2025-12-17 13:34:00 [WARNING] root: Skipping Keyonte George (Q1_REB) - Missing History (SZN Avg is 0/NaN)
2025-12-17 13:34:00 [WARNING] root: Skipping Keyonte George (Q1_PTS) - Missing History (SZN Avg is 0/NaN)
2025-12-17 13:34:00 [WARNING] root: Skipping Kawhi Leonard (Q1_REB) - Missing History (SZN Avg is 0/NaN)
2025-12-17 13:34:00 [WARNING] root: Skipping Kawhi Leonard (Q1_PTS) - Missing History (SZN Avg is 0/NaN)
2025-12-17 13:34:00 [WARNING] root: Skipping Cooper Flagg (Q1_REB) - Missing History (SZN Avg is 0/NaN)
2025-12-17 13:34:00 [WARNING] root: Skipping Cooper Flagg (Q1_PTS) - Missing History (SZN Avg is 0/NaN)
2025-12-17 13:34:00 [WARNING] root: Skipping Davion Mitchell (Q1_AST) - Missing History (SZN Avg is 0/NaN)
2025-12-17 13:34:00 [WARNING] root: Skipping Anthony Davis (Q1_REB) - Missing History (SZN Avg is 0/NaN)
2025-12-17 13:34:00 [WARNING] root: Skipping Naji Marshall (Q1_REB) - Missing History (SZN Avg is 0/NaN)
2025-12-17 13:34:00 [WARNING] root: Skipping Naji Marshall (Q1_PTS) - Missing History (SZN Avg is 0/NaN)
2025-12-17 13:34:00 [WARNING] root: Skipping Anthony Davis (Q1_PTS) - Missing History (SZN Avg is 0/NaN)
2025-12-17 13:34:00 [WARNING] root: Skipping PJ Washington (Q1_PTS) - Missing History (SZN Avg is 0/NaN)
2025-12-17 13:34:00 [WARNING] root: Skipping PJ Washington (Q1_REB) - Missing History (SZN Avg is 0/NaN)
2025-12-17 13:34:00 [WARNING] root: Skipping James Harden (Q1_REB) - Missing History (SZN Avg is 0/NaN)
2025-12-17 13:34:00 [WARNING] root: Skipping Jaren Jackson Jr. (Q1_REB) - Missing History (SZN Avg is 0/NaN)
2025-12-17 13:34:00 [WARNING] root: Skipping Jaren Jackson Jr. (Q1_PTS) - Missing History (SZN Avg is 0/NaN)
2025-12-17 13:34:01 [WARNING] root: Skipping Ivica Zubac (Q1_REB) - Missing History (SZN Avg is 0/NaN)
2025-12-17 13:34:01 [WARNING] root: Skipping Ivica Zubac (Q1_PTS) - Missing History (SZN Avg is 0/NaN)
2025-12-17 13:34:01 [WARNING] root: Skipping Jock Landale (Q1_REB) - Missing History (SZN Avg is 0/NaN)
2025-12-17 13:34:01 [WARNING] root: Skipping Santi Aldama (Q1_REB) - Missing History (SZN Avg is 0/NaN)
2025-12-17 13:34:01 [WARNING] root: Skipping Santi Aldama (Q1_PTS) - Missing History (SZN Avg is 0/NaN)
2025-12-17 13:34:01 [WARNING] root: Skipping James Harden (Q1_PTS) - Missing History (SZN Avg is 0/NaN)
2025-12-17 13:34:01 [WARNING] root: Skipping John Collins (Q1_REB) - Missing History (SZN Avg is 0/NaN)
2025-12-17 13:34:01 [WARNING] root: Skipping John Collins (Q1_PTS) - Missing History (SZN Avg is 0/NaN)
2025-12-17 13:34:01 [WARNING] root: Skipping James Harden (Q1_AST) - Missing History (SZN Avg is 0/NaN)
2025-12-17 13:34:01 [WARNING] root: Skipping Ja Morant (Q1_PTS) - Missing History (SZN Avg is 0/NaN)
2025-12-17 13:34:01 [WARNING] root: Skipping Derrick White (Q1_PTS) - Missing History (SZN Avg is 0/NaN)
2025-12-17 13:34:01 [WARNING] root: Skipping Jaylen Brown (Q1_PTS) - Missing History (SZN Avg is 0/NaN)
2025-12-17 13:34:01 [WARNING] root: Skipping Jaylen Brown (Q1_REB) - Missing History (SZN Avg is 0/NaN)
2025-12-17 13:34:01 [WARNING] root: Skipping Jordan Walsh (Q1_REB) - Missing History (SZN Avg is 0/NaN)
2025-12-17 13:34:01 [WARNING] root: Skipping Payton Pritchard (Q1_PTS) - Missing History (SZN Avg is 0/NaN)
2025-12-17 13:34:02 [WARNING] root: Skipping Ausar Thompson (Q1_REB) - Missing History (SZN Avg is 0/NaN)
2025-12-17 13:34:02 [WARNING] root: Skipping Isaiah Stewart (Q1_REB) - Missing History (SZN Avg is 0/NaN)
2025-12-17 13:34:02 [WARNING] root: Skipping Cade Cunningham (Q1_AST) - Missing History (SZN Avg is 0/NaN)
2025-12-17 13:34:02 [WARNING] root: Skipping Cade Cunningham (Q1_REB) - Missing History (SZN Avg is 0/NaN)
2025-12-17 13:34:02 [WARNING] root: Skipping Cade Cunningham (Q1_PTS) - Missing History (SZN Avg is 0/NaN)
2025-12-17 13:34:02 [WARNING] root: Skipping Jalen Duren (Q1_REB) - Missing History (SZN Avg is 0/NaN)
2025-12-17 13:34:02 [WARNING] root: Skipping Jalen Duren (Q1_PTS) - Missing History (SZN Avg is 0/NaN)
2025-12-17 13:34:02 [WARNING] root: Skipping Brandon Ingram (Q1_REB) - Missing History (SZN Avg is 0/NaN)
2025-12-17 13:34:02 [WARNING] root: Skipping Brandon Ingram (Q1_PTS) - Missing History (SZN Avg is 0/NaN)
2025-12-17 13:34:02 [WARNING] root: Skipping Norman Powell (Q1_PTS) - Missing History (SZN Avg is 0/NaN)
2025-12-17 13:34:02 [WARNING] root: Skipping Immanuel Quickley (Q1_PTS) - Missing History (SZN Avg is 0/NaN)
2025-12-17 13:34:03 [WARNING] root: Skipping Tyler Herro (Q1_REB) - Missing History (SZN Avg is 0/NaN)
2025-12-17 13:34:03 [WARNING] root: Skipping Tyler Herro (Q1_PTS) - Missing History (SZN Avg is 0/NaN)
2025-12-17 13:34:03 [WARNING] root: Skipping Scottie Barnes (Q1_REB) - Missing History (SZN Avg is 0/NaN)
2025-12-17 13:34:03 [WARNING] root: Skipping Scottie Barnes (Q1_PTS) - Missing History (SZN Avg is 0/NaN)
2025-12-17 13:34:03 [WARNING] root: Skipping Neemias Queta (Q1_REB) - Missing History (SZN Avg is 0/NaN)
2025-12-17 13:34:03 [WARNING] root: Skipping Jakob Poeltl (Q1_REB) - Missing History (SZN Avg is 0/NaN)
2025-12-17 13:34:03 [WARNING] root: Skipping Andrew Wiggins (Q1_REB) - Missing History (SZN Avg is 0/NaN)
2025-12-17 13:34:03 [WARNING] root: Skipping Andrew Wiggins (Q1_PTS) - Missing History (SZN Avg is 0/NaN)
2025-12-17 13:34:03 [WARNING] root: Skipping Bam Adebayo (Q1_REB) - Missing History (SZN Avg is 0/NaN)
2025-12-17 13:34:03 [WARNING] root: Skipping Bam Adebayo (Q1_PTS) - Missing History (SZN Avg is 0/NaN)
2025-12-17 13:34:03 [WARNING] root: Skipping Cedric Coward (Q1_REB) - Missing History (SZN Avg is 0/NaN)
2025-12-17 13:34:03 [INFO] root: Saved system results to output/processed_props.parquet
2025-12-17 13:34:03 [INFO] root: Saved Excel analysis to: output/processed_props.xlsx
2025-12-17 13:34:03 [INFO] root: <<< ANALYSIS COMPLETE >>>
2025-12-17 14:30:02 [INFO] root: Logging initialized. Writing to logs/analysis_pregame.log
2025-12-17 14:30:02 [INFO] root: >>> STARTING PRE-GAME PROP ANALYSIS <<<
2025-12-17 14:30:02 [INFO] root: Loaded 352 props.
2025-12-17 14:30:02 [INFO] root: Building feature set with Point-in-Time safety (Leakage Fixed)...
2025-12-17 14:30:02 [INFO] root: --- Loading Static Data Files (Parquet) ---
2025-12-17 14:30:02 [INFO] root: Calculating Full Game rolling stats...
2025-12-17 14:30:03 [INFO] root: Calculating Q1 rolling stats...
2025-12-17 14:30:03 [INFO] root: Calculating 1H rolling stats...
2025-12-17 14:30:03 [INFO] root: Feature set built. Final Shape: (352, 1256)
2025-12-17 14:30:03 [INFO] root: Running Machine Learning Inference...
2025-12-17 14:30:03 [INFO] root: Starting batch inference on 352 props...
2025-12-17 14:30:09 [INFO] root: Saved system results to output/processed_props.parquet
2025-12-17 14:30:09 [INFO] root: Saved Excel analysis to: output/processed_props.xlsx
2025-12-17 14:30:09 [INFO] root: <<< ANALYSIS COMPLETE >>>
2025-12-17 14:39:35 [INFO] root: Logging initialized. Writing to logs/analysis_pregame.log
2025-12-17 14:39:35 [INFO] root: >>> STARTING PRE-GAME PROP ANALYSIS <<<
2025-12-17 14:39:35 [INFO] root: Loaded 75 props.
2025-12-17 14:39:35 [INFO] root: Building feature set with Point-in-Time safety (Leakage Fixed)...
2025-12-17 14:39:35 [INFO] root: --- Loading Static Data Files (Parquet) ---
2025-12-17 14:39:35 [INFO] root: Calculating Full Game rolling stats...
2025-12-17 14:39:36 [INFO] root: Calculating Q1 rolling stats...
2025-12-17 14:39:36 [INFO] root: Calculating 1H rolling stats...
2025-12-17 14:39:37 [INFO] root: Feature set built. Final Shape: (75, 1256)
2025-12-17 14:39:37 [INFO] root: Running Machine Learning Inference...
2025-12-17 14:39:37 [INFO] root: Starting batch inference on 75 props...
2025-12-17 14:39:39 [INFO] root: Saved system results to output/processed_props.parquet
2025-12-17 14:39:39 [INFO] root: Saved Excel analysis to: output/processed_props.xlsx
2025-12-17 14:39:39 [INFO] root: <<< ANALYSIS COMPLETE >>>
