2025-12-17 13:36:41 [INFO] root: Logging initialized. Writing to logs/backfill_q1.log
2025-12-17 13:36:41 [INFO] root: >>> STARTING SMART Q1 BACKFILL (Optimized) <<<
2025-12-17 13:36:41 [INFO] root: Scanning 2 files to find valid game dates...
2025-12-17 13:36:41 [INFO] root: Found 217 active game days. Skipping summer/off-days.
2025-12-17 13:36:41 [INFO] root: [1/217] Fetching Q1 for 2024-10-22...
2025-12-17 13:36:45 [INFO] root: Successfully saved prop_data/2024-25/q1_logs/daily_q1_stats_2024-10-22.parquet
2025-12-17 13:36:47 [INFO] root: [2/217] Fetching Q1 for 2024-10-23...
2025-12-17 13:36:52 [INFO] root: Successfully saved prop_data/2024-25/q1_logs/daily_q1_stats_2024-10-23.parquet
2025-12-17 13:36:53 [INFO] root: [3/217] Fetching Q1 for 2024-10-24...
2025-12-17 13:36:58 [INFO] root: Successfully saved prop_data/2024-25/q1_logs/daily_q1_stats_2024-10-24.parquet
2025-12-17 13:36:58 [INFO] root: [4/217] Fetching Q1 for 2024-10-25...
2025-12-17 13:37:02 [INFO] root: Successfully saved prop_data/2024-25/q1_logs/daily_q1_stats_2024-10-25.parquet
2025-12-17 13:37:03 [INFO] root: [5/217] Fetching Q1 for 2024-10-26...
2025-12-17 13:37:07 [INFO] root: Successfully saved prop_data/2024-25/q1_logs/daily_q1_stats_2024-10-26.parquet
2025-12-17 13:37:07 [INFO] root: [6/217] Fetching Q1 for 2024-10-27...
2025-12-17 13:37:12 [INFO] root: Successfully saved prop_data/2024-25/q1_logs/daily_q1_stats_2024-10-27.parquet
2025-12-17 13:37:13 [INFO] root: [7/217] Fetching Q1 for 2024-10-28...
2025-12-17 13:37:18 [INFO] root: Successfully saved prop_data/2024-25/q1_logs/daily_q1_stats_2024-10-28.parquet
2025-12-17 13:37:19 [INFO] root: [8/217] Fetching Q1 for 2024-10-29...
2025-12-17 13:37:25 [INFO] root: Successfully saved prop_data/2024-25/q1_logs/daily_q1_stats_2024-10-29.parquet
2025-12-17 13:37:26 [INFO] root: [9/217] Fetching Q1 for 2024-10-30...
2025-12-17 13:37:29 [INFO] root: Successfully saved prop_data/2024-25/q1_logs/daily_q1_stats_2024-10-30.parquet
2025-12-17 13:37:31 [INFO] root: [10/217] Fetching Q1 for 2024-10-31...
2025-12-17 13:37:37 [INFO] root: Successfully saved prop_data/2024-25/q1_logs/daily_q1_stats_2024-10-31.parquet
2025-12-17 13:37:39 [INFO] root: [11/217] Fetching Q1 for 2024-11-01...
2025-12-17 13:37:42 [INFO] root: Successfully saved prop_data/2024-25/q1_logs/daily_q1_stats_2024-11-01.parquet
2025-12-17 13:37:43 [INFO] root: [12/217] Fetching Q1 for 2024-11-02...
2025-12-17 13:37:48 [INFO] root: Successfully saved prop_data/2024-25/q1_logs/daily_q1_stats_2024-11-02.parquet
2025-12-17 13:37:49 [INFO] root: [13/217] Fetching Q1 for 2024-11-03...
2025-12-17 13:37:56 [INFO] root: Successfully saved prop_data/2024-25/q1_logs/daily_q1_stats_2024-11-03.parquet
2025-12-17 13:37:57 [INFO] root: [14/217] Fetching Q1 for 2024-11-04...
2025-12-17 13:38:06 [INFO] root: Successfully saved prop_data/2024-25/q1_logs/daily_q1_stats_2024-11-04.parquet
2025-12-17 13:38:07 [INFO] root: [15/217] Fetching Q1 for 2024-11-06...
2025-12-17 13:38:16 [INFO] root: Successfully saved prop_data/2024-25/q1_logs/daily_q1_stats_2024-11-06.parquet
2025-12-17 13:38:17 [INFO] root: [16/217] Fetching Q1 for 2024-11-07...
2025-12-17 13:38:25 [INFO] root: Successfully saved prop_data/2024-25/q1_logs/daily_q1_stats_2024-11-07.parquet
2025-12-17 13:38:26 [INFO] root: [17/217] Fetching Q1 for 2024-11-08...
2025-12-17 13:38:31 [INFO] root: Successfully saved prop_data/2024-25/q1_logs/daily_q1_stats_2024-11-08.parquet
2025-12-17 13:38:33 [INFO] root: [18/217] Fetching Q1 for 2024-11-09...
2025-12-17 13:38:37 [INFO] root: Successfully saved prop_data/2024-25/q1_logs/daily_q1_stats_2024-11-09.parquet
2025-12-17 13:38:39 [INFO] root: [19/217] Fetching Q1 for 2024-11-10...
2025-12-17 13:38:47 [INFO] root: Successfully saved prop_data/2024-25/q1_logs/daily_q1_stats_2024-11-10.parquet
2025-12-17 13:38:48 [INFO] root: [20/217] Fetching Q1 for 2024-11-11...
2025-12-17 13:38:56 [INFO] root: Successfully saved prop_data/2024-25/q1_logs/daily_q1_stats_2024-11-11.parquet
2025-12-17 13:38:56 [INFO] root: [21/217] Fetching Q1 for 2024-11-12...
2025-12-17 13:39:02 [INFO] root: Successfully saved prop_data/2024-25/q1_logs/daily_q1_stats_2024-11-12.parquet
2025-12-17 13:39:04 [INFO] root: [22/217] Fetching Q1 for 2024-11-13...
2025-12-17 13:39:10 [INFO] root: Successfully saved prop_data/2024-25/q1_logs/daily_q1_stats_2024-11-13.parquet
2025-12-17 13:39:11 [INFO] root: [23/217] Fetching Q1 for 2024-11-14...
2025-12-17 13:39:24 [INFO] root: Successfully saved prop_data/2024-25/q1_logs/daily_q1_stats_2024-11-14.parquet
2025-12-17 13:39:26 [INFO] root: [24/217] Fetching Q1 for 2024-11-15...
2025-12-17 13:39:31 [INFO] root: Successfully saved prop_data/2024-25/q1_logs/daily_q1_stats_2024-11-15.parquet
2025-12-17 13:39:32 [INFO] root: [25/217] Fetching Q1 for 2024-11-16...
2025-12-17 13:39:42 [INFO] root: Successfully saved prop_data/2024-25/q1_logs/daily_q1_stats_2024-11-16.parquet
2025-12-17 13:39:43 [INFO] root: [26/217] Fetching Q1 for 2024-11-17...
2025-12-17 13:39:48 [INFO] root: Successfully saved prop_data/2024-25/q1_logs/daily_q1_stats_2024-11-17.parquet
2025-12-17 13:39:49 [INFO] root: [27/217] Fetching Q1 for 2024-11-18...
2025-12-17 13:40:02 [INFO] root: Successfully saved prop_data/2024-25/q1_logs/daily_q1_stats_2024-11-18.parquet
2025-12-17 13:40:02 [INFO] root: [28/217] Fetching Q1 for 2024-11-19...
2025-12-17 13:40:07 [INFO] root: Successfully saved prop_data/2024-25/q1_logs/daily_q1_stats_2024-11-19.parquet
2025-12-17 13:40:09 [INFO] root: [29/217] Fetching Q1 for 2024-11-20...
2025-12-17 13:40:14 [INFO] root: Successfully saved prop_data/2024-25/q1_logs/daily_q1_stats_2024-11-20.parquet
2025-12-17 13:40:16 [INFO] root: [30/217] Fetching Q1 for 2024-11-21...
2025-12-17 13:40:21 [INFO] root: Successfully saved prop_data/2024-25/q1_logs/daily_q1_stats_2024-11-21.parquet
2025-12-17 13:40:22 [INFO] root: [31/217] Fetching Q1 for 2024-11-22...
2025-12-17 13:40:31 [INFO] root: Successfully saved prop_data/2024-25/q1_logs/daily_q1_stats_2024-11-22.parquet
2025-12-17 13:40:33 [INFO] root: [32/217] Fetching Q1 for 2024-11-23...
2025-12-17 13:40:40 [INFO] root: Successfully saved prop_data/2024-25/q1_logs/daily_q1_stats_2024-11-23.parquet
2025-12-17 13:40:41 [INFO] root: [33/217] Fetching Q1 for 2024-11-24...
2025-12-17 13:40:48 [INFO] root: Successfully saved prop_data/2024-25/q1_logs/daily_q1_stats_2024-11-24.parquet
2025-12-17 13:40:49 [INFO] root: [34/217] Fetching Q1 for 2024-11-25...
2025-12-17 13:40:54 [INFO] root: Successfully saved prop_data/2024-25/q1_logs/daily_q1_stats_2024-11-25.parquet
2025-12-17 13:40:56 [INFO] root: [35/217] Fetching Q1 for 2024-11-26...
2025-12-17 13:41:01 [INFO] root: Successfully saved prop_data/2024-25/q1_logs/daily_q1_stats_2024-11-26.parquet
2025-12-17 13:41:02 [INFO] root: [36/217] Fetching Q1 for 2024-11-27...
2025-12-17 13:41:08 [INFO] root: Successfully saved prop_data/2024-25/q1_logs/daily_q1_stats_2024-11-27.parquet
2025-12-17 13:41:09 [INFO] root: [37/217] Fetching Q1 for 2024-11-29...
2025-12-17 13:41:15 [INFO] root: Successfully saved prop_data/2024-25/q1_logs/daily_q1_stats_2024-11-29.parquet
2025-12-17 13:41:16 [INFO] root: [38/217] Fetching Q1 for 2024-11-30...
2025-12-17 13:41:19 [INFO] root: Successfully saved prop_data/2024-25/q1_logs/daily_q1_stats_2024-11-30.parquet
2025-12-17 13:41:20 [INFO] root: [39/217] Fetching Q1 for 2024-12-01...
2025-12-17 13:41:23 [INFO] root: Successfully saved prop_data/2024-25/q1_logs/daily_q1_stats_2024-12-01.parquet
2025-12-17 13:41:24 [INFO] root: [40/217] Fetching Q1 for 2024-12-02...
2025-12-17 13:41:28 [INFO] root: Successfully saved prop_data/2024-25/q1_logs/daily_q1_stats_2024-12-02.parquet
2025-12-17 13:41:29 [INFO] root: [41/217] Fetching Q1 for 2024-12-03...
2025-12-17 13:41:34 [INFO] root: Successfully saved prop_data/2024-25/q1_logs/daily_q1_stats_2024-12-03.parquet
2025-12-17 13:41:35 [INFO] root: [42/217] Fetching Q1 for 2024-12-04...
2025-12-17 13:41:38 [INFO] root: Successfully saved prop_data/2024-25/q1_logs/daily_q1_stats_2024-12-04.parquet
2025-12-17 13:41:40 [INFO] root: [43/217] Fetching Q1 for 2024-12-05...
2025-12-17 13:41:43 [INFO] root: Successfully saved prop_data/2024-25/q1_logs/daily_q1_stats_2024-12-05.parquet
2025-12-17 13:41:44 [INFO] root: [44/217] Fetching Q1 for 2024-12-06...
2025-12-17 13:41:49 [INFO] root: Successfully saved prop_data/2024-25/q1_logs/daily_q1_stats_2024-12-06.parquet
2025-12-17 13:41:50 [INFO] root: [45/217] Fetching Q1 for 2024-12-07...
2025-12-17 13:41:56 [INFO] root: Successfully saved prop_data/2024-25/q1_logs/daily_q1_stats_2024-12-07.parquet
2025-12-17 13:41:57 [INFO] root: [46/217] Fetching Q1 for 2024-12-08...
2025-12-17 13:42:02 [INFO] root: Successfully saved prop_data/2024-25/q1_logs/daily_q1_stats_2024-12-08.parquet
2025-12-17 13:42:03 [INFO] root: [47/217] Fetching Q1 for 2024-12-09...
2025-12-17 13:42:12 [INFO] root: Successfully saved prop_data/2024-25/q1_logs/daily_q1_stats_2024-12-09.parquet
2025-12-17 13:42:13 [INFO] root: [48/217] Fetching Q1 for 2024-12-10...
2025-12-17 13:45:36 [ERROR] root: Failed to fetch 2024-12-10: HTTPSConnectionPool(host='stats.nba.com', port=443): Read timed out. (read timeout=20)
2025-12-17 13:45:38 [INFO] root: [49/217] Fetching Q1 for 2024-12-11...
2025-12-17 13:45:43 [INFO] root: Successfully saved prop_data/2024-25/q1_logs/daily_q1_stats_2024-12-11.parquet
2025-12-17 13:45:43 [INFO] root: [50/217] Fetching Q1 for 2024-12-12...
2025-12-17 13:45:47 [INFO] root: Successfully saved prop_data/2024-25/q1_logs/daily_q1_stats_2024-12-12.parquet
2025-12-17 13:45:48 [INFO] root: [51/217] Fetching Q1 for 2024-12-13...
2025-12-17 13:45:52 [INFO] root: Successfully saved prop_data/2024-25/q1_logs/daily_q1_stats_2024-12-13.parquet
2025-12-17 13:45:53 [INFO] root: [52/217] Fetching Q1 for 2024-12-14...
2025-12-17 13:45:57 [INFO] root: Successfully saved prop_data/2024-25/q1_logs/daily_q1_stats_2024-12-14.parquet
2025-12-17 13:45:58 [INFO] root: [53/217] Fetching Q1 for 2024-12-15...
2025-12-17 13:46:03 [INFO] root: Successfully saved prop_data/2024-25/q1_logs/daily_q1_stats_2024-12-15.parquet
2025-12-17 13:46:04 [INFO] root: [54/217] Fetching Q1 for 2024-12-16...
2025-12-17 13:46:10 [INFO] root: Successfully saved prop_data/2024-25/q1_logs/daily_q1_stats_2024-12-16.parquet
2025-12-17 13:46:11 [INFO] root: [55/217] Fetching Q1 for 2024-12-19...
2025-12-17 13:46:19 [INFO] root: Successfully saved prop_data/2024-25/q1_logs/daily_q1_stats_2024-12-19.parquet
2025-12-17 13:46:20 [INFO] root: [56/217] Fetching Q1 for 2024-12-20...
2025-12-17 13:46:23 [INFO] root: Successfully saved prop_data/2024-25/q1_logs/daily_q1_stats_2024-12-20.parquet
2025-12-17 13:46:24 [INFO] root: [57/217] Fetching Q1 for 2024-12-21...
2025-12-17 13:46:29 [INFO] root: Successfully saved prop_data/2024-25/q1_logs/daily_q1_stats_2024-12-21.parquet
2025-12-17 13:46:30 [INFO] root: [58/217] Fetching Q1 for 2024-12-22...
2025-12-17 13:46:34 [INFO] root: Successfully saved prop_data/2024-25/q1_logs/daily_q1_stats_2024-12-22.parquet
2025-12-17 13:46:36 [INFO] root: [59/217] Fetching Q1 for 2024-12-23...
2025-12-17 13:46:46 [INFO] root: Successfully saved prop_data/2024-25/q1_logs/daily_q1_stats_2024-12-23.parquet
2025-12-17 13:46:47 [INFO] root: [60/217] Fetching Q1 for 2024-12-25...
2025-12-17 13:46:57 [INFO] root: Successfully saved prop_data/2024-25/q1_logs/daily_q1_stats_2024-12-25.parquet
2025-12-17 13:46:58 [INFO] root: [61/217] Fetching Q1 for 2024-12-26...
2025-12-17 13:47:06 [INFO] root: Successfully saved prop_data/2024-25/q1_logs/daily_q1_stats_2024-12-26.parquet
2025-12-17 13:47:08 [INFO] root: [62/217] Fetching Q1 for 2024-12-27...
2025-12-17 13:47:22 [INFO] root: Successfully saved prop_data/2024-25/q1_logs/daily_q1_stats_2024-12-27.parquet
2025-12-17 13:47:23 [INFO] root: [63/217] Fetching Q1 for 2024-12-28...
2025-12-17 13:47:29 [INFO] root: Successfully saved prop_data/2024-25/q1_logs/daily_q1_stats_2024-12-28.parquet
2025-12-17 13:47:31 [INFO] root: [64/217] Fetching Q1 for 2024-12-29...
2025-12-17 13:47:36 [INFO] root: Successfully saved prop_data/2024-25/q1_logs/daily_q1_stats_2024-12-29.parquet
2025-12-17 13:47:37 [INFO] root: [65/217] Fetching Q1 for 2024-12-30...
2025-12-17 13:47:40 [INFO] root: Successfully saved prop_data/2024-25/q1_logs/daily_q1_stats_2024-12-30.parquet
2025-12-17 13:47:41 [INFO] root: [66/217] Fetching Q1 for 2024-12-31...
2025-12-17 13:47:48 [INFO] root: Successfully saved prop_data/2024-25/q1_logs/daily_q1_stats_2024-12-31.parquet
2025-12-17 13:47:49 [INFO] root: [67/217] Fetching Q1 for 2025-01-01...
2025-12-17 13:47:55 [INFO] root: Successfully saved prop_data/2024-25/q1_logs/daily_q1_stats_2025-01-01.parquet
2025-12-17 13:47:56 [INFO] root: [68/217] Fetching Q1 for 2025-01-02...
2025-12-17 13:48:00 [INFO] root: Successfully saved prop_data/2024-25/q1_logs/daily_q1_stats_2025-01-02.parquet
2025-12-17 13:48:01 [INFO] root: [69/217] Fetching Q1 for 2025-01-03...
2025-12-17 13:48:09 [INFO] root: Successfully saved prop_data/2024-25/q1_logs/daily_q1_stats_2025-01-03.parquet
2025-12-17 13:48:11 [INFO] root: [70/217] Fetching Q1 for 2025-01-04...
2025-12-17 13:48:20 [INFO] root: Successfully saved prop_data/2024-25/q1_logs/daily_q1_stats_2025-01-04.parquet
2025-12-17 13:48:22 [INFO] root: [71/217] Fetching Q1 for 2025-01-05...
2025-12-17 13:48:30 [INFO] root: Successfully saved prop_data/2024-25/q1_logs/daily_q1_stats_2025-01-05.parquet
2025-12-17 13:48:31 [INFO] root: [72/217] Fetching Q1 for 2025-01-06...
2025-12-17 13:48:34 [INFO] root: Successfully saved prop_data/2024-25/q1_logs/daily_q1_stats_2025-01-06.parquet
2025-12-17 13:48:35 [INFO] root: [73/217] Fetching Q1 for 2025-01-07...
2025-12-17 13:48:41 [INFO] root: Successfully saved prop_data/2024-25/q1_logs/daily_q1_stats_2025-01-07.parquet
2025-12-17 13:48:42 [INFO] root: [74/217] Fetching Q1 for 2025-01-08...
2025-12-17 13:48:51 [INFO] root: Successfully saved prop_data/2024-25/q1_logs/daily_q1_stats_2025-01-08.parquet
2025-12-17 13:48:53 [INFO] root: [75/217] Fetching Q1 for 2025-01-09...
2025-12-17 13:48:56 [INFO] root: Successfully saved prop_data/2024-25/q1_logs/daily_q1_stats_2025-01-09.parquet
2025-12-17 13:48:58 [INFO] root: [76/217] Fetching Q1 for 2025-01-10...
2025-12-17 13:49:01 [INFO] root: Successfully saved prop_data/2024-25/q1_logs/daily_q1_stats_2025-01-10.parquet
2025-12-17 13:49:03 [INFO] root: [77/217] Fetching Q1 for 2025-01-11...
2025-12-17 13:49:07 [INFO] root: Successfully saved prop_data/2024-25/q1_logs/daily_q1_stats_2025-01-11.parquet
2025-12-17 13:49:08 [INFO] root: [78/217] Fetching Q1 for 2025-01-12...
2025-12-17 13:49:12 [INFO] root: Successfully saved prop_data/2024-25/q1_logs/daily_q1_stats_2025-01-12.parquet
2025-12-17 13:49:13 [INFO] root: [79/217] Fetching Q1 for 2025-01-13...
2025-12-17 13:49:20 [INFO] root: Successfully saved prop_data/2024-25/q1_logs/daily_q1_stats_2025-01-13.parquet
2025-12-17 13:49:22 [INFO] root: [80/217] Fetching Q1 for 2025-01-14...
2025-12-17 13:49:31 [INFO] root: Successfully saved prop_data/2024-25/q1_logs/daily_q1_stats_2025-01-14.parquet
2025-12-17 13:49:32 [INFO] root: [81/217] Fetching Q1 for 2025-01-15...
2025-12-17 13:49:36 [INFO] root: Successfully saved prop_data/2024-25/q1_logs/daily_q1_stats_2025-01-15.parquet
2025-12-17 13:49:37 [INFO] root: [82/217] Fetching Q1 for 2025-01-16...
2025-12-17 13:49:41 [INFO] root: Successfully saved prop_data/2024-25/q1_logs/daily_q1_stats_2025-01-16.parquet
2025-12-17 13:49:42 [INFO] root: [83/217] Fetching Q1 for 2025-01-17...
2025-12-17 13:49:46 [INFO] root: Successfully saved prop_data/2024-25/q1_logs/daily_q1_stats_2025-01-17.parquet
2025-12-17 13:49:47 [INFO] root: [84/217] Fetching Q1 for 2025-01-18...
2025-12-17 13:49:51 [INFO] root: Successfully saved prop_data/2024-25/q1_logs/daily_q1_stats_2025-01-18.parquet
2025-12-17 13:49:53 [INFO] root: [85/217] Fetching Q1 for 2025-01-19...
2025-12-17 13:49:58 [INFO] root: Successfully saved prop_data/2024-25/q1_logs/daily_q1_stats_2025-01-19.parquet
2025-12-17 13:50:00 [INFO] root: [86/217] Fetching Q1 for 2025-01-20...
2025-12-17 13:50:05 [INFO] root: Successfully saved prop_data/2024-25/q1_logs/daily_q1_stats_2025-01-20.parquet
2025-12-17 13:50:06 [INFO] root: [87/217] Fetching Q1 for 2025-01-21...
2025-12-17 13:50:15 [INFO] root: Successfully saved prop_data/2024-25/q1_logs/daily_q1_stats_2025-01-21.parquet
2025-12-17 13:50:16 [INFO] root: [88/217] Fetching Q1 for 2025-01-22...
2025-12-17 13:50:24 [INFO] root: Successfully saved prop_data/2024-25/q1_logs/daily_q1_stats_2025-01-22.parquet
2025-12-17 13:50:25 [INFO] root: [89/217] Fetching Q1 for 2025-01-23...
2025-12-17 13:50:35 [INFO] root: Successfully saved prop_data/2024-25/q1_logs/daily_q1_stats_2025-01-23.parquet
2025-12-17 13:50:36 [INFO] root: [90/217] Fetching Q1 for 2025-01-24...
2025-12-17 13:50:56 [ERROR] root: Failed to fetch 2025-01-24: HTTPSConnectionPool(host='stats.nba.com', port=443): Read timed out. (read timeout=20)
2025-12-17 13:50:58 [INFO] root: [91/217] Fetching Q1 for 2025-01-25...
2025-12-17 13:51:12 [INFO] root: Successfully saved prop_data/2024-25/q1_logs/daily_q1_stats_2025-01-25.parquet
2025-12-17 13:51:13 [INFO] root: [92/217] Fetching Q1 for 2025-01-26...
2025-12-17 13:51:17 [INFO] root: Successfully saved prop_data/2024-25/q1_logs/daily_q1_stats_2025-01-26.parquet
2025-12-17 13:51:18 [INFO] root: [93/217] Fetching Q1 for 2025-01-27...
2025-12-17 13:51:24 [INFO] root: Successfully saved prop_data/2024-25/q1_logs/daily_q1_stats_2025-01-27.parquet
2025-12-17 13:51:25 [INFO] root: [94/217] Fetching Q1 for 2025-01-28...
2025-12-17 13:51:30 [INFO] root: Successfully saved prop_data/2024-25/q1_logs/daily_q1_stats_2025-01-28.parquet
2025-12-17 13:51:32 [INFO] root: [95/217] Fetching Q1 for 2025-01-29...
2025-12-17 13:51:37 [INFO] root: Successfully saved prop_data/2024-25/q1_logs/daily_q1_stats_2025-01-29.parquet
2025-12-17 13:51:37 [INFO] root: [96/217] Fetching Q1 for 2025-01-30...
2025-12-17 13:51:44 [INFO] root: Successfully saved prop_data/2024-25/q1_logs/daily_q1_stats_2025-01-30.parquet
2025-12-17 13:51:45 [INFO] root: [97/217] Fetching Q1 for 2025-01-31...
2025-12-17 13:51:49 [INFO] root: Successfully saved prop_data/2024-25/q1_logs/daily_q1_stats_2025-01-31.parquet
2025-12-17 13:51:49 [INFO] root: [98/217] Fetching Q1 for 2025-02-01...
2025-12-17 13:51:55 [INFO] root: Successfully saved prop_data/2024-25/q1_logs/daily_q1_stats_2025-02-01.parquet
2025-12-17 13:51:56 [INFO] root: [99/217] Fetching Q1 for 2025-02-02...
2025-12-17 13:52:00 [INFO] root: Successfully saved prop_data/2024-25/q1_logs/daily_q1_stats_2025-02-02.parquet
2025-12-17 13:52:01 [INFO] root: [100/217] Fetching Q1 for 2025-02-03...
2025-12-17 13:52:05 [INFO] root: Successfully saved prop_data/2024-25/q1_logs/daily_q1_stats_2025-02-03.parquet
2025-12-17 13:52:06 [INFO] root: [101/217] Fetching Q1 for 2025-02-04...
2025-12-17 13:52:12 [INFO] root: Successfully saved prop_data/2024-25/q1_logs/daily_q1_stats_2025-02-04.parquet
2025-12-17 13:52:13 [INFO] root: [102/217] Fetching Q1 for 2025-02-05...
2025-12-17 13:52:17 [INFO] root: Successfully saved prop_data/2024-25/q1_logs/daily_q1_stats_2025-02-05.parquet
2025-12-17 13:52:19 [INFO] root: [103/217] Fetching Q1 for 2025-02-06...
2025-12-17 13:52:22 [INFO] root: Successfully saved prop_data/2024-25/q1_logs/daily_q1_stats_2025-02-06.parquet
2025-12-17 13:52:23 [INFO] root: [104/217] Fetching Q1 for 2025-02-07...
2025-12-17 13:52:28 [INFO] root: Successfully saved prop_data/2024-25/q1_logs/daily_q1_stats_2025-02-07.parquet
2025-12-17 13:52:29 [INFO] root: [105/217] Fetching Q1 for 2025-02-08...
2025-12-17 13:52:33 [INFO] root: Successfully saved prop_data/2024-25/q1_logs/daily_q1_stats_2025-02-08.parquet
2025-12-17 13:52:33 [INFO] root: [106/217] Fetching Q1 for 2025-02-09...
2025-12-17 13:52:37 [INFO] root: Successfully saved prop_data/2024-25/q1_logs/daily_q1_stats_2025-02-09.parquet
2025-12-17 13:52:38 [INFO] root: [107/217] Fetching Q1 for 2025-02-10...
2025-12-17 13:52:43 [INFO] root: Successfully saved prop_data/2024-25/q1_logs/daily_q1_stats_2025-02-10.parquet
2025-12-17 13:52:44 [INFO] root: [108/217] Fetching Q1 for 2025-02-11...
2025-12-17 13:52:47 [INFO] root: Successfully saved prop_data/2024-25/q1_logs/daily_q1_stats_2025-02-11.parquet
2025-12-17 13:52:47 [INFO] root: [109/217] Fetching Q1 for 2025-02-12...
2025-12-17 13:52:51 [INFO] root: Successfully saved prop_data/2024-25/q1_logs/daily_q1_stats_2025-02-12.parquet
2025-12-17 13:52:52 [INFO] root: [110/217] Fetching Q1 for 2025-02-13...
2025-12-17 13:52:55 [INFO] root: Successfully saved prop_data/2024-25/q1_logs/daily_q1_stats_2025-02-13.parquet
2025-12-17 13:52:56 [INFO] root: [111/217] Fetching Q1 for 2025-02-19...
2025-12-17 13:53:00 [INFO] root: Successfully saved prop_data/2024-25/q1_logs/daily_q1_stats_2025-02-19.parquet
2025-12-17 13:53:01 [INFO] root: [112/217] Fetching Q1 for 2025-02-20...
2025-12-17 13:53:05 [INFO] root: Successfully saved prop_data/2024-25/q1_logs/daily_q1_stats_2025-02-20.parquet
2025-12-17 13:53:06 [INFO] root: [113/217] Fetching Q1 for 2025-02-21...
2025-12-17 13:53:10 [INFO] root: Successfully saved prop_data/2024-25/q1_logs/daily_q1_stats_2025-02-21.parquet
2025-12-17 13:53:11 [INFO] root: [114/217] Fetching Q1 for 2025-02-22...
2025-12-17 13:53:14 [INFO] root: Successfully saved prop_data/2024-25/q1_logs/daily_q1_stats_2025-02-22.parquet
2025-12-17 13:53:15 [INFO] root: [115/217] Fetching Q1 for 2025-02-23...
2025-12-17 13:53:19 [INFO] root: Successfully saved prop_data/2024-25/q1_logs/daily_q1_stats_2025-02-23.parquet
2025-12-17 13:53:20 [INFO] root: [116/217] Fetching Q1 for 2025-02-24...
2025-12-17 13:53:23 [INFO] root: Successfully saved prop_data/2024-25/q1_logs/daily_q1_stats_2025-02-24.parquet
2025-12-17 13:53:25 [INFO] root: [117/217] Fetching Q1 for 2025-02-25...
2025-12-17 13:53:28 [INFO] root: Successfully saved prop_data/2024-25/q1_logs/daily_q1_stats_2025-02-25.parquet
2025-12-17 13:53:29 [INFO] root: [118/217] Fetching Q1 for 2025-02-26...
2025-12-17 13:53:32 [INFO] root: Successfully saved prop_data/2024-25/q1_logs/daily_q1_stats_2025-02-26.parquet
2025-12-17 13:53:34 [INFO] root: [119/217] Fetching Q1 for 2025-02-27...
2025-12-17 13:53:38 [INFO] root: Successfully saved prop_data/2024-25/q1_logs/daily_q1_stats_2025-02-27.parquet
2025-12-17 13:53:39 [INFO] root: [120/217] Fetching Q1 for 2025-02-28...
2025-12-17 13:53:44 [INFO] root: Successfully saved prop_data/2024-25/q1_logs/daily_q1_stats_2025-02-28.parquet
2025-12-17 13:53:45 [INFO] root: [121/217] Fetching Q1 for 2025-03-01...
2025-12-17 13:53:52 [INFO] root: Successfully saved prop_data/2024-25/q1_logs/daily_q1_stats_2025-03-01.parquet
2025-12-17 13:53:53 [INFO] root: [122/217] Fetching Q1 for 2025-03-02...
2025-12-17 13:54:01 [INFO] root: Successfully saved prop_data/2024-25/q1_logs/daily_q1_stats_2025-03-02.parquet
2025-12-17 13:54:02 [INFO] root: [123/217] Fetching Q1 for 2025-03-03...
2025-12-17 13:54:06 [INFO] root: Successfully saved prop_data/2024-25/q1_logs/daily_q1_stats_2025-03-03.parquet
2025-12-17 13:54:07 [INFO] root: [124/217] Fetching Q1 for 2025-03-04...
2025-12-17 13:54:12 [INFO] root: Successfully saved prop_data/2024-25/q1_logs/daily_q1_stats_2025-03-04.parquet
2025-12-17 13:54:13 [INFO] root: [125/217] Fetching Q1 for 2025-03-05...
2025-12-17 13:54:19 [INFO] root: Successfully saved prop_data/2024-25/q1_logs/daily_q1_stats_2025-03-05.parquet
2025-12-17 13:54:20 [INFO] root: [126/217] Fetching Q1 for 2025-03-06...
2025-12-17 13:54:24 [INFO] root: Successfully saved prop_data/2024-25/q1_logs/daily_q1_stats_2025-03-06.parquet
2025-12-17 13:54:26 [INFO] root: [127/217] Fetching Q1 for 2025-03-07...
2025-12-17 13:54:34 [INFO] root: Successfully saved prop_data/2024-25/q1_logs/daily_q1_stats_2025-03-07.parquet
2025-12-17 13:54:35 [INFO] root: [128/217] Fetching Q1 for 2025-03-08...
2025-12-17 13:54:38 [INFO] root: Successfully saved prop_data/2024-25/q1_logs/daily_q1_stats_2025-03-08.parquet
2025-12-17 13:54:39 [INFO] root: [129/217] Fetching Q1 for 2025-03-09...
2025-12-17 13:54:44 [INFO] root: Successfully saved prop_data/2024-25/q1_logs/daily_q1_stats_2025-03-09.parquet
2025-12-17 13:54:45 [INFO] root: [130/217] Fetching Q1 for 2025-03-10...
2025-12-17 13:54:50 [INFO] root: Successfully saved prop_data/2024-25/q1_logs/daily_q1_stats_2025-03-10.parquet
2025-12-17 13:54:51 [INFO] root: [131/217] Fetching Q1 for 2025-03-11...
2025-12-17 13:54:57 [INFO] root: Successfully saved prop_data/2024-25/q1_logs/daily_q1_stats_2025-03-11.parquet
2025-12-17 13:54:58 [INFO] root: [132/217] Fetching Q1 for 2025-03-12...
2025-12-17 13:55:05 [INFO] root: Successfully saved prop_data/2024-25/q1_logs/daily_q1_stats_2025-03-12.parquet
2025-12-17 13:55:06 [INFO] root: [133/217] Fetching Q1 for 2025-03-13...
2025-12-17 13:55:12 [INFO] root: Successfully saved prop_data/2024-25/q1_logs/daily_q1_stats_2025-03-13.parquet
2025-12-17 13:55:13 [INFO] root: [134/217] Fetching Q1 for 2025-03-14...
2025-12-17 13:55:18 [INFO] root: Successfully saved prop_data/2024-25/q1_logs/daily_q1_stats_2025-03-14.parquet
2025-12-17 13:55:19 [INFO] root: [135/217] Fetching Q1 for 2025-03-15...
2025-12-17 13:55:24 [INFO] root: Successfully saved prop_data/2024-25/q1_logs/daily_q1_stats_2025-03-15.parquet
2025-12-17 13:55:25 [INFO] root: [136/217] Fetching Q1 for 2025-03-16...
2025-12-17 13:55:30 [INFO] root: Successfully saved prop_data/2024-25/q1_logs/daily_q1_stats_2025-03-16.parquet
2025-12-17 13:55:31 [INFO] root: [137/217] Fetching Q1 for 2025-03-17...
2025-12-17 13:55:34 [INFO] root: Successfully saved prop_data/2024-25/q1_logs/daily_q1_stats_2025-03-17.parquet
2025-12-17 13:55:36 [INFO] root: [138/217] Fetching Q1 for 2025-03-18...
2025-12-17 13:55:40 [INFO] root: Successfully saved prop_data/2024-25/q1_logs/daily_q1_stats_2025-03-18.parquet
2025-12-17 13:55:41 [INFO] root: [139/217] Fetching Q1 for 2025-03-19...
2025-12-17 13:55:47 [INFO] root: Successfully saved prop_data/2024-25/q1_logs/daily_q1_stats_2025-03-19.parquet
2025-12-17 13:55:48 [INFO] root: [140/217] Fetching Q1 for 2025-03-20...
2025-12-17 13:55:52 [INFO] root: Successfully saved prop_data/2024-25/q1_logs/daily_q1_stats_2025-03-20.parquet
2025-12-17 13:55:52 [INFO] root: [141/217] Fetching Q1 for 2025-03-21...
2025-12-17 13:55:56 [INFO] root: Successfully saved prop_data/2024-25/q1_logs/daily_q1_stats_2025-03-21.parquet
2025-12-17 13:55:57 [INFO] root: [142/217] Fetching Q1 for 2025-03-22...
2025-12-17 13:56:03 [INFO] root: Successfully saved prop_data/2024-25/q1_logs/daily_q1_stats_2025-03-22.parquet
2025-12-17 13:56:03 [INFO] root: [143/217] Fetching Q1 for 2025-03-23...
2025-12-17 13:56:09 [INFO] root: Successfully saved prop_data/2024-25/q1_logs/daily_q1_stats_2025-03-23.parquet
2025-12-17 13:56:10 [INFO] root: [144/217] Fetching Q1 for 2025-03-24...
2025-12-17 13:56:15 [INFO] root: Successfully saved prop_data/2024-25/q1_logs/daily_q1_stats_2025-03-24.parquet
2025-12-17 13:56:16 [INFO] root: [145/217] Fetching Q1 for 2025-03-25...
2025-12-17 13:56:22 [INFO] root: Successfully saved prop_data/2024-25/q1_logs/daily_q1_stats_2025-03-25.parquet
2025-12-17 13:56:22 [INFO] root: [146/217] Fetching Q1 for 2025-03-26...
2025-12-17 13:56:26 [INFO] root: Successfully saved prop_data/2024-25/q1_logs/daily_q1_stats_2025-03-26.parquet
2025-12-17 13:56:27 [INFO] root: [147/217] Fetching Q1 for 2025-03-27...
2025-12-17 13:56:32 [INFO] root: Successfully saved prop_data/2024-25/q1_logs/daily_q1_stats_2025-03-27.parquet
2025-12-17 13:56:33 [INFO] root: [148/217] Fetching Q1 for 2025-03-28...
2025-12-17 13:56:36 [INFO] root: Successfully saved prop_data/2024-25/q1_logs/daily_q1_stats_2025-03-28.parquet
2025-12-17 13:56:38 [INFO] root: [149/217] Fetching Q1 for 2025-03-29...
2025-12-17 13:56:41 [INFO] root: Successfully saved prop_data/2024-25/q1_logs/daily_q1_stats_2025-03-29.parquet
2025-12-17 13:56:43 [INFO] root: [150/217] Fetching Q1 for 2025-03-30...
2025-12-17 13:56:48 [INFO] root: Successfully saved prop_data/2024-25/q1_logs/daily_q1_stats_2025-03-30.parquet
2025-12-17 13:56:49 [INFO] root: [151/217] Fetching Q1 for 2025-03-31...
2025-12-17 13:56:54 [INFO] root: Successfully saved prop_data/2024-25/q1_logs/daily_q1_stats_2025-03-31.parquet
2025-12-17 13:56:55 [INFO] root: [152/217] Fetching Q1 for 2025-04-01...
2025-12-17 13:57:00 [INFO] root: Successfully saved prop_data/2024-25/q1_logs/daily_q1_stats_2025-04-01.parquet
2025-12-17 13:57:01 [INFO] root: [153/217] Fetching Q1 for 2025-04-02...
2025-12-17 13:57:06 [INFO] root: Successfully saved prop_data/2024-25/q1_logs/daily_q1_stats_2025-04-02.parquet
2025-12-17 13:57:06 [INFO] root: [154/217] Fetching Q1 for 2025-04-03...
2025-12-17 13:57:12 [INFO] root: Successfully saved prop_data/2024-25/q1_logs/daily_q1_stats_2025-04-03.parquet
2025-12-17 13:57:13 [INFO] root: [155/217] Fetching Q1 for 2025-04-04...
2025-12-17 13:57:16 [INFO] root: Successfully saved prop_data/2024-25/q1_logs/daily_q1_stats_2025-04-04.parquet
2025-12-17 13:57:17 [INFO] root: [156/217] Fetching Q1 for 2025-04-05...
2025-12-17 13:57:20 [INFO] root: Successfully saved prop_data/2024-25/q1_logs/daily_q1_stats_2025-04-05.parquet
2025-12-17 13:57:21 [INFO] root: [157/217] Fetching Q1 for 2025-04-06...
2025-12-17 13:57:24 [INFO] root: Successfully saved prop_data/2024-25/q1_logs/daily_q1_stats_2025-04-06.parquet
2025-12-17 13:57:25 [INFO] root: [158/217] Fetching Q1 for 2025-04-07...
2025-12-17 13:57:29 [INFO] root: Successfully saved prop_data/2024-25/q1_logs/daily_q1_stats_2025-04-07.parquet
2025-12-17 13:57:30 [INFO] root: [159/217] Fetching Q1 for 2025-04-08...
2025-12-17 13:57:33 [INFO] root: Successfully saved prop_data/2024-25/q1_logs/daily_q1_stats_2025-04-08.parquet
2025-12-17 13:57:35 [INFO] root: [160/217] Fetching Q1 for 2025-04-09...
2025-12-17 13:57:38 [INFO] root: Successfully saved prop_data/2024-25/q1_logs/daily_q1_stats_2025-04-09.parquet
2025-12-17 13:57:40 [INFO] root: [161/217] Fetching Q1 for 2025-04-10...
2025-12-17 13:57:45 [INFO] root: Successfully saved prop_data/2024-25/q1_logs/daily_q1_stats_2025-04-10.parquet
2025-12-17 13:57:46 [INFO] root: [162/217] Fetching Q1 for 2025-04-11...
2025-12-17 13:57:53 [INFO] root: Successfully saved prop_data/2024-25/q1_logs/daily_q1_stats_2025-04-11.parquet
2025-12-17 13:57:53 [INFO] root: [163/217] Fetching Q1 for 2025-04-13...
2025-12-17 13:57:57 [INFO] root: Successfully saved prop_data/2024-25/q1_logs/daily_q1_stats_2025-04-13.parquet
2025-12-17 13:57:59 [INFO] root: [164/217] Fetching Q1 for 2025-10-22...
2025-12-17 13:58:02 [INFO] root: Successfully saved prop_data/2025-26/q1_logs/daily_q1_stats_2025-10-22.parquet
2025-12-17 13:58:03 [INFO] root: [165/217] Fetching Q1 for 2025-10-23...
2025-12-17 13:58:06 [INFO] root: Successfully saved prop_data/2025-26/q1_logs/daily_q1_stats_2025-10-23.parquet
2025-12-17 13:58:07 [INFO] root: [166/217] Fetching Q1 for 2025-10-24...
2025-12-17 13:58:10 [INFO] root: Successfully saved prop_data/2025-26/q1_logs/daily_q1_stats_2025-10-24.parquet
2025-12-17 13:58:12 [INFO] root: [167/217] Fetching Q1 for 2025-10-25...
2025-12-17 13:58:15 [INFO] root: Successfully saved prop_data/2025-26/q1_logs/daily_q1_stats_2025-10-25.parquet
2025-12-17 13:58:16 [INFO] root: [168/217] Fetching Q1 for 2025-10-26...
2025-12-17 13:58:20 [INFO] root: Successfully saved prop_data/2025-26/q1_logs/daily_q1_stats_2025-10-26.parquet
2025-12-17 13:58:21 [INFO] root: [169/217] Fetching Q1 for 2025-10-27...
2025-12-17 13:58:24 [INFO] root: Successfully saved prop_data/2025-26/q1_logs/daily_q1_stats_2025-10-27.parquet
2025-12-17 13:58:25 [INFO] root: [170/217] Fetching Q1 for 2025-10-28...
2025-12-17 13:58:28 [INFO] root: Successfully saved prop_data/2025-26/q1_logs/daily_q1_stats_2025-10-28.parquet
2025-12-17 13:58:29 [INFO] root: [171/217] Fetching Q1 for 2025-10-29...
2025-12-17 13:58:33 [INFO] root: Successfully saved prop_data/2025-26/q1_logs/daily_q1_stats_2025-10-29.parquet
2025-12-17 13:58:34 [INFO] root: [172/217] Fetching Q1 for 2025-10-30...
2025-12-17 13:58:37 [INFO] root: Successfully saved prop_data/2025-26/q1_logs/daily_q1_stats_2025-10-30.parquet
2025-12-17 13:58:38 [INFO] root: [173/217] Fetching Q1 for 2025-10-31...
2025-12-17 13:58:42 [INFO] root: Successfully saved prop_data/2025-26/q1_logs/daily_q1_stats_2025-10-31.parquet
2025-12-17 13:58:43 [INFO] root: [174/217] Fetching Q1 for 2025-11-01...
2025-12-17 13:58:46 [INFO] root: Successfully saved prop_data/2025-26/q1_logs/daily_q1_stats_2025-11-01.parquet
2025-12-17 13:58:47 [INFO] root: [175/217] Fetching Q1 for 2025-11-02...
2025-12-17 13:58:50 [INFO] root: Successfully saved prop_data/2025-26/q1_logs/daily_q1_stats_2025-11-02.parquet
2025-12-17 13:58:51 [INFO] root: [176/217] Fetching Q1 for 2025-11-03...
2025-12-17 13:58:58 [INFO] root: Successfully saved prop_data/2025-26/q1_logs/daily_q1_stats_2025-11-03.parquet
2025-12-17 13:58:59 [INFO] root: [177/217] Fetching Q1 for 2025-11-04...
2025-12-17 13:59:02 [INFO] root: Successfully saved prop_data/2025-26/q1_logs/daily_q1_stats_2025-11-04.parquet
2025-12-17 13:59:03 [INFO] root: [178/217] Fetching Q1 for 2025-11-05...
2025-12-17 13:59:06 [INFO] root: Successfully saved prop_data/2025-26/q1_logs/daily_q1_stats_2025-11-05.parquet
2025-12-17 13:59:07 [INFO] root: [179/217] Fetching Q1 for 2025-11-06...
2025-12-17 13:59:10 [INFO] root: Successfully saved prop_data/2025-26/q1_logs/daily_q1_stats_2025-11-06.parquet
2025-12-17 13:59:12 [INFO] root: [180/217] Fetching Q1 for 2025-11-07...
2025-12-17 13:59:16 [INFO] root: Successfully saved prop_data/2025-26/q1_logs/daily_q1_stats_2025-11-07.parquet
2025-12-17 13:59:17 [INFO] root: [181/217] Fetching Q1 for 2025-11-08...
2025-12-17 13:59:21 [INFO] root: Successfully saved prop_data/2025-26/q1_logs/daily_q1_stats_2025-11-08.parquet
2025-12-17 13:59:22 [INFO] root: [182/217] Fetching Q1 for 2025-11-09...
2025-12-17 13:59:27 [INFO] root: Successfully saved prop_data/2025-26/q1_logs/daily_q1_stats_2025-11-09.parquet
2025-12-17 13:59:28 [INFO] root: [183/217] Fetching Q1 for 2025-11-10...
2025-12-17 13:59:34 [INFO] root: Successfully saved prop_data/2025-26/q1_logs/daily_q1_stats_2025-11-10.parquet
2025-12-17 13:59:35 [INFO] root: [184/217] Fetching Q1 for 2025-11-11...
2025-12-17 13:59:39 [INFO] root: Successfully saved prop_data/2025-26/q1_logs/daily_q1_stats_2025-11-11.parquet
2025-12-17 13:59:40 [INFO] root: [185/217] Fetching Q1 for 2025-11-12...
2025-12-17 13:59:43 [INFO] root: Successfully saved prop_data/2025-26/q1_logs/daily_q1_stats_2025-11-12.parquet
2025-12-17 13:59:44 [INFO] root: [186/217] Fetching Q1 for 2025-11-13...
2025-12-17 13:59:48 [INFO] root: Successfully saved prop_data/2025-26/q1_logs/daily_q1_stats_2025-11-13.parquet
2025-12-17 13:59:49 [INFO] root: [187/217] Fetching Q1 for 2025-11-14...
2025-12-17 13:59:53 [INFO] root: Successfully saved prop_data/2025-26/q1_logs/daily_q1_stats_2025-11-14.parquet
2025-12-17 13:59:54 [INFO] root: [188/217] Fetching Q1 for 2025-11-15...
2025-12-17 13:59:58 [INFO] root: Successfully saved prop_data/2025-26/q1_logs/daily_q1_stats_2025-11-15.parquet
2025-12-17 14:00:00 [INFO] root: [189/217] Fetching Q1 for 2025-11-16...
2025-12-17 14:00:04 [INFO] root: Successfully saved prop_data/2025-26/q1_logs/daily_q1_stats_2025-11-16.parquet
2025-12-17 14:00:05 [INFO] root: [190/217] Fetching Q1 for 2025-11-17...
2025-12-17 14:00:15 [INFO] root: Successfully saved prop_data/2025-26/q1_logs/daily_q1_stats_2025-11-17.parquet
2025-12-17 14:00:17 [INFO] root: [191/217] Fetching Q1 for 2025-11-18...
2025-12-17 14:00:22 [INFO] root: Successfully saved prop_data/2025-26/q1_logs/daily_q1_stats_2025-11-18.parquet
2025-12-17 14:00:22 [INFO] root: [192/217] Fetching Q1 for 2025-11-19...
2025-12-17 14:00:28 [INFO] root: Successfully saved prop_data/2025-26/q1_logs/daily_q1_stats_2025-11-19.parquet
2025-12-17 14:00:29 [INFO] root: [193/217] Fetching Q1 for 2025-11-20...
2025-12-17 14:00:36 [INFO] root: Successfully saved prop_data/2025-26/q1_logs/daily_q1_stats_2025-11-20.parquet
2025-12-17 14:00:38 [INFO] root: [194/217] Fetching Q1 for 2025-11-21...
2025-12-17 14:00:43 [INFO] root: Successfully saved prop_data/2025-26/q1_logs/daily_q1_stats_2025-11-21.parquet
2025-12-17 14:00:43 [INFO] root: [195/217] Fetching Q1 for 2025-11-22...
2025-12-17 14:00:49 [INFO] root: Successfully saved prop_data/2025-26/q1_logs/daily_q1_stats_2025-11-22.parquet
2025-12-17 14:00:50 [INFO] root: [196/217] Fetching Q1 for 2025-11-23...
2025-12-17 14:00:53 [INFO] root: Successfully saved prop_data/2025-26/q1_logs/daily_q1_stats_2025-11-23.parquet
2025-12-17 14:00:54 [INFO] root: [197/217] Fetching Q1 for 2025-11-24...
2025-12-17 14:00:57 [INFO] root: Successfully saved prop_data/2025-26/q1_logs/daily_q1_stats_2025-11-24.parquet
2025-12-17 14:00:58 [INFO] root: [198/217] Fetching Q1 for 2025-11-25...
2025-12-17 14:01:01 [INFO] root: Successfully saved prop_data/2025-26/q1_logs/daily_q1_stats_2025-11-25.parquet
2025-12-17 14:01:03 [INFO] root: [199/217] Fetching Q1 for 2025-11-26...
2025-12-17 14:01:07 [INFO] root: Successfully saved prop_data/2025-26/q1_logs/daily_q1_stats_2025-11-26.parquet
2025-12-17 14:01:09 [INFO] root: [200/217] Fetching Q1 for 2025-11-28...
2025-12-17 14:01:13 [INFO] root: Successfully saved prop_data/2025-26/q1_logs/daily_q1_stats_2025-11-28.parquet
2025-12-17 14:01:14 [INFO] root: [201/217] Fetching Q1 for 2025-11-29...
2025-12-17 14:01:18 [INFO] root: Successfully saved prop_data/2025-26/q1_logs/daily_q1_stats_2025-11-29.parquet
2025-12-17 14:01:18 [INFO] root: [202/217] Fetching Q1 for 2025-11-30...
2025-12-17 14:01:23 [INFO] root: Successfully saved prop_data/2025-26/q1_logs/daily_q1_stats_2025-11-30.parquet
2025-12-17 14:01:24 [INFO] root: [203/217] Fetching Q1 for 2025-12-01...
2025-12-17 14:01:30 [INFO] root: Successfully saved prop_data/2025-26/q1_logs/daily_q1_stats_2025-12-01.parquet
2025-12-17 14:01:31 [INFO] root: [204/217] Fetching Q1 for 2025-12-02...
2025-12-17 14:01:37 [INFO] root: Successfully saved prop_data/2025-26/q1_logs/daily_q1_stats_2025-12-02.parquet
2025-12-17 14:01:38 [INFO] root: [205/217] Fetching Q1 for 2025-12-03...
2025-12-17 14:01:45 [INFO] root: Successfully saved prop_data/2025-26/q1_logs/daily_q1_stats_2025-12-03.parquet
2025-12-17 14:01:46 [INFO] root: [206/217] Fetching Q1 for 2025-12-04...
2025-12-17 14:01:53 [INFO] root: Successfully saved prop_data/2025-26/q1_logs/daily_q1_stats_2025-12-04.parquet
2025-12-17 14:01:54 [INFO] root: [207/217] Fetching Q1 for 2025-12-05...
2025-12-17 14:01:58 [INFO] root: Successfully saved prop_data/2025-26/q1_logs/daily_q1_stats_2025-12-05.parquet
2025-12-17 14:01:59 [INFO] root: [208/217] Fetching Q1 for 2025-12-06...
2025-12-17 14:02:05 [INFO] root: Successfully saved prop_data/2025-26/q1_logs/daily_q1_stats_2025-12-06.parquet
2025-12-17 14:02:07 [INFO] root: [209/217] Fetching Q1 for 2025-12-07...
2025-12-17 14:02:15 [INFO] root: Successfully saved prop_data/2025-26/q1_logs/daily_q1_stats_2025-12-07.parquet
2025-12-17 14:02:16 [INFO] root: [210/217] Fetching Q1 for 2025-12-08...
2025-12-17 14:02:19 [INFO] root: Successfully saved prop_data/2025-26/q1_logs/daily_q1_stats_2025-12-08.parquet
2025-12-17 14:02:20 [INFO] root: [211/217] Fetching Q1 for 2025-12-09...
2025-12-17 14:02:24 [INFO] root: Successfully saved prop_data/2025-26/q1_logs/daily_q1_stats_2025-12-09.parquet
2025-12-17 14:02:26 [INFO] root: [212/217] Fetching Q1 for 2025-12-10...
2025-12-17 14:02:34 [INFO] root: Successfully saved prop_data/2025-26/q1_logs/daily_q1_stats_2025-12-10.parquet
2025-12-17 14:02:35 [INFO] root: [213/217] Fetching Q1 for 2025-12-11...
2025-12-17 14:02:40 [INFO] root: Successfully saved prop_data/2025-26/q1_logs/daily_q1_stats_2025-12-11.parquet
2025-12-17 14:02:41 [INFO] root: [214/217] Fetching Q1 for 2025-12-12...
2025-12-17 14:02:46 [INFO] root: Successfully saved prop_data/2025-26/q1_logs/daily_q1_stats_2025-12-12.parquet
2025-12-17 14:02:47 [INFO] root: [215/217] Fetching Q1 for 2025-12-13...
2025-12-17 14:02:51 [INFO] root: Successfully saved prop_data/2025-26/q1_logs/daily_q1_stats_2025-12-13.parquet
2025-12-17 14:02:52 [INFO] root: [216/217] Fetching Q1 for 2025-12-14...
2025-12-17 14:02:57 [INFO] root: Successfully saved prop_data/2025-26/q1_logs/daily_q1_stats_2025-12-14.parquet
2025-12-17 14:02:58 [INFO] root: [217/217] Fetching Q1 for 2025-12-15...
2025-12-17 14:03:05 [INFO] root: Successfully saved prop_data/2025-26/q1_logs/daily_q1_stats_2025-12-15.parquet
2025-12-17 14:03:07 [INFO] root: <<< BACKFILL COMPLETE. NOW RUN 'run_build_db.py' >>>
2025-12-17 14:03:26 [INFO] root: Logging initialized. Writing to logs/backfill_q1.log
2025-12-17 14:03:26 [INFO] root: >>> STARTING SMART Q1 BACKFILL (Optimized) <<<
2025-12-17 14:03:26 [INFO] root: Scanning 2 files to find valid game dates...
2025-12-17 14:03:26 [INFO] root: Found 217 active game days. Skipping summer/off-days.
2025-12-17 14:03:26 [INFO] root: [48/217] Fetching Q1 for 2024-12-10...
2025-12-17 14:03:27 [INFO] root: Successfully saved prop_data/2024-25/q1_logs/daily_q1_stats_2024-12-10.parquet
2025-12-17 14:03:27 [INFO] root: [90/217] Fetching Q1 for 2025-01-24...
2025-12-17 14:03:27 [INFO] root: Successfully saved prop_data/2024-25/q1_logs/daily_q1_stats_2025-01-24.parquet
2025-12-17 14:03:29 [INFO] root: <<< BACKFILL COMPLETE. NOW RUN 'run_build_db.py' >>>
