2025-12-14 20:28:44 [INFO] root: Logging initialized. Writing to logs/backfill_quarters.log
2025-12-14 20:28:44 [INFO] root: >>> STARTING Q2 BACKFILL (For 1H Props) <<<
2025-12-14 20:28:44 [INFO] root: Scanning 2 files to find valid game dates...
2025-12-14 20:28:44 [INFO] root: Found 216 active game days to backfill Q2 data.
2025-12-14 20:28:44 [INFO] root: [1/216] Fetching Q2 for 2024-10-22 (Season: 2024-25)...
2025-12-14 20:28:51 [INFO] root: Successfully saved prop_data/2024-25/q2_logs/daily_q2_stats_2024-10-22.parquet
2025-12-14 20:28:52 [INFO] root: [2/216] Fetching Q2 for 2024-10-23 (Season: 2024-25)...
2025-12-14 20:28:59 [INFO] root: Successfully saved prop_data/2024-25/q2_logs/daily_q2_stats_2024-10-23.parquet
2025-12-14 20:29:00 [INFO] root: [3/216] Fetching Q2 for 2024-10-24 (Season: 2024-25)...
2025-12-14 20:29:04 [INFO] root: Successfully saved prop_data/2024-25/q2_logs/daily_q2_stats_2024-10-24.parquet
2025-12-14 20:29:06 [INFO] root: [4/216] Fetching Q2 for 2024-10-25 (Season: 2024-25)...
2025-12-14 20:29:11 [INFO] root: Successfully saved prop_data/2024-25/q2_logs/daily_q2_stats_2024-10-25.parquet
2025-12-14 20:29:12 [INFO] root: [5/216] Fetching Q2 for 2024-10-26 (Season: 2024-25)...
2025-12-14 20:29:18 [INFO] root: Successfully saved prop_data/2024-25/q2_logs/daily_q2_stats_2024-10-26.parquet
2025-12-14 20:29:19 [INFO] root: [6/216] Fetching Q2 for 2024-10-27 (Season: 2024-25)...
2025-12-14 20:29:25 [INFO] root: Successfully saved prop_data/2024-25/q2_logs/daily_q2_stats_2024-10-27.parquet
2025-12-14 20:29:26 [INFO] root: [7/216] Fetching Q2 for 2024-10-28 (Season: 2024-25)...
2025-12-14 20:29:32 [INFO] root: Successfully saved prop_data/2024-25/q2_logs/daily_q2_stats_2024-10-28.parquet
2025-12-14 20:29:32 [INFO] root: [8/216] Fetching Q2 for 2024-10-29 (Season: 2024-25)...
2025-12-14 20:29:38 [INFO] root: Successfully saved prop_data/2024-25/q2_logs/daily_q2_stats_2024-10-29.parquet
2025-12-14 20:29:39 [INFO] root: [9/216] Fetching Q2 for 2024-10-30 (Season: 2024-25)...
2025-12-14 20:29:47 [INFO] root: Successfully saved prop_data/2024-25/q2_logs/daily_q2_stats_2024-10-30.parquet
2025-12-14 20:29:48 [INFO] root: [10/216] Fetching Q2 for 2024-10-31 (Season: 2024-25)...
2025-12-14 20:29:53 [INFO] root: Successfully saved prop_data/2024-25/q2_logs/daily_q2_stats_2024-10-31.parquet
2025-12-14 20:29:54 [INFO] root: [11/216] Fetching Q2 for 2024-11-01 (Season: 2024-25)...
2025-12-14 20:30:03 [INFO] root: Successfully saved prop_data/2024-25/q2_logs/daily_q2_stats_2024-11-01.parquet
2025-12-14 20:30:03 [INFO] root: [12/216] Fetching Q2 for 2024-11-02 (Season: 2024-25)...
2025-12-14 20:30:12 [INFO] root: Successfully saved prop_data/2024-25/q2_logs/daily_q2_stats_2024-11-02.parquet
2025-12-14 20:30:13 [INFO] root: [13/216] Fetching Q2 for 2024-11-03 (Season: 2024-25)...
2025-12-14 20:30:20 [INFO] root: Successfully saved prop_data/2024-25/q2_logs/daily_q2_stats_2024-11-03.parquet
2025-12-14 20:30:21 [INFO] root: [14/216] Fetching Q2 for 2024-11-04 (Season: 2024-25)...
2025-12-14 20:30:32 [INFO] root: Successfully saved prop_data/2024-25/q2_logs/daily_q2_stats_2024-11-04.parquet
2025-12-14 20:30:33 [INFO] root: [15/216] Fetching Q2 for 2024-11-06 (Season: 2024-25)...
2025-12-14 20:30:38 [INFO] root: Successfully saved prop_data/2024-25/q2_logs/daily_q2_stats_2024-11-06.parquet
2025-12-14 20:30:39 [INFO] root: [16/216] Fetching Q2 for 2024-11-07 (Season: 2024-25)...
2025-12-14 20:30:44 [INFO] root: Successfully saved prop_data/2024-25/q2_logs/daily_q2_stats_2024-11-07.parquet
2025-12-14 20:30:45 [INFO] root: [17/216] Fetching Q2 for 2024-11-08 (Season: 2024-25)...
2025-12-14 20:30:53 [INFO] root: Successfully saved prop_data/2024-25/q2_logs/daily_q2_stats_2024-11-08.parquet
2025-12-14 20:30:54 [INFO] root: [18/216] Fetching Q2 for 2024-11-09 (Season: 2024-25)...
2025-12-14 20:30:58 [INFO] root: Successfully saved prop_data/2024-25/q2_logs/daily_q2_stats_2024-11-09.parquet
2025-12-14 20:30:59 [INFO] root: [19/216] Fetching Q2 for 2024-11-10 (Season: 2024-25)...
2025-12-14 20:31:05 [INFO] root: Successfully saved prop_data/2024-25/q2_logs/daily_q2_stats_2024-11-10.parquet
2025-12-14 20:31:06 [INFO] root: [20/216] Fetching Q2 for 2024-11-11 (Season: 2024-25)...
2025-12-14 20:31:13 [INFO] root: Successfully saved prop_data/2024-25/q2_logs/daily_q2_stats_2024-11-11.parquet
2025-12-14 20:31:14 [INFO] root: [21/216] Fetching Q2 for 2024-11-12 (Season: 2024-25)...
2025-12-14 20:31:23 [INFO] root: Successfully saved prop_data/2024-25/q2_logs/daily_q2_stats_2024-11-12.parquet
2025-12-14 20:31:24 [INFO] root: [22/216] Fetching Q2 for 2024-11-13 (Season: 2024-25)...
2025-12-14 20:31:30 [INFO] root: Successfully saved prop_data/2024-25/q2_logs/daily_q2_stats_2024-11-13.parquet
2025-12-14 20:31:31 [INFO] root: [23/216] Fetching Q2 for 2024-11-14 (Season: 2024-25)...
2025-12-14 20:31:37 [INFO] root: Successfully saved prop_data/2024-25/q2_logs/daily_q2_stats_2024-11-14.parquet
2025-12-14 20:31:37 [INFO] root: [24/216] Fetching Q2 for 2024-11-15 (Season: 2024-25)...
2025-12-14 20:31:54 [INFO] root: Successfully saved prop_data/2024-25/q2_logs/daily_q2_stats_2024-11-15.parquet
2025-12-14 20:31:55 [INFO] root: [25/216] Fetching Q2 for 2024-11-16 (Season: 2024-25)...
2025-12-14 20:32:00 [INFO] root: Successfully saved prop_data/2024-25/q2_logs/daily_q2_stats_2024-11-16.parquet
2025-12-14 20:32:01 [INFO] root: [26/216] Fetching Q2 for 2024-11-17 (Season: 2024-25)...
2025-12-14 20:32:07 [INFO] root: Successfully saved prop_data/2024-25/q2_logs/daily_q2_stats_2024-11-17.parquet
2025-12-14 20:32:08 [INFO] root: [27/216] Fetching Q2 for 2024-11-18 (Season: 2024-25)...
2025-12-14 20:32:13 [INFO] root: Successfully saved prop_data/2024-25/q2_logs/daily_q2_stats_2024-11-18.parquet
2025-12-14 20:32:14 [INFO] root: [28/216] Fetching Q2 for 2024-11-19 (Season: 2024-25)...
2025-12-14 20:32:18 [INFO] root: Successfully saved prop_data/2024-25/q2_logs/daily_q2_stats_2024-11-19.parquet
2025-12-14 20:32:20 [INFO] root: [29/216] Fetching Q2 for 2024-11-20 (Season: 2024-25)...
2025-12-14 20:32:26 [INFO] root: Successfully saved prop_data/2024-25/q2_logs/daily_q2_stats_2024-11-20.parquet
2025-12-14 20:32:27 [INFO] root: [30/216] Fetching Q2 for 2024-11-21 (Season: 2024-25)...
2025-12-14 20:32:33 [INFO] root: Successfully saved prop_data/2024-25/q2_logs/daily_q2_stats_2024-11-21.parquet
2025-12-14 20:32:34 [INFO] root: [31/216] Fetching Q2 for 2024-11-22 (Season: 2024-25)...
2025-12-14 20:32:40 [INFO] root: Successfully saved prop_data/2024-25/q2_logs/daily_q2_stats_2024-11-22.parquet
2025-12-14 20:32:42 [INFO] root: [32/216] Fetching Q2 for 2024-11-23 (Season: 2024-25)...
2025-12-14 20:32:53 [INFO] root: Successfully saved prop_data/2024-25/q2_logs/daily_q2_stats_2024-11-23.parquet
2025-12-14 20:32:54 [INFO] root: [33/216] Fetching Q2 for 2024-11-24 (Season: 2024-25)...
2025-12-14 20:32:59 [INFO] root: Successfully saved prop_data/2024-25/q2_logs/daily_q2_stats_2024-11-24.parquet
2025-12-14 20:33:01 [INFO] root: [34/216] Fetching Q2 for 2024-11-25 (Season: 2024-25)...
2025-12-14 20:33:08 [INFO] root: Successfully saved prop_data/2024-25/q2_logs/daily_q2_stats_2024-11-25.parquet
2025-12-14 20:33:10 [INFO] root: [35/216] Fetching Q2 for 2024-11-26 (Season: 2024-25)...
2025-12-14 20:33:16 [INFO] root: Successfully saved prop_data/2024-25/q2_logs/daily_q2_stats_2024-11-26.parquet
2025-12-14 20:33:17 [INFO] root: [36/216] Fetching Q2 for 2024-11-27 (Season: 2024-25)...
2025-12-14 20:33:24 [INFO] root: Successfully saved prop_data/2024-25/q2_logs/daily_q2_stats_2024-11-27.parquet
2025-12-14 20:33:24 [INFO] root: [37/216] Fetching Q2 for 2024-11-29 (Season: 2024-25)...
2025-12-14 20:33:32 [INFO] root: Successfully saved prop_data/2024-25/q2_logs/daily_q2_stats_2024-11-29.parquet
2025-12-14 20:33:33 [INFO] root: [38/216] Fetching Q2 for 2024-11-30 (Season: 2024-25)...
2025-12-14 20:33:39 [INFO] root: Successfully saved prop_data/2024-25/q2_logs/daily_q2_stats_2024-11-30.parquet
2025-12-14 20:33:40 [INFO] root: [39/216] Fetching Q2 for 2024-12-01 (Season: 2024-25)...
2025-12-14 20:33:45 [INFO] root: Successfully saved prop_data/2024-25/q2_logs/daily_q2_stats_2024-12-01.parquet
2025-12-14 20:33:46 [INFO] root: [40/216] Fetching Q2 for 2024-12-02 (Season: 2024-25)...
2025-12-14 20:33:54 [INFO] root: Successfully saved prop_data/2024-25/q2_logs/daily_q2_stats_2024-12-02.parquet
2025-12-14 20:33:55 [INFO] root: [41/216] Fetching Q2 for 2024-12-03 (Season: 2024-25)...
2025-12-14 20:34:02 [INFO] root: Successfully saved prop_data/2024-25/q2_logs/daily_q2_stats_2024-12-03.parquet
2025-12-14 20:34:04 [INFO] root: [42/216] Fetching Q2 for 2024-12-04 (Season: 2024-25)...
2025-12-14 20:34:10 [INFO] root: Successfully saved prop_data/2024-25/q2_logs/daily_q2_stats_2024-12-04.parquet
2025-12-14 20:34:11 [INFO] root: [43/216] Fetching Q2 for 2024-12-05 (Season: 2024-25)...
2025-12-14 20:34:16 [INFO] root: Successfully saved prop_data/2024-25/q2_logs/daily_q2_stats_2024-12-05.parquet
2025-12-14 20:34:18 [INFO] root: [44/216] Fetching Q2 for 2024-12-06 (Season: 2024-25)...
2025-12-14 20:34:25 [INFO] root: Successfully saved prop_data/2024-25/q2_logs/daily_q2_stats_2024-12-06.parquet
2025-12-14 20:34:26 [INFO] root: [45/216] Fetching Q2 for 2024-12-07 (Season: 2024-25)...
2025-12-14 20:34:32 [INFO] root: Successfully saved prop_data/2024-25/q2_logs/daily_q2_stats_2024-12-07.parquet
2025-12-14 20:34:33 [INFO] root: [46/216] Fetching Q2 for 2024-12-08 (Season: 2024-25)...
2025-12-14 20:34:38 [INFO] root: Successfully saved prop_data/2024-25/q2_logs/daily_q2_stats_2024-12-08.parquet
2025-12-14 20:34:39 [INFO] root: [47/216] Fetching Q2 for 2024-12-09 (Season: 2024-25)...
2025-12-14 20:34:44 [INFO] root: Successfully saved prop_data/2024-25/q2_logs/daily_q2_stats_2024-12-09.parquet
2025-12-14 20:34:45 [INFO] root: [48/216] Fetching Q2 for 2024-12-10 (Season: 2024-25)...
2025-12-14 20:34:50 [INFO] root: Successfully saved prop_data/2024-25/q2_logs/daily_q2_stats_2024-12-10.parquet
2025-12-14 20:34:52 [INFO] root: [49/216] Fetching Q2 for 2024-12-11 (Season: 2024-25)...
2025-12-14 20:34:59 [INFO] root: Successfully saved prop_data/2024-25/q2_logs/daily_q2_stats_2024-12-11.parquet
2025-12-14 20:35:00 [INFO] root: [50/216] Fetching Q2 for 2024-12-12 (Season: 2024-25)...
2025-12-14 20:35:05 [INFO] root: Successfully saved prop_data/2024-25/q2_logs/daily_q2_stats_2024-12-12.parquet
2025-12-14 20:35:06 [INFO] root: [51/216] Fetching Q2 for 2024-12-13 (Season: 2024-25)...
2025-12-14 20:35:13 [INFO] root: Successfully saved prop_data/2024-25/q2_logs/daily_q2_stats_2024-12-13.parquet
2025-12-14 20:35:14 [INFO] root: [52/216] Fetching Q2 for 2024-12-14 (Season: 2024-25)...
2025-12-14 20:35:19 [INFO] root: Successfully saved prop_data/2024-25/q2_logs/daily_q2_stats_2024-12-14.parquet
2025-12-14 20:35:20 [INFO] root: [53/216] Fetching Q2 for 2024-12-15 (Season: 2024-25)...
2025-12-14 20:35:26 [INFO] root: Successfully saved prop_data/2024-25/q2_logs/daily_q2_stats_2024-12-15.parquet
2025-12-14 20:35:27 [INFO] root: [54/216] Fetching Q2 for 2024-12-16 (Season: 2024-25)...
2025-12-14 20:35:34 [INFO] root: Successfully saved prop_data/2024-25/q2_logs/daily_q2_stats_2024-12-16.parquet
2025-12-14 20:35:35 [INFO] root: [55/216] Fetching Q2 for 2024-12-19 (Season: 2024-25)...
2025-12-14 20:35:46 [INFO] root: Successfully saved prop_data/2024-25/q2_logs/daily_q2_stats_2024-12-19.parquet
2025-12-14 20:35:47 [INFO] root: [56/216] Fetching Q2 for 2024-12-20 (Season: 2024-25)...
2025-12-14 20:35:55 [INFO] root: Successfully saved prop_data/2024-25/q2_logs/daily_q2_stats_2024-12-20.parquet
2025-12-14 20:35:56 [INFO] root: [57/216] Fetching Q2 for 2024-12-21 (Season: 2024-25)...
2025-12-14 20:36:02 [INFO] root: Successfully saved prop_data/2024-25/q2_logs/daily_q2_stats_2024-12-21.parquet
2025-12-14 20:36:02 [INFO] root: [58/216] Fetching Q2 for 2024-12-22 (Season: 2024-25)...
2025-12-14 20:36:09 [INFO] root: Successfully saved prop_data/2024-25/q2_logs/daily_q2_stats_2024-12-22.parquet
2025-12-14 20:36:10 [INFO] root: [59/216] Fetching Q2 for 2024-12-23 (Season: 2024-25)...
2025-12-14 20:36:18 [INFO] root: Successfully saved prop_data/2024-25/q2_logs/daily_q2_stats_2024-12-23.parquet
2025-12-14 20:36:20 [INFO] root: [60/216] Fetching Q2 for 2024-12-25 (Season: 2024-25)...
2025-12-14 20:36:25 [INFO] root: Successfully saved prop_data/2024-25/q2_logs/daily_q2_stats_2024-12-25.parquet
2025-12-14 20:36:26 [INFO] root: [61/216] Fetching Q2 for 2024-12-26 (Season: 2024-25)...
2025-12-14 20:36:32 [INFO] root: Successfully saved prop_data/2024-25/q2_logs/daily_q2_stats_2024-12-26.parquet
2025-12-14 20:36:33 [INFO] root: [62/216] Fetching Q2 for 2024-12-27 (Season: 2024-25)...
2025-12-14 20:36:40 [INFO] root: Successfully saved prop_data/2024-25/q2_logs/daily_q2_stats_2024-12-27.parquet
2025-12-14 20:36:41 [INFO] root: [63/216] Fetching Q2 for 2024-12-28 (Season: 2024-25)...
2025-12-14 20:36:46 [INFO] root: Successfully saved prop_data/2024-25/q2_logs/daily_q2_stats_2024-12-28.parquet
2025-12-14 20:36:47 [INFO] root: [64/216] Fetching Q2 for 2024-12-29 (Season: 2024-25)...
2025-12-14 20:36:51 [INFO] root: Successfully saved prop_data/2024-25/q2_logs/daily_q2_stats_2024-12-29.parquet
2025-12-14 20:36:52 [INFO] root: [65/216] Fetching Q2 for 2024-12-30 (Season: 2024-25)...
2025-12-14 20:37:00 [INFO] root: Successfully saved prop_data/2024-25/q2_logs/daily_q2_stats_2024-12-30.parquet
2025-12-14 20:37:02 [INFO] root: [66/216] Fetching Q2 for 2024-12-31 (Season: 2024-25)...
2025-12-14 20:37:08 [INFO] root: Successfully saved prop_data/2024-25/q2_logs/daily_q2_stats_2024-12-31.parquet
2025-12-14 20:37:09 [INFO] root: [67/216] Fetching Q2 for 2025-01-01 (Season: 2024-25)...
2025-12-14 20:37:15 [INFO] root: Successfully saved prop_data/2024-25/q2_logs/daily_q2_stats_2025-01-01.parquet
2025-12-14 20:37:16 [INFO] root: [68/216] Fetching Q2 for 2025-01-02 (Season: 2024-25)...
2025-12-14 20:37:23 [INFO] root: Successfully saved prop_data/2024-25/q2_logs/daily_q2_stats_2025-01-02.parquet
2025-12-14 20:37:24 [INFO] root: [69/216] Fetching Q2 for 2025-01-03 (Season: 2024-25)...
2025-12-14 20:37:34 [INFO] root: Successfully saved prop_data/2024-25/q2_logs/daily_q2_stats_2025-01-03.parquet
2025-12-14 20:37:35 [INFO] root: [70/216] Fetching Q2 for 2025-01-04 (Season: 2024-25)...
2025-12-14 20:37:41 [INFO] root: Successfully saved prop_data/2024-25/q2_logs/daily_q2_stats_2025-01-04.parquet
2025-12-14 20:37:42 [INFO] root: [71/216] Fetching Q2 for 2025-01-05 (Season: 2024-25)...
2025-12-14 20:37:48 [INFO] root: Successfully saved prop_data/2024-25/q2_logs/daily_q2_stats_2025-01-05.parquet
2025-12-14 20:37:49 [INFO] root: [72/216] Fetching Q2 for 2025-01-06 (Season: 2024-25)...
2025-12-14 20:37:56 [INFO] root: Successfully saved prop_data/2024-25/q2_logs/daily_q2_stats_2025-01-06.parquet
2025-12-14 20:37:57 [INFO] root: [73/216] Fetching Q2 for 2025-01-07 (Season: 2024-25)...
2025-12-14 20:38:02 [INFO] root: Successfully saved prop_data/2024-25/q2_logs/daily_q2_stats_2025-01-07.parquet
2025-12-14 20:38:03 [INFO] root: [74/216] Fetching Q2 for 2025-01-08 (Season: 2024-25)...
2025-12-14 20:38:09 [INFO] root: Successfully saved prop_data/2024-25/q2_logs/daily_q2_stats_2025-01-08.parquet
2025-12-14 20:38:10 [INFO] root: [75/216] Fetching Q2 for 2025-01-09 (Season: 2024-25)...
2025-12-14 20:38:16 [INFO] root: Successfully saved prop_data/2024-25/q2_logs/daily_q2_stats_2025-01-09.parquet
2025-12-14 20:38:18 [INFO] root: [76/216] Fetching Q2 for 2025-01-10 (Season: 2024-25)...
2025-12-14 20:38:24 [INFO] root: Successfully saved prop_data/2024-25/q2_logs/daily_q2_stats_2025-01-10.parquet
2025-12-14 20:38:25 [INFO] root: [77/216] Fetching Q2 for 2025-01-11 (Season: 2024-25)...
2025-12-14 20:38:32 [INFO] root: Successfully saved prop_data/2024-25/q2_logs/daily_q2_stats_2025-01-11.parquet
2025-12-14 20:38:33 [INFO] root: [78/216] Fetching Q2 for 2025-01-12 (Season: 2024-25)...
2025-12-14 20:38:41 [INFO] root: Successfully saved prop_data/2024-25/q2_logs/daily_q2_stats_2025-01-12.parquet
2025-12-14 20:38:42 [INFO] root: [79/216] Fetching Q2 for 2025-01-13 (Season: 2024-25)...
2025-12-14 20:38:47 [INFO] root: Successfully saved prop_data/2024-25/q2_logs/daily_q2_stats_2025-01-13.parquet
2025-12-14 20:38:48 [INFO] root: [80/216] Fetching Q2 for 2025-01-14 (Season: 2024-25)...
2025-12-14 20:38:54 [INFO] root: Successfully saved prop_data/2024-25/q2_logs/daily_q2_stats_2025-01-14.parquet
2025-12-14 20:38:54 [INFO] root: [81/216] Fetching Q2 for 2025-01-15 (Season: 2024-25)...
2025-12-14 20:39:02 [INFO] root: Successfully saved prop_data/2024-25/q2_logs/daily_q2_stats_2025-01-15.parquet
2025-12-14 20:39:03 [INFO] root: [82/216] Fetching Q2 for 2025-01-16 (Season: 2024-25)...
2025-12-14 20:39:09 [INFO] root: Successfully saved prop_data/2024-25/q2_logs/daily_q2_stats_2025-01-16.parquet
2025-12-14 20:39:10 [INFO] root: [83/216] Fetching Q2 for 2025-01-17 (Season: 2024-25)...
2025-12-14 20:39:17 [INFO] root: Successfully saved prop_data/2024-25/q2_logs/daily_q2_stats_2025-01-17.parquet
2025-12-14 20:39:18 [INFO] root: [84/216] Fetching Q2 for 2025-01-18 (Season: 2024-25)...
2025-12-14 20:39:27 [INFO] root: Successfully saved prop_data/2024-25/q2_logs/daily_q2_stats_2025-01-18.parquet
2025-12-14 20:39:28 [INFO] root: [85/216] Fetching Q2 for 2025-01-19 (Season: 2024-25)...
2025-12-14 20:39:39 [INFO] root: Successfully saved prop_data/2024-25/q2_logs/daily_q2_stats_2025-01-19.parquet
2025-12-14 20:39:40 [INFO] root: [86/216] Fetching Q2 for 2025-01-20 (Season: 2024-25)...
2025-12-14 20:39:46 [INFO] root: Successfully saved prop_data/2024-25/q2_logs/daily_q2_stats_2025-01-20.parquet
2025-12-14 20:39:47 [INFO] root: [87/216] Fetching Q2 for 2025-01-21 (Season: 2024-25)...
2025-12-14 20:39:55 [INFO] root: Successfully saved prop_data/2024-25/q2_logs/daily_q2_stats_2025-01-21.parquet
2025-12-14 20:39:56 [INFO] root: [88/216] Fetching Q2 for 2025-01-22 (Season: 2024-25)...
2025-12-14 20:40:02 [INFO] root: Successfully saved prop_data/2024-25/q2_logs/daily_q2_stats_2025-01-22.parquet
2025-12-14 20:40:03 [INFO] root: [89/216] Fetching Q2 for 2025-01-23 (Season: 2024-25)...
2025-12-14 20:40:11 [INFO] root: Successfully saved prop_data/2024-25/q2_logs/daily_q2_stats_2025-01-23.parquet
2025-12-14 20:40:12 [INFO] root: [90/216] Fetching Q2 for 2025-01-24 (Season: 2024-25)...
2025-12-14 20:40:32 [ERROR] root: Failed to fetch 2025-01-24: HTTPSConnectionPool(host='stats.nba.com', port=443): Read timed out. (read timeout=20)
2025-12-14 20:40:34 [INFO] root: [91/216] Fetching Q2 for 2025-01-25 (Season: 2024-25)...
2025-12-14 20:40:45 [INFO] root: Successfully saved prop_data/2024-25/q2_logs/daily_q2_stats_2025-01-25.parquet
2025-12-14 20:40:46 [INFO] root: [92/216] Fetching Q2 for 2025-01-26 (Season: 2024-25)...
2025-12-14 20:40:51 [INFO] root: Successfully saved prop_data/2024-25/q2_logs/daily_q2_stats_2025-01-26.parquet
2025-12-14 20:40:52 [INFO] root: [93/216] Fetching Q2 for 2025-01-27 (Season: 2024-25)...
2025-12-14 20:40:57 [INFO] root: Successfully saved prop_data/2024-25/q2_logs/daily_q2_stats_2025-01-27.parquet
2025-12-14 20:40:59 [INFO] root: [94/216] Fetching Q2 for 2025-01-28 (Season: 2024-25)...
2025-12-14 20:41:05 [INFO] root: Successfully saved prop_data/2024-25/q2_logs/daily_q2_stats_2025-01-28.parquet
2025-12-14 20:41:06 [INFO] root: [95/216] Fetching Q2 for 2025-01-29 (Season: 2024-25)...
2025-12-14 20:41:11 [INFO] root: Successfully saved prop_data/2024-25/q2_logs/daily_q2_stats_2025-01-29.parquet
2025-12-14 20:41:12 [INFO] root: [96/216] Fetching Q2 for 2025-01-30 (Season: 2024-25)...
2025-12-14 20:41:18 [INFO] root: Successfully saved prop_data/2024-25/q2_logs/daily_q2_stats_2025-01-30.parquet
2025-12-14 20:41:19 [INFO] root: [97/216] Fetching Q2 for 2025-01-31 (Season: 2024-25)...
2025-12-14 20:41:28 [INFO] root: Successfully saved prop_data/2024-25/q2_logs/daily_q2_stats_2025-01-31.parquet
2025-12-14 20:41:29 [INFO] root: [98/216] Fetching Q2 for 2025-02-01 (Season: 2024-25)...
2025-12-14 20:41:34 [INFO] root: Successfully saved prop_data/2024-25/q2_logs/daily_q2_stats_2025-02-01.parquet
2025-12-14 20:41:35 [INFO] root: [99/216] Fetching Q2 for 2025-02-02 (Season: 2024-25)...
2025-12-14 20:41:41 [INFO] root: Successfully saved prop_data/2024-25/q2_logs/daily_q2_stats_2025-02-02.parquet
2025-12-14 20:41:42 [INFO] root: [100/216] Fetching Q2 for 2025-02-03 (Season: 2024-25)...
2025-12-14 20:41:50 [INFO] root: Successfully saved prop_data/2024-25/q2_logs/daily_q2_stats_2025-02-03.parquet
2025-12-14 20:41:51 [INFO] root: [101/216] Fetching Q2 for 2025-02-04 (Season: 2024-25)...
2025-12-14 20:41:58 [INFO] root: Successfully saved prop_data/2024-25/q2_logs/daily_q2_stats_2025-02-04.parquet
2025-12-14 20:41:59 [INFO] root: [102/216] Fetching Q2 for 2025-02-05 (Season: 2024-25)...
2025-12-14 20:42:05 [INFO] root: Successfully saved prop_data/2024-25/q2_logs/daily_q2_stats_2025-02-05.parquet
2025-12-14 20:42:06 [INFO] root: [103/216] Fetching Q2 for 2025-02-06 (Season: 2024-25)...
2025-12-14 20:42:10 [INFO] root: Successfully saved prop_data/2024-25/q2_logs/daily_q2_stats_2025-02-06.parquet
2025-12-14 20:42:11 [INFO] root: [104/216] Fetching Q2 for 2025-02-07 (Season: 2024-25)...
2025-12-14 20:42:17 [INFO] root: Successfully saved prop_data/2024-25/q2_logs/daily_q2_stats_2025-02-07.parquet
2025-12-14 20:42:18 [INFO] root: [105/216] Fetching Q2 for 2025-02-08 (Season: 2024-25)...
2025-12-14 20:42:29 [INFO] root: Successfully saved prop_data/2024-25/q2_logs/daily_q2_stats_2025-02-08.parquet
2025-12-14 20:42:30 [INFO] root: [106/216] Fetching Q2 for 2025-02-09 (Season: 2024-25)...
2025-12-14 20:42:38 [INFO] root: Successfully saved prop_data/2024-25/q2_logs/daily_q2_stats_2025-02-09.parquet
2025-12-14 20:42:39 [INFO] root: [107/216] Fetching Q2 for 2025-02-10 (Season: 2024-25)...
2025-12-14 20:42:45 [INFO] root: Successfully saved prop_data/2024-25/q2_logs/daily_q2_stats_2025-02-10.parquet
2025-12-14 20:42:46 [INFO] root: [108/216] Fetching Q2 for 2025-02-11 (Season: 2024-25)...
2025-12-14 20:42:51 [INFO] root: Successfully saved prop_data/2024-25/q2_logs/daily_q2_stats_2025-02-11.parquet
2025-12-14 20:42:52 [INFO] root: [109/216] Fetching Q2 for 2025-02-12 (Season: 2024-25)...
2025-12-14 20:43:00 [INFO] root: Successfully saved prop_data/2024-25/q2_logs/daily_q2_stats_2025-02-12.parquet
2025-12-14 20:43:02 [INFO] root: [110/216] Fetching Q2 for 2025-02-13 (Season: 2024-25)...
2025-12-14 20:43:06 [INFO] root: Successfully saved prop_data/2024-25/q2_logs/daily_q2_stats_2025-02-13.parquet
2025-12-14 20:43:07 [INFO] root: [111/216] Fetching Q2 for 2025-02-19 (Season: 2024-25)...
2025-12-14 20:43:12 [INFO] root: Successfully saved prop_data/2024-25/q2_logs/daily_q2_stats_2025-02-19.parquet
2025-12-14 20:43:12 [INFO] root: [112/216] Fetching Q2 for 2025-02-20 (Season: 2024-25)...
2025-12-14 20:45:17 [ERROR] root: Failed to fetch 2025-02-20: HTTPSConnectionPool(host='stats.nba.com', port=443): Read timed out. (read timeout=20)
2025-12-14 20:45:19 [INFO] root: [113/216] Fetching Q2 for 2025-02-21 (Season: 2024-25)...
2025-12-14 20:45:25 [INFO] root: Successfully saved prop_data/2024-25/q2_logs/daily_q2_stats_2025-02-21.parquet
2025-12-14 20:45:26 [INFO] root: [114/216] Fetching Q2 for 2025-02-22 (Season: 2024-25)...
2025-12-14 20:45:32 [INFO] root: Successfully saved prop_data/2024-25/q2_logs/daily_q2_stats_2025-02-22.parquet
2025-12-14 20:45:33 [INFO] root: [115/216] Fetching Q2 for 2025-02-23 (Season: 2024-25)...
2025-12-14 20:45:38 [INFO] root: Successfully saved prop_data/2024-25/q2_logs/daily_q2_stats_2025-02-23.parquet
2025-12-14 20:45:40 [INFO] root: [116/216] Fetching Q2 for 2025-02-24 (Season: 2024-25)...
2025-12-14 20:45:53 [INFO] root: Successfully saved prop_data/2024-25/q2_logs/daily_q2_stats_2025-02-24.parquet
2025-12-14 20:45:55 [INFO] root: [117/216] Fetching Q2 for 2025-02-25 (Season: 2024-25)...
2025-12-14 20:45:59 [INFO] root: Successfully saved prop_data/2024-25/q2_logs/daily_q2_stats_2025-02-25.parquet
2025-12-14 20:46:01 [INFO] root: [118/216] Fetching Q2 for 2025-02-26 (Season: 2024-25)...
2025-12-14 20:46:10 [INFO] root: Successfully saved prop_data/2024-25/q2_logs/daily_q2_stats_2025-02-26.parquet
2025-12-14 20:46:11 [INFO] root: [119/216] Fetching Q2 for 2025-02-27 (Season: 2024-25)...
2025-12-14 20:46:17 [INFO] root: Successfully saved prop_data/2024-25/q2_logs/daily_q2_stats_2025-02-27.parquet
2025-12-14 20:46:18 [INFO] root: [120/216] Fetching Q2 for 2025-02-28 (Season: 2024-25)...
2025-12-14 20:46:24 [INFO] root: Successfully saved prop_data/2024-25/q2_logs/daily_q2_stats_2025-02-28.parquet
2025-12-14 20:46:25 [INFO] root: [121/216] Fetching Q2 for 2025-03-01 (Season: 2024-25)...
2025-12-14 20:46:30 [INFO] root: Successfully saved prop_data/2024-25/q2_logs/daily_q2_stats_2025-03-01.parquet
2025-12-14 20:46:32 [INFO] root: [122/216] Fetching Q2 for 2025-03-02 (Season: 2024-25)...
2025-12-14 20:46:39 [INFO] root: Successfully saved prop_data/2024-25/q2_logs/daily_q2_stats_2025-03-02.parquet
2025-12-14 20:46:40 [INFO] root: [123/216] Fetching Q2 for 2025-03-03 (Season: 2024-25)...
2025-12-14 20:46:47 [INFO] root: Successfully saved prop_data/2024-25/q2_logs/daily_q2_stats_2025-03-03.parquet
2025-12-14 20:46:49 [INFO] root: [124/216] Fetching Q2 for 2025-03-04 (Season: 2024-25)...
2025-12-14 20:46:58 [INFO] root: Successfully saved prop_data/2024-25/q2_logs/daily_q2_stats_2025-03-04.parquet
2025-12-14 20:46:59 [INFO] root: [125/216] Fetching Q2 for 2025-03-05 (Season: 2024-25)...
2025-12-14 20:47:05 [INFO] root: Successfully saved prop_data/2024-25/q2_logs/daily_q2_stats_2025-03-05.parquet
2025-12-14 20:47:07 [INFO] root: [126/216] Fetching Q2 for 2025-03-06 (Season: 2024-25)...
2025-12-14 20:47:12 [INFO] root: Successfully saved prop_data/2024-25/q2_logs/daily_q2_stats_2025-03-06.parquet
2025-12-14 20:47:14 [INFO] root: [127/216] Fetching Q2 for 2025-03-07 (Season: 2024-25)...
2025-12-14 20:47:21 [INFO] root: Successfully saved prop_data/2024-25/q2_logs/daily_q2_stats_2025-03-07.parquet
2025-12-14 20:47:22 [INFO] root: [128/216] Fetching Q2 for 2025-03-08 (Season: 2024-25)...
2025-12-14 20:47:29 [INFO] root: Successfully saved prop_data/2024-25/q2_logs/daily_q2_stats_2025-03-08.parquet
2025-12-14 20:47:30 [INFO] root: [129/216] Fetching Q2 for 2025-03-09 (Season: 2024-25)...
2025-12-14 20:47:35 [INFO] root: Successfully saved prop_data/2024-25/q2_logs/daily_q2_stats_2025-03-09.parquet
2025-12-14 20:47:36 [INFO] root: [130/216] Fetching Q2 for 2025-03-10 (Season: 2024-25)...
2025-12-14 20:47:41 [INFO] root: Successfully saved prop_data/2024-25/q2_logs/daily_q2_stats_2025-03-10.parquet
2025-12-14 20:47:42 [INFO] root: [131/216] Fetching Q2 for 2025-03-11 (Season: 2024-25)...
2025-12-14 20:47:50 [INFO] root: Successfully saved prop_data/2024-25/q2_logs/daily_q2_stats_2025-03-11.parquet
2025-12-14 20:47:51 [INFO] root: [132/216] Fetching Q2 for 2025-03-12 (Season: 2024-25)...
2025-12-14 20:47:58 [INFO] root: Successfully saved prop_data/2024-25/q2_logs/daily_q2_stats_2025-03-12.parquet
2025-12-14 20:47:59 [INFO] root: [133/216] Fetching Q2 for 2025-03-13 (Season: 2024-25)...
2025-12-14 20:48:04 [INFO] root: Successfully saved prop_data/2024-25/q2_logs/daily_q2_stats_2025-03-13.parquet
2025-12-14 20:48:06 [INFO] root: [134/216] Fetching Q2 for 2025-03-14 (Season: 2024-25)...
2025-12-14 20:48:13 [INFO] root: Successfully saved prop_data/2024-25/q2_logs/daily_q2_stats_2025-03-14.parquet
2025-12-14 20:48:13 [INFO] root: [135/216] Fetching Q2 for 2025-03-15 (Season: 2024-25)...
2025-12-14 20:48:20 [INFO] root: Successfully saved prop_data/2024-25/q2_logs/daily_q2_stats_2025-03-15.parquet
2025-12-14 20:48:21 [INFO] root: [136/216] Fetching Q2 for 2025-03-16 (Season: 2024-25)...
2025-12-14 20:48:25 [INFO] root: Successfully saved prop_data/2024-25/q2_logs/daily_q2_stats_2025-03-16.parquet
2025-12-14 20:48:26 [INFO] root: [137/216] Fetching Q2 for 2025-03-17 (Season: 2024-25)...
2025-12-14 20:48:30 [INFO] root: Successfully saved prop_data/2024-25/q2_logs/daily_q2_stats_2025-03-17.parquet
2025-12-14 20:48:31 [INFO] root: [138/216] Fetching Q2 for 2025-03-18 (Season: 2024-25)...
2025-12-14 20:48:37 [INFO] root: Successfully saved prop_data/2024-25/q2_logs/daily_q2_stats_2025-03-18.parquet
2025-12-14 20:48:38 [INFO] root: [139/216] Fetching Q2 for 2025-03-19 (Season: 2024-25)...
2025-12-14 20:48:46 [INFO] root: Successfully saved prop_data/2024-25/q2_logs/daily_q2_stats_2025-03-19.parquet
2025-12-14 20:48:46 [INFO] root: [140/216] Fetching Q2 for 2025-03-20 (Season: 2024-25)...
2025-12-14 20:48:53 [INFO] root: Successfully saved prop_data/2024-25/q2_logs/daily_q2_stats_2025-03-20.parquet
2025-12-14 20:48:54 [INFO] root: [141/216] Fetching Q2 for 2025-03-21 (Season: 2024-25)...
2025-12-14 20:49:00 [INFO] root: Successfully saved prop_data/2024-25/q2_logs/daily_q2_stats_2025-03-21.parquet
2025-12-14 20:49:00 [INFO] root: [142/216] Fetching Q2 for 2025-03-22 (Season: 2024-25)...
2025-12-14 20:49:07 [INFO] root: Successfully saved prop_data/2024-25/q2_logs/daily_q2_stats_2025-03-22.parquet
2025-12-14 20:49:08 [INFO] root: [143/216] Fetching Q2 for 2025-03-23 (Season: 2024-25)...
2025-12-14 20:49:13 [INFO] root: Successfully saved prop_data/2024-25/q2_logs/daily_q2_stats_2025-03-23.parquet
2025-12-14 20:49:14 [INFO] root: [144/216] Fetching Q2 for 2025-03-24 (Season: 2024-25)...
2025-12-14 20:49:19 [INFO] root: Successfully saved prop_data/2024-25/q2_logs/daily_q2_stats_2025-03-24.parquet
2025-12-14 20:49:21 [INFO] root: [145/216] Fetching Q2 for 2025-03-25 (Season: 2024-25)...
2025-12-14 20:49:34 [INFO] root: Successfully saved prop_data/2024-25/q2_logs/daily_q2_stats_2025-03-25.parquet
2025-12-14 20:49:35 [INFO] root: [146/216] Fetching Q2 for 2025-03-26 (Season: 2024-25)...
2025-12-14 20:49:42 [INFO] root: Successfully saved prop_data/2024-25/q2_logs/daily_q2_stats_2025-03-26.parquet
2025-12-14 20:49:43 [INFO] root: [147/216] Fetching Q2 for 2025-03-27 (Season: 2024-25)...
2025-12-14 20:49:50 [INFO] root: Successfully saved prop_data/2024-25/q2_logs/daily_q2_stats_2025-03-27.parquet
2025-12-14 20:49:50 [INFO] root: [148/216] Fetching Q2 for 2025-03-28 (Season: 2024-25)...
2025-12-14 20:49:56 [INFO] root: Successfully saved prop_data/2024-25/q2_logs/daily_q2_stats_2025-03-28.parquet
2025-12-14 20:49:57 [INFO] root: [149/216] Fetching Q2 for 2025-03-29 (Season: 2024-25)...
2025-12-14 20:50:05 [INFO] root: Successfully saved prop_data/2024-25/q2_logs/daily_q2_stats_2025-03-29.parquet
2025-12-14 20:50:06 [INFO] root: [150/216] Fetching Q2 for 2025-03-30 (Season: 2024-25)...
2025-12-14 20:50:14 [INFO] root: Successfully saved prop_data/2024-25/q2_logs/daily_q2_stats_2025-03-30.parquet
2025-12-14 20:50:15 [INFO] root: [151/216] Fetching Q2 for 2025-03-31 (Season: 2024-25)...
2025-12-14 20:50:21 [INFO] root: Successfully saved prop_data/2024-25/q2_logs/daily_q2_stats_2025-03-31.parquet
2025-12-14 20:50:22 [INFO] root: [152/216] Fetching Q2 for 2025-04-01 (Season: 2024-25)...
2025-12-14 20:50:30 [INFO] root: Successfully saved prop_data/2024-25/q2_logs/daily_q2_stats_2025-04-01.parquet
2025-12-14 20:50:32 [INFO] root: [153/216] Fetching Q2 for 2025-04-02 (Season: 2024-25)...
2025-12-14 20:50:37 [INFO] root: Successfully saved prop_data/2024-25/q2_logs/daily_q2_stats_2025-04-02.parquet
2025-12-14 20:50:38 [INFO] root: [154/216] Fetching Q2 for 2025-04-03 (Season: 2024-25)...
2025-12-14 20:50:44 [INFO] root: Successfully saved prop_data/2024-25/q2_logs/daily_q2_stats_2025-04-03.parquet
2025-12-14 20:50:45 [INFO] root: [155/216] Fetching Q2 for 2025-04-04 (Season: 2024-25)...
2025-12-14 20:50:50 [INFO] root: Successfully saved prop_data/2024-25/q2_logs/daily_q2_stats_2025-04-04.parquet
2025-12-14 20:50:51 [INFO] root: [156/216] Fetching Q2 for 2025-04-05 (Season: 2024-25)...
2025-12-14 20:50:57 [INFO] root: Successfully saved prop_data/2024-25/q2_logs/daily_q2_stats_2025-04-05.parquet
2025-12-14 20:50:57 [INFO] root: [157/216] Fetching Q2 for 2025-04-06 (Season: 2024-25)...
2025-12-14 20:51:03 [INFO] root: Successfully saved prop_data/2024-25/q2_logs/daily_q2_stats_2025-04-06.parquet
2025-12-14 20:51:05 [INFO] root: [158/216] Fetching Q2 for 2025-04-07 (Season: 2024-25)...
2025-12-14 20:51:09 [INFO] root: Successfully saved prop_data/2024-25/q2_logs/daily_q2_stats_2025-04-07.parquet
2025-12-14 20:51:11 [INFO] root: [159/216] Fetching Q2 for 2025-04-08 (Season: 2024-25)...
2025-12-14 20:51:16 [INFO] root: Successfully saved prop_data/2024-25/q2_logs/daily_q2_stats_2025-04-08.parquet
2025-12-14 20:51:17 [INFO] root: [160/216] Fetching Q2 for 2025-04-09 (Season: 2024-25)...
2025-12-14 20:51:22 [INFO] root: Successfully saved prop_data/2024-25/q2_logs/daily_q2_stats_2025-04-09.parquet
2025-12-14 20:51:23 [INFO] root: [161/216] Fetching Q2 for 2025-04-10 (Season: 2024-25)...
2025-12-14 20:51:28 [INFO] root: Successfully saved prop_data/2024-25/q2_logs/daily_q2_stats_2025-04-10.parquet
2025-12-14 20:51:30 [INFO] root: [162/216] Fetching Q2 for 2025-04-11 (Season: 2024-25)...
2025-12-14 20:51:35 [INFO] root: Successfully saved prop_data/2024-25/q2_logs/daily_q2_stats_2025-04-11.parquet
2025-12-14 20:51:36 [INFO] root: [163/216] Fetching Q2 for 2025-04-13 (Season: 2024-25)...
2025-12-14 20:51:42 [INFO] root: Successfully saved prop_data/2024-25/q2_logs/daily_q2_stats_2025-04-13.parquet
2025-12-14 20:51:43 [INFO] root: [164/216] Fetching Q2 for 2025-10-21 (Season: 2025-26)...
2025-12-14 20:51:47 [INFO] root: Successfully saved prop_data/2025-26/q2_logs/daily_q2_stats_2025-10-21.parquet
2025-12-14 20:51:48 [INFO] root: [165/216] Fetching Q2 for 2025-10-22 (Season: 2025-26)...
2025-12-14 20:51:56 [INFO] root: Successfully saved prop_data/2025-26/q2_logs/daily_q2_stats_2025-10-22.parquet
2025-12-14 20:51:57 [INFO] root: [166/216] Fetching Q2 for 2025-10-23 (Season: 2025-26)...
2025-12-14 20:52:03 [INFO] root: Successfully saved prop_data/2025-26/q2_logs/daily_q2_stats_2025-10-23.parquet
2025-12-14 20:52:04 [INFO] root: [167/216] Fetching Q2 for 2025-10-24 (Season: 2025-26)...
2025-12-14 20:52:10 [INFO] root: Successfully saved prop_data/2025-26/q2_logs/daily_q2_stats_2025-10-24.parquet
2025-12-14 20:52:11 [INFO] root: [168/216] Fetching Q2 for 2025-10-25 (Season: 2025-26)...
2025-12-14 20:52:16 [INFO] root: Successfully saved prop_data/2025-26/q2_logs/daily_q2_stats_2025-10-25.parquet
2025-12-14 20:52:17 [INFO] root: [169/216] Fetching Q2 for 2025-10-26 (Season: 2025-26)...
2025-12-14 20:52:23 [INFO] root: Successfully saved prop_data/2025-26/q2_logs/daily_q2_stats_2025-10-26.parquet
2025-12-14 20:52:23 [INFO] root: [170/216] Fetching Q2 for 2025-10-27 (Season: 2025-26)...
2025-12-14 20:52:30 [INFO] root: Successfully saved prop_data/2025-26/q2_logs/daily_q2_stats_2025-10-27.parquet
2025-12-14 20:52:31 [INFO] root: [171/216] Fetching Q2 for 2025-10-28 (Season: 2025-26)...
2025-12-14 20:52:37 [INFO] root: Successfully saved prop_data/2025-26/q2_logs/daily_q2_stats_2025-10-28.parquet
2025-12-14 20:52:38 [INFO] root: [172/216] Fetching Q2 for 2025-10-29 (Season: 2025-26)...
2025-12-14 20:52:43 [INFO] root: Successfully saved prop_data/2025-26/q2_logs/daily_q2_stats_2025-10-29.parquet
2025-12-14 20:52:44 [INFO] root: [173/216] Fetching Q2 for 2025-10-30 (Season: 2025-26)...
2025-12-14 20:52:49 [INFO] root: Successfully saved prop_data/2025-26/q2_logs/daily_q2_stats_2025-10-30.parquet
2025-12-14 20:52:51 [INFO] root: [174/216] Fetching Q2 for 2025-10-31 (Season: 2025-26)...
2025-12-14 20:52:55 [INFO] root: Successfully saved prop_data/2025-26/q2_logs/daily_q2_stats_2025-10-31.parquet
2025-12-14 20:52:56 [INFO] root: [175/216] Fetching Q2 for 2025-11-01 (Season: 2025-26)...
2025-12-14 20:53:00 [INFO] root: Successfully saved prop_data/2025-26/q2_logs/daily_q2_stats_2025-11-01.parquet
2025-12-14 20:53:02 [INFO] root: [176/216] Fetching Q2 for 2025-11-02 (Season: 2025-26)...
2025-12-14 20:53:06 [INFO] root: Successfully saved prop_data/2025-26/q2_logs/daily_q2_stats_2025-11-02.parquet
2025-12-14 20:53:08 [INFO] root: [177/216] Fetching Q2 for 2025-11-03 (Season: 2025-26)...
2025-12-14 20:53:12 [INFO] root: Successfully saved prop_data/2025-26/q2_logs/daily_q2_stats_2025-11-03.parquet
2025-12-14 20:53:13 [INFO] root: [178/216] Fetching Q2 for 2025-11-04 (Season: 2025-26)...
2025-12-14 20:53:18 [INFO] root: Successfully saved prop_data/2025-26/q2_logs/daily_q2_stats_2025-11-04.parquet
2025-12-14 20:53:19 [INFO] root: [179/216] Fetching Q2 for 2025-11-05 (Season: 2025-26)...
2025-12-14 20:53:27 [INFO] root: Successfully saved prop_data/2025-26/q2_logs/daily_q2_stats_2025-11-05.parquet
2025-12-14 20:53:28 [INFO] root: [180/216] Fetching Q2 for 2025-11-06 (Season: 2025-26)...
2025-12-14 20:53:33 [INFO] root: Successfully saved prop_data/2025-26/q2_logs/daily_q2_stats_2025-11-06.parquet
2025-12-14 20:53:35 [INFO] root: [181/216] Fetching Q2 for 2025-11-07 (Season: 2025-26)...
2025-12-14 20:53:39 [INFO] root: Successfully saved prop_data/2025-26/q2_logs/daily_q2_stats_2025-11-07.parquet
2025-12-14 20:53:41 [INFO] root: [182/216] Fetching Q2 for 2025-11-08 (Season: 2025-26)...
2025-12-14 20:53:50 [INFO] root: Successfully saved prop_data/2025-26/q2_logs/daily_q2_stats_2025-11-08.parquet
2025-12-14 20:53:51 [INFO] root: [183/216] Fetching Q2 for 2025-11-09 (Season: 2025-26)...
2025-12-14 20:53:55 [INFO] root: Successfully saved prop_data/2025-26/q2_logs/daily_q2_stats_2025-11-09.parquet
2025-12-14 20:53:56 [INFO] root: [184/216] Fetching Q2 for 2025-11-10 (Season: 2025-26)...
2025-12-14 20:54:04 [INFO] root: Successfully saved prop_data/2025-26/q2_logs/daily_q2_stats_2025-11-10.parquet
2025-12-14 20:54:06 [INFO] root: [185/216] Fetching Q2 for 2025-11-11 (Season: 2025-26)...
2025-12-14 20:54:13 [INFO] root: Successfully saved prop_data/2025-26/q2_logs/daily_q2_stats_2025-11-11.parquet
2025-12-14 20:54:15 [INFO] root: [186/216] Fetching Q2 for 2025-11-12 (Season: 2025-26)...
2025-12-14 20:54:19 [INFO] root: Successfully saved prop_data/2025-26/q2_logs/daily_q2_stats_2025-11-12.parquet
2025-12-14 20:54:21 [INFO] root: [187/216] Fetching Q2 for 2025-11-13 (Season: 2025-26)...
2025-12-14 20:54:28 [INFO] root: Successfully saved prop_data/2025-26/q2_logs/daily_q2_stats_2025-11-13.parquet
2025-12-14 20:54:29 [INFO] root: [188/216] Fetching Q2 for 2025-11-14 (Season: 2025-26)...
2025-12-14 20:54:37 [INFO] root: Successfully saved prop_data/2025-26/q2_logs/daily_q2_stats_2025-11-14.parquet
2025-12-14 20:54:37 [INFO] root: [189/216] Fetching Q2 for 2025-11-15 (Season: 2025-26)...
2025-12-14 20:54:48 [INFO] root: Successfully saved prop_data/2025-26/q2_logs/daily_q2_stats_2025-11-15.parquet
2025-12-14 20:54:50 [INFO] root: [190/216] Fetching Q2 for 2025-11-16 (Season: 2025-26)...
2025-12-14 20:54:55 [INFO] root: Successfully saved prop_data/2025-26/q2_logs/daily_q2_stats_2025-11-16.parquet
2025-12-14 20:54:56 [INFO] root: [191/216] Fetching Q2 for 2025-11-17 (Season: 2025-26)...
2025-12-14 20:55:04 [INFO] root: Successfully saved prop_data/2025-26/q2_logs/daily_q2_stats_2025-11-17.parquet
2025-12-14 20:55:05 [INFO] root: [192/216] Fetching Q2 for 2025-11-18 (Season: 2025-26)...
2025-12-14 20:55:12 [INFO] root: Successfully saved prop_data/2025-26/q2_logs/daily_q2_stats_2025-11-18.parquet
2025-12-14 20:55:13 [INFO] root: [193/216] Fetching Q2 for 2025-11-19 (Season: 2025-26)...
2025-12-14 20:55:19 [INFO] root: Successfully saved prop_data/2025-26/q2_logs/daily_q2_stats_2025-11-19.parquet
2025-12-14 20:55:20 [INFO] root: [194/216] Fetching Q2 for 2025-11-20 (Season: 2025-26)...
2025-12-14 20:55:27 [INFO] root: Successfully saved prop_data/2025-26/q2_logs/daily_q2_stats_2025-11-20.parquet
2025-12-14 20:55:28 [INFO] root: [195/216] Fetching Q2 for 2025-11-21 (Season: 2025-26)...
2025-12-14 20:55:33 [INFO] root: Successfully saved prop_data/2025-26/q2_logs/daily_q2_stats_2025-11-21.parquet
2025-12-14 20:55:34 [INFO] root: [196/216] Fetching Q2 for 2025-11-22 (Season: 2025-26)...
2025-12-14 20:55:40 [INFO] root: Successfully saved prop_data/2025-26/q2_logs/daily_q2_stats_2025-11-22.parquet
2025-12-14 20:55:41 [INFO] root: [197/216] Fetching Q2 for 2025-11-23 (Season: 2025-26)...
2025-12-14 20:55:46 [INFO] root: Successfully saved prop_data/2025-26/q2_logs/daily_q2_stats_2025-11-23.parquet
2025-12-14 20:55:48 [INFO] root: [198/216] Fetching Q2 for 2025-11-24 (Season: 2025-26)...
2025-12-14 20:55:53 [INFO] root: Successfully saved prop_data/2025-26/q2_logs/daily_q2_stats_2025-11-24.parquet
2025-12-14 20:55:54 [INFO] root: [199/216] Fetching Q2 for 2025-11-25 (Season: 2025-26)...
2025-12-14 20:56:05 [INFO] root: Successfully saved prop_data/2025-26/q2_logs/daily_q2_stats_2025-11-25.parquet
2025-12-14 20:56:05 [INFO] root: [200/216] Fetching Q2 for 2025-11-26 (Season: 2025-26)...
2025-12-14 20:56:12 [INFO] root: Successfully saved prop_data/2025-26/q2_logs/daily_q2_stats_2025-11-26.parquet
2025-12-14 20:56:13 [INFO] root: [201/216] Fetching Q2 for 2025-11-28 (Season: 2025-26)...
2025-12-14 20:56:18 [INFO] root: Successfully saved prop_data/2025-26/q2_logs/daily_q2_stats_2025-11-28.parquet
2025-12-14 20:56:19 [INFO] root: [202/216] Fetching Q2 for 2025-11-29 (Season: 2025-26)...
2025-12-14 20:56:25 [INFO] root: Successfully saved prop_data/2025-26/q2_logs/daily_q2_stats_2025-11-29.parquet
2025-12-14 20:56:26 [INFO] root: [203/216] Fetching Q2 for 2025-11-30 (Season: 2025-26)...
2025-12-14 20:56:31 [INFO] root: Successfully saved prop_data/2025-26/q2_logs/daily_q2_stats_2025-11-30.parquet
2025-12-14 20:56:32 [INFO] root: [204/216] Fetching Q2 for 2025-12-01 (Season: 2025-26)...
2025-12-14 20:56:37 [INFO] root: Successfully saved prop_data/2025-26/q2_logs/daily_q2_stats_2025-12-01.parquet
2025-12-14 20:56:38 [INFO] root: [205/216] Fetching Q2 for 2025-12-02 (Season: 2025-26)...
2025-12-14 20:56:45 [INFO] root: Successfully saved prop_data/2025-26/q2_logs/daily_q2_stats_2025-12-02.parquet
2025-12-14 20:56:46 [INFO] root: [206/216] Fetching Q2 for 2025-12-03 (Season: 2025-26)...
2025-12-14 20:56:51 [INFO] root: Successfully saved prop_data/2025-26/q2_logs/daily_q2_stats_2025-12-03.parquet
2025-12-14 20:56:52 [INFO] root: [207/216] Fetching Q2 for 2025-12-04 (Season: 2025-26)...
2025-12-14 20:56:56 [INFO] root: Successfully saved prop_data/2025-26/q2_logs/daily_q2_stats_2025-12-04.parquet
2025-12-14 20:56:58 [INFO] root: [208/216] Fetching Q2 for 2025-12-05 (Season: 2025-26)...
2025-12-14 20:57:12 [INFO] root: Successfully saved prop_data/2025-26/q2_logs/daily_q2_stats_2025-12-05.parquet
2025-12-14 20:57:14 [INFO] root: [209/216] Fetching Q2 for 2025-12-06 (Season: 2025-26)...
2025-12-14 20:57:18 [INFO] root: Successfully saved prop_data/2025-26/q2_logs/daily_q2_stats_2025-12-06.parquet
2025-12-14 20:57:20 [INFO] root: [210/216] Fetching Q2 for 2025-12-07 (Season: 2025-26)...
2025-12-14 20:57:27 [INFO] root: Successfully saved prop_data/2025-26/q2_logs/daily_q2_stats_2025-12-07.parquet
2025-12-14 20:57:28 [INFO] root: [211/216] Fetching Q2 for 2025-12-08 (Season: 2025-26)...
2025-12-14 20:57:33 [INFO] root: Successfully saved prop_data/2025-26/q2_logs/daily_q2_stats_2025-12-08.parquet
2025-12-14 20:57:34 [INFO] root: [212/216] Fetching Q2 for 2025-12-09 (Season: 2025-26)...
2025-12-14 20:57:40 [INFO] root: Successfully saved prop_data/2025-26/q2_logs/daily_q2_stats_2025-12-09.parquet
2025-12-14 20:57:41 [INFO] root: [213/216] Fetching Q2 for 2025-12-10 (Season: 2025-26)...
2025-12-14 20:57:46 [INFO] root: Successfully saved prop_data/2025-26/q2_logs/daily_q2_stats_2025-12-10.parquet
2025-12-14 20:57:46 [INFO] root: [214/216] Fetching Q2 for 2025-12-11 (Season: 2025-26)...
2025-12-14 20:57:51 [INFO] root: Successfully saved prop_data/2025-26/q2_logs/daily_q2_stats_2025-12-11.parquet
2025-12-14 20:57:53 [INFO] root: [215/216] Fetching Q2 for 2025-12-12 (Season: 2025-26)...
2025-12-14 20:58:02 [INFO] root: Successfully saved prop_data/2025-26/q2_logs/daily_q2_stats_2025-12-12.parquet
2025-12-14 20:58:03 [INFO] root: [216/216] Fetching Q2 for 2025-12-13 (Season: 2025-26)...
2025-12-14 20:58:08 [INFO] root: Successfully saved prop_data/2025-26/q2_logs/daily_q2_stats_2025-12-13.parquet
2025-12-14 20:58:10 [INFO] root: <<< BACKFILL COMPLETE. NOW UPDATE ETL.PY >>>
