2025-12-17 14:35:11 [INFO] root: Logging initialized. Writing to logs/converter.log
2025-12-17 14:35:11 [INFO] root: >>> STARTING PROP CONVERTER <<<
2025-12-17 14:35:11 [WARNING] root: SUSPICIOUS: Line interpreted as Player Name but contains digits/keywords: '$0.00'
2025-12-17 14:35:11 [WARNING] root: SUSPICIOUS: Line interpreted as Player Name but contains digits/keywords: 'Get up to $1,000 in bonus!'
2025-12-17 14:35:11 [WARNING] root: SUSPICIOUS: Line interpreted as Player Name but contains digits/keywords: 'Claim Your 50% Deposit Match • Deposit'
2025-12-17 14:35:11 [WARNING] root: SUSPICIOUS: Line interpreted as Player Name but contains digits/keywords: '5:00PM PST'
2025-12-17 14:35:11 [WARNING] root: Skipped incomplete prop: Player=Lower, Prop=Points in First 5 Min., Line=3.5
2025-12-17 14:35:11 [WARNING] root: Skipped incomplete prop: Player=Lower, Prop=Pts+Reb+Ast in First 5 Min., Line=4.5
2025-12-17 14:35:11 [WARNING] root: SUSPICIOUS: Line interpreted as Player Name but contains digits/keywords: '5:00PM PST'
2025-12-17 14:35:11 [WARNING] root: SUSPICIOUS: Line interpreted as Player Name but contains digits/keywords: 'More picks (8)'
2025-12-17 14:35:11 [WARNING] root: SUSPICIOUS: Line interpreted as Player Name but contains digits/keywords: 'More picks (2)'
2025-12-17 14:35:11 [WARNING] root: SUSPICIOUS: Line interpreted as Player Name but contains digits/keywords: 'More picks (3)'
2025-12-17 14:35:11 [WARNING] root: SUSPICIOUS: Line interpreted as Player Name but contains digits/keywords: 'Thu 4:00PM PST'
2025-12-17 14:35:11 [WARNING] root: SUSPICIOUS: Line interpreted as Player Name but contains digits/keywords: 'Thu 4:30PM PST'
2025-12-17 14:35:11 [WARNING] root: SUSPICIOUS: Line interpreted as Player Name but contains digits/keywords: 'Thu 5:00PM PST'
2025-12-17 14:35:11 [WARNING] root: SUSPICIOUS: Line interpreted as Player Name but contains digits/keywords: 'Thu 5:00PM PST'
2025-12-17 14:35:11 [WARNING] root: SUSPICIOUS: Line interpreted as Player Name but contains digits/keywords: 'Thu 5:00PM PST'
2025-12-17 14:35:11 [WARNING] root: SUSPICIOUS: Line interpreted as Player Name but contains digits/keywords: 'Thu 5:30PM PST'
2025-12-17 14:35:11 [WARNING] root: SUSPICIOUS: Line interpreted as Player Name but contains digits/keywords: 'Thu 6:00PM PST'
2025-12-17 14:35:11 [WARNING] root: SUSPICIOUS: Line interpreted as Player Name but contains digits/keywords: 'Thu 6:00PM PST'
2025-12-17 14:35:11 [WARNING] root: SUSPICIOUS: Line interpreted as Player Name but contains digits/keywords: 'Thu 6:00PM PST'
2025-12-17 14:35:11 [WARNING] root: SUSPICIOUS: Line interpreted as Player Name but contains digits/keywords: 'Thu 7:00PM PST'
2025-12-17 14:35:11 [WARNING] root: SUSPICIOUS: Line interpreted as Player Name but contains digits/keywords: 'Pick a minimum of 2 players from at least two different teams.'
2025-12-17 14:35:11 [INFO] root: Successfully converted props to input/props_today.csv (75 rows)
2025-12-17 14:35:11 [INFO] root: <<< CONVERTER COMPLETE >>>
2025-12-17 14:35:40 [INFO] root: Logging initialized. Writing to logs/converter.log
2025-12-17 14:35:40 [INFO] root: >>> STARTING PROP CONVERTER <<<
2025-12-17 14:35:40 [WARNING] root: SUSPICIOUS: Line interpreted as Player Name but contains digits/keywords: '$0.00'
2025-12-17 14:35:40 [WARNING] root: SUSPICIOUS: Line interpreted as Player Name but contains digits/keywords: 'Get up to $1,000 in bonus!'
2025-12-17 14:35:40 [WARNING] root: SUSPICIOUS: Line interpreted as Player Name but contains digits/keywords: 'Claim Your 50% Deposit Match • Deposit'
2025-12-17 14:35:40 [WARNING] root: SUSPICIOUS: Line interpreted as Player Name but contains digits/keywords: '5:00PM PST'
2025-12-17 14:35:40 [WARNING] root: Skipped incomplete prop: Player=Lower, Prop=Points in First 5 Min., Line=3.5
2025-12-17 14:35:40 [WARNING] root: Skipped incomplete prop: Player=Lower, Prop=Pts+Reb+Ast in First 5 Min., Line=4.5
2025-12-17 14:35:40 [WARNING] root: SUSPICIOUS: Line interpreted as Player Name but contains digits/keywords: '5:00PM PST'
2025-12-17 14:35:40 [WARNING] root: SUSPICIOUS: Line interpreted as Player Name but contains digits/keywords: 'More picks (8)'
2025-12-17 14:35:40 [WARNING] root: SUSPICIOUS: Line interpreted as Player Name but contains digits/keywords: 'More picks (2)'
2025-12-17 14:35:40 [WARNING] root: SUSPICIOUS: Line interpreted as Player Name but contains digits/keywords: 'More picks (3)'
2025-12-17 14:35:40 [WARNING] root: SUSPICIOUS: Line interpreted as Player Name but contains digits/keywords: 'Thu 4:00PM PST'
2025-12-17 14:35:40 [WARNING] root: SUSPICIOUS: Line interpreted as Player Name but contains digits/keywords: 'Thu 4:30PM PST'
2025-12-17 14:35:40 [WARNING] root: SUSPICIOUS: Line interpreted as Player Name but contains digits/keywords: 'Thu 5:00PM PST'
2025-12-17 14:35:40 [WARNING] root: SUSPICIOUS: Line interpreted as Player Name but contains digits/keywords: 'Thu 5:00PM PST'
2025-12-17 14:35:40 [WARNING] root: SUSPICIOUS: Line interpreted as Player Name but contains digits/keywords: 'Thu 5:00PM PST'
2025-12-17 14:35:40 [WARNING] root: SUSPICIOUS: Line interpreted as Player Name but contains digits/keywords: 'Thu 5:30PM PST'
2025-12-17 14:35:40 [WARNING] root: SUSPICIOUS: Line interpreted as Player Name but contains digits/keywords: 'Thu 6:00PM PST'
2025-12-17 14:35:40 [WARNING] root: SUSPICIOUS: Line interpreted as Player Name but contains digits/keywords: 'Thu 6:00PM PST'
2025-12-17 14:35:40 [WARNING] root: SUSPICIOUS: Line interpreted as Player Name but contains digits/keywords: 'Thu 6:00PM PST'
2025-12-17 14:35:40 [WARNING] root: SUSPICIOUS: Line interpreted as Player Name but contains digits/keywords: 'Thu 7:00PM PST'
2025-12-17 14:35:40 [WARNING] root: SUSPICIOUS: Line interpreted as Player Name but contains digits/keywords: 'Pick a minimum of 2 players from at least two different teams.'
2025-12-17 14:35:40 [INFO] root: Successfully converted props to input/props_today.csv (75 rows)
2025-12-17 14:35:40 [INFO] root: <<< CONVERTER COMPLETE >>>
2025-12-17 14:35:56 [INFO] root: Logging initialized. Writing to logs/converter.log
2025-12-17 14:35:56 [INFO] root: >>> STARTING PROP CONVERTER <<<
2025-12-17 14:35:56 [WARNING] root: SUSPICIOUS: Line interpreted as Player Name but contains digits/keywords: '$0.00'
2025-12-17 14:35:56 [WARNING] root: SUSPICIOUS: Line interpreted as Player Name but contains digits/keywords: 'Get up to $1,000 in bonus!'
2025-12-17 14:35:56 [WARNING] root: SUSPICIOUS: Line interpreted as Player Name but contains digits/keywords: 'Claim Your 50% Deposit Match • Deposit'
2025-12-17 14:35:56 [WARNING] root: SUSPICIOUS: Line interpreted as Player Name but contains digits/keywords: '5:00PM PST'
2025-12-17 14:35:56 [WARNING] root: Skipped incomplete prop: Player=Lower, Prop=Points in First 5 Min., Line=3.5
2025-12-17 14:35:56 [WARNING] root: Skipped incomplete prop: Player=Lower, Prop=Pts+Reb+Ast in First 5 Min., Line=4.5
2025-12-17 14:35:56 [WARNING] root: SUSPICIOUS: Line interpreted as Player Name but contains digits/keywords: '5:00PM PST'
2025-12-17 14:35:56 [WARNING] root: SUSPICIOUS: Line interpreted as Player Name but contains digits/keywords: 'More picks (8)'
2025-12-17 14:35:56 [WARNING] root: SUSPICIOUS: Line interpreted as Player Name but contains digits/keywords: 'More picks (2)'
2025-12-17 14:35:56 [WARNING] root: SUSPICIOUS: Line interpreted as Player Name but contains digits/keywords: 'More picks (3)'
2025-12-17 14:35:56 [WARNING] root: SUSPICIOUS: Line interpreted as Player Name but contains digits/keywords: 'Thu 4:00PM PST'
2025-12-17 14:35:56 [WARNING] root: SUSPICIOUS: Line interpreted as Player Name but contains digits/keywords: 'Thu 4:30PM PST'
2025-12-17 14:35:56 [WARNING] root: SUSPICIOUS: Line interpreted as Player Name but contains digits/keywords: 'Thu 5:00PM PST'
2025-12-17 14:35:56 [WARNING] root: SUSPICIOUS: Line interpreted as Player Name but contains digits/keywords: 'Thu 5:00PM PST'
2025-12-17 14:35:56 [WARNING] root: SUSPICIOUS: Line interpreted as Player Name but contains digits/keywords: 'Thu 5:00PM PST'
2025-12-17 14:35:56 [WARNING] root: SUSPICIOUS: Line interpreted as Player Name but contains digits/keywords: 'Thu 5:30PM PST'
2025-12-17 14:35:56 [WARNING] root: SUSPICIOUS: Line interpreted as Player Name but contains digits/keywords: 'Thu 6:00PM PST'
2025-12-17 14:35:56 [WARNING] root: SUSPICIOUS: Line interpreted as Player Name but contains digits/keywords: 'Thu 6:00PM PST'
2025-12-17 14:35:56 [WARNING] root: SUSPICIOUS: Line interpreted as Player Name but contains digits/keywords: 'Thu 6:00PM PST'
2025-12-17 14:35:56 [WARNING] root: SUSPICIOUS: Line interpreted as Player Name but contains digits/keywords: 'Thu 7:00PM PST'
2025-12-17 14:35:56 [WARNING] root: SUSPICIOUS: Line interpreted as Player Name but contains digits/keywords: 'Pick a minimum of 2 players from at least two different teams.'
2025-12-17 14:35:56 [INFO] root: Successfully converted props to input/props_today.csv (75 rows)
2025-12-17 14:35:56 [INFO] root: <<< CONVERTER COMPLETE >>>
2025-12-17 14:36:27 [INFO] root: Logging initialized. Writing to logs/converter.log
2025-12-17 14:36:27 [INFO] root: >>> STARTING PROP CONVERTER <<<
2025-12-17 14:36:27 [WARNING] root: SUSPICIOUS: Line interpreted as Player Name but contains digits/keywords: '$0.00'
2025-12-17 14:36:27 [WARNING] root: SUSPICIOUS: Line interpreted as Player Name but contains digits/keywords: 'Get up to $1,000 in bonus!'
2025-12-17 14:36:27 [WARNING] root: SUSPICIOUS: Line interpreted as Player Name but contains digits/keywords: 'Claim Your 50% Deposit Match • Deposit'
2025-12-17 14:36:27 [WARNING] root: SUSPICIOUS: Line interpreted as Player Name but contains digits/keywords: '5:00PM PST'
2025-12-17 14:36:27 [WARNING] root: Skipped incomplete prop: Player=Lower, Prop=Points in First 5 Min., Line=3.5
2025-12-17 14:36:27 [WARNING] root: Skipped incomplete prop: Player=Lower, Prop=Pts+Reb+Ast in First 5 Min., Line=4.5
2025-12-17 14:36:27 [WARNING] root: SUSPICIOUS: Line interpreted as Player Name but contains digits/keywords: '5:00PM PST'
2025-12-17 14:36:27 [WARNING] root: SUSPICIOUS: Line interpreted as Player Name but contains digits/keywords: 'More picks (8)'
2025-12-17 14:36:27 [WARNING] root: SUSPICIOUS: Line interpreted as Player Name but contains digits/keywords: 'More picks (2)'
2025-12-17 14:36:27 [WARNING] root: SUSPICIOUS: Line interpreted as Player Name but contains digits/keywords: 'More picks (3)'
2025-12-17 14:36:27 [WARNING] root: SUSPICIOUS: Line interpreted as Player Name but contains digits/keywords: 'Thu 4:00PM PST'
2025-12-17 14:36:27 [WARNING] root: SUSPICIOUS: Line interpreted as Player Name but contains digits/keywords: 'Thu 4:30PM PST'
2025-12-17 14:36:27 [WARNING] root: SUSPICIOUS: Line interpreted as Player Name but contains digits/keywords: 'Thu 5:00PM PST'
2025-12-17 14:36:27 [WARNING] root: SUSPICIOUS: Line interpreted as Player Name but contains digits/keywords: 'Thu 5:00PM PST'
2025-12-17 14:36:27 [WARNING] root: SUSPICIOUS: Line interpreted as Player Name but contains digits/keywords: 'Thu 5:00PM PST'
2025-12-17 14:36:27 [WARNING] root: SUSPICIOUS: Line interpreted as Player Name but contains digits/keywords: 'Thu 5:30PM PST'
2025-12-17 14:36:27 [WARNING] root: SUSPICIOUS: Line interpreted as Player Name but contains digits/keywords: 'Thu 6:00PM PST'
2025-12-17 14:36:27 [WARNING] root: SUSPICIOUS: Line interpreted as Player Name but contains digits/keywords: 'Thu 6:00PM PST'
2025-12-17 14:36:27 [WARNING] root: SUSPICIOUS: Line interpreted as Player Name but contains digits/keywords: 'Thu 6:00PM PST'
2025-12-17 14:36:27 [WARNING] root: SUSPICIOUS: Line interpreted as Player Name but contains digits/keywords: 'Thu 7:00PM PST'
2025-12-17 14:36:27 [WARNING] root: SUSPICIOUS: Line interpreted as Player Name but contains digits/keywords: 'Pick a minimum of 2 players from at least two different teams.'
2025-12-17 14:36:27 [INFO] root: Successfully converted props to input/props_today.csv (75 rows)
2025-12-17 14:36:27 [INFO] root: <<< CONVERTER COMPLETE >>>
2025-12-17 14:39:00 [INFO] root: Logging initialized. Writing to logs/converter.log
2025-12-17 14:39:00 [INFO] root: >>> STARTING PROP CONVERTER <<<
2025-12-17 14:39:00 [WARNING] root: SUSPICIOUS: Line interpreted as Player Name but contains digits/keywords: '5:00PM PST'
2025-12-17 14:39:00 [WARNING] root: Skipped incomplete prop: Player=Donovan Mitchell, Prop=Points in First 5 Min., Line=3.5
2025-12-17 14:39:00 [WARNING] root: Skipped incomplete prop: Player=Josh Giddey, Prop=Pts+Reb+Ast in First 5 Min., Line=4.5
2025-12-17 14:39:00 [WARNING] root: SUSPICIOUS: Line interpreted as Player Name but contains digits/keywords: '5:00PM PST'
2025-12-17 14:39:00 [WARNING] root: SUSPICIOUS: Line interpreted as Player Name but contains digits/keywords: 'Thu 4:00PM PST'
2025-12-17 14:39:00 [WARNING] root: SUSPICIOUS: Line interpreted as Player Name but contains digits/keywords: 'Thu 4:30PM PST'
2025-12-17 14:39:00 [WARNING] root: SUSPICIOUS: Line interpreted as Player Name but contains digits/keywords: 'Thu 5:00PM PST'
2025-12-17 14:39:00 [WARNING] root: SUSPICIOUS: Line interpreted as Player Name but contains digits/keywords: 'Thu 5:00PM PST'
2025-12-17 14:39:00 [WARNING] root: SUSPICIOUS: Line interpreted as Player Name but contains digits/keywords: 'Thu 5:00PM PST'
2025-12-17 14:39:00 [WARNING] root: SUSPICIOUS: Line interpreted as Player Name but contains digits/keywords: 'Thu 5:30PM PST'
2025-12-17 14:39:00 [WARNING] root: SUSPICIOUS: Line interpreted as Player Name but contains digits/keywords: 'Thu 6:00PM PST'
2025-12-17 14:39:00 [WARNING] root: SUSPICIOUS: Line interpreted as Player Name but contains digits/keywords: 'Thu 6:00PM PST'
2025-12-17 14:39:00 [WARNING] root: SUSPICIOUS: Line interpreted as Player Name but contains digits/keywords: 'Thu 6:00PM PST'
2025-12-17 14:39:00 [WARNING] root: SUSPICIOUS: Line interpreted as Player Name but contains digits/keywords: 'Thu 7:00PM PST'
2025-12-17 14:39:00 [WARNING] root: SUSPICIOUS: Line interpreted as Player Name but contains digits/keywords: 'Pick a minimum of 2 players from at least two different teams.'
2025-12-17 14:39:00 [INFO] root: Successfully converted props to input/props_today.csv (75 rows)
2025-12-17 14:39:00 [INFO] root: <<< CONVERTER COMPLETE >>>
2025-12-17 14:39:15 [INFO] root: Logging initialized. Writing to logs/converter.log
2025-12-17 14:39:15 [INFO] root: >>> STARTING PROP CONVERTER <<<
2025-12-17 14:39:15 [WARNING] root: SUSPICIOUS: Line interpreted as Player Name but contains digits/keywords: 'Pick a minimum of 2 players from at least two different teams.'
2025-12-17 14:39:15 [INFO] root: Successfully converted props to input/props_today.csv (352 rows)
2025-12-17 14:39:15 [INFO] root: <<< CONVERTER COMPLETE >>>
2025-12-17 14:39:28 [INFO] root: Logging initialized. Writing to logs/converter.log
2025-12-17 14:39:28 [INFO] root: >>> STARTING PROP CONVERTER <<<
2025-12-17 14:39:28 [WARNING] root: SUSPICIOUS: Line interpreted as Player Name but contains digits/keywords: '5:00PM PST'
2025-12-17 14:39:28 [WARNING] root: Skipped incomplete prop: Player=Donovan Mitchell, Prop=Points in First 5 Min., Line=3.5
2025-12-17 14:39:28 [WARNING] root: Skipped incomplete prop: Player=Josh Giddey, Prop=Pts+Reb+Ast in First 5 Min., Line=4.5
2025-12-17 14:39:28 [WARNING] root: SUSPICIOUS: Line interpreted as Player Name but contains digits/keywords: '5:00PM PST'
2025-12-17 14:39:28 [WARNING] root: SUSPICIOUS: Line interpreted as Player Name but contains digits/keywords: 'Thu 4:00PM PST'
2025-12-17 14:39:28 [WARNING] root: SUSPICIOUS: Line interpreted as Player Name but contains digits/keywords: 'Thu 4:30PM PST'
2025-12-17 14:39:28 [WARNING] root: SUSPICIOUS: Line interpreted as Player Name but contains digits/keywords: 'Thu 5:00PM PST'
2025-12-17 14:39:28 [WARNING] root: SUSPICIOUS: Line interpreted as Player Name but contains digits/keywords: 'Thu 5:00PM PST'
2025-12-17 14:39:28 [WARNING] root: SUSPICIOUS: Line interpreted as Player Name but contains digits/keywords: 'Thu 5:00PM PST'
2025-12-17 14:39:28 [WARNING] root: SUSPICIOUS: Line interpreted as Player Name but contains digits/keywords: 'Thu 5:30PM PST'
2025-12-17 14:39:28 [WARNING] root: SUSPICIOUS: Line interpreted as Player Name but contains digits/keywords: 'Thu 6:00PM PST'
2025-12-17 14:39:28 [WARNING] root: SUSPICIOUS: Line interpreted as Player Name but contains digits/keywords: 'Thu 6:00PM PST'
2025-12-17 14:39:28 [WARNING] root: SUSPICIOUS: Line interpreted as Player Name but contains digits/keywords: 'Thu 6:00PM PST'
2025-12-17 14:39:28 [WARNING] root: SUSPICIOUS: Line interpreted as Player Name but contains digits/keywords: 'Thu 7:00PM PST'
2025-12-17 14:39:28 [WARNING] root: SUSPICIOUS: Line interpreted as Player Name but contains digits/keywords: 'Pick a minimum of 2 players from at least two different teams.'
2025-12-17 14:39:28 [INFO] root: Successfully converted props to input/props_today.csv (75 rows)
2025-12-17 14:39:28 [INFO] root: <<< CONVERTER COMPLETE >>>
