2025-12-17 12:37:44 [INFO] root: Logging initialized. Writing to logs/scraper.log
2025-12-17 12:37:44 [INFO] root: >>> STARTING DATA SCRAPER <<<
2025-12-17 12:37:44 [INFO] root: ========= STARTING NBA DATA SCRAPER (BATCH OPTIMIZED) =========
2025-12-17 12:37:44 [INFO] root: --- Processing Season: 2024-25 (Live: False) ---
2025-12-17 12:37:44 [INFO] root: --- Checking Basketball-Reference Files ---
2025-12-17 12:37:44 [INFO] root: Fetching [BBall-Ref] NBA Player Per Game Averages.csv for 2024-25...
2025-12-17 12:37:44 [INFO] root: Fetching [BBall-Ref] NBA Player Play-by-Play Stats.csv for 2024-25...
2025-12-17 12:37:44 [INFO] root: Fetching [BBall-Ref] NBA Player Advanced Stats.csv for 2024-25...
2025-12-17 12:37:47 [INFO] root: Successfully saved prop_data/2024-25/NBA Player Play-by-Play Stats.parquet
2025-12-17 12:37:47 [INFO] root: Successfully saved prop_data/2024-25/NBA Player Per Game Averages.parquet
2025-12-17 12:37:47 [INFO] root: Successfully saved prop_data/2024-25/NBA Player Advanced Stats.parquet
2025-12-17 12:37:50 [INFO] root: Fetching [BBall-Ref] NBA Player Shooting Stats.csv for 2024-25...
2025-12-17 12:37:50 [INFO] root: Fetching [BBall-Ref] NBA Player Adjusted Shooting Stats.csv for 2024-25...
2025-12-17 12:37:52 [INFO] root: Successfully saved prop_data/2024-25/NBA Player Shooting Stats.parquet
2025-12-17 12:37:52 [INFO] root: Successfully saved prop_data/2024-25/NBA Player Adjusted Shooting Stats.parquet
2025-12-17 12:37:55 [INFO] root: --- Fetching all nba-api data (Season: 2024-25) ---
2025-12-17 12:37:55 [INFO] root: Fetching Player Box Scores (Incremental)...
2025-12-17 12:37:55 [INFO] root: Queued 176 new days to fetch.
2025-12-17 12:38:23 [INFO] root:   Fetches complete: 5/176
2025-12-17 12:38:49 [INFO] root:   Fetches complete: 10/176
2025-12-17 12:39:05 [INFO] root:   Fetches complete: 15/176
2025-12-17 12:39:22 [INFO] root:   Fetches complete: 20/176
2025-12-17 12:39:33 [INFO] root:   Fetches complete: 25/176
2025-12-17 12:39:56 [INFO] root:   Fetches complete: 30/176
2025-12-17 12:40:08 [INFO] root:   Fetches complete: 35/176
2025-12-17 12:40:22 [INFO] root:   Fetches complete: 40/176
2025-12-17 12:40:37 [INFO] root:   Fetches complete: 45/176
2025-12-17 12:40:48 [INFO] root:   Fetches complete: 50/176
2025-12-17 12:41:00 [INFO] root:   Fetches complete: 55/176
2025-12-17 12:41:11 [INFO] root:   Fetches complete: 60/176
2025-12-17 12:41:28 [INFO] root:   Fetches complete: 65/176
2025-12-17 12:41:44 [INFO] root:   Fetches complete: 70/176
2025-12-17 12:42:04 [INFO] root:   Fetches complete: 75/176
2025-12-17 12:42:28 [INFO] root:   Fetches complete: 80/176
2025-12-17 12:42:48 [INFO] root:   Fetches complete: 85/176
2025-12-17 12:43:04 [INFO] root:   Fetches complete: 90/176
2025-12-17 12:43:18 [INFO] root:   Fetches complete: 95/176
2025-12-17 12:43:30 [INFO] root:   Fetches complete: 100/176
2025-12-17 12:43:42 [INFO] root:   Fetches complete: 105/176
2025-12-17 12:43:55 [INFO] root:   Fetches complete: 110/176
2025-12-17 12:44:07 [INFO] root:   Fetches complete: 115/176
2025-12-17 12:44:18 [INFO] root:   Fetches complete: 120/176
2025-12-17 12:44:33 [INFO] root:   Fetches complete: 125/176
2025-12-17 12:44:49 [INFO] root:   Fetches complete: 130/176
2025-12-17 12:45:05 [INFO] root:   Fetches complete: 135/176
2025-12-17 12:45:21 [INFO] root:   Fetches complete: 140/176
2025-12-17 12:45:39 [INFO] root:   Fetches complete: 145/176
2025-12-17 12:45:56 [INFO] root:   Fetches complete: 150/176
2025-12-17 12:46:08 [INFO] root:   Fetches complete: 155/176
2025-12-17 12:46:21 [INFO] root:   Fetches complete: 160/176
2025-12-17 12:46:38 [INFO] root:   Fetches complete: 165/176
2025-12-17 12:46:49 [INFO] root:   Fetches complete: 170/176
2025-12-17 12:47:04 [INFO] root:   Fetches complete: 175/176
2025-12-17 12:47:06 [INFO] root: Successfully saved prop_data/2024-25/NBA Player Box Scores.parquet
2025-12-17 12:47:06 [INFO] root: Updated aggregated box scores. Total rows: 26306
2025-12-17 12:47:06 [INFO] root: Fetching remaining Player and Team Stats (Parallel)...
2025-12-17 12:47:14 [INFO] root: Successfully saved prop_data/2024-25/NBA Player Stats Away:Road.parquet
2025-12-17 12:47:14 [INFO] root: Successfully saved prop_data/2024-25/NBA Player Stats Home.parquet
2025-12-17 12:47:15 [INFO] root: Successfully saved prop_data/2024-25/NBA Player Individual Defense.parquet
2025-12-17 12:47:19 [INFO] root: Successfully saved prop_data/2024-25/NBA Player Stats Last 5 Games.parquet
2025-12-17 12:47:20 [INFO] root: Successfully saved prop_data/2024-25/NBA Player Opponent Stats Against Them.parquet
2025-12-17 12:47:24 [INFO] root: Successfully saved prop_data/2024-25/NBA Team General Stats.parquet
2025-12-17 12:47:24 [INFO] root: Successfully saved prop_data/2024-25/NBA Team Defense.parquet
2025-12-17 12:47:28 [INFO] root: Successfully saved prop_data/2024-25/NBA Player Q1.parquet
2025-12-17 12:47:29 [INFO] root: Successfully saved prop_data/2024-25/NBA Player Q2.parquet
2025-12-17 12:47:32 [INFO] root: Successfully saved prop_data/2024-25/NBA Player Q3.parquet
2025-12-17 12:47:33 [INFO] root: Successfully saved prop_data/2024-25/NBA Player Q4.parquet
2025-12-17 12:47:33 [INFO] root: --- All nba-api data fetched successfully ---
2025-12-17 12:47:33 [INFO] root: --- Checking TeamRankings Files ---
2025-12-17 12:47:33 [INFO] root: Fetching [TeamRankings] NBA Team Points per Game for 2024-25...
2025-12-17 12:47:33 [INFO] root: Fetching [TeamRankings] NBA Team Average Scoring Margin for 2024-25...
2025-12-17 12:47:34 [INFO] root: Successfully saved prop_data/2024-25/NBA Team Points per Game.parquet
2025-12-17 12:47:34 [INFO] root: Successfully saved prop_data/2024-25/NBA Team Average Scoring Margin.parquet
2025-12-17 12:47:35 [INFO] root: Fetching [TeamRankings] NBA Team Offensive Efficiency for 2024-25...
2025-12-17 12:47:35 [INFO] root: Successfully saved prop_data/2024-25/NBA Team Offensive Efficiency.parquet
2025-12-17 12:47:36 [INFO] root: Fetching [TeamRankings] NBA Team Floor % for 2024-25...
2025-12-17 12:47:36 [INFO] root: Successfully saved prop_data/2024-25/NBA Team Floor %.parquet
2025-12-17 12:47:37 [INFO] root: Fetching [TeamRankings] NBA Team 1st Quarter Points per Game for 2024-25...
2025-12-17 12:47:37 [INFO] root: Successfully saved prop_data/2024-25/NBA Team 1st Quarter Points per Game.parquet
2025-12-17 12:47:37 [INFO] root: Fetching [TeamRankings] NBA Team 2nd Quarter Points per Game for 2024-25...
2025-12-17 12:47:37 [INFO] root: Successfully saved prop_data/2024-25/NBA Team 2nd Quarter Points per Game.parquet
2025-12-17 12:47:38 [INFO] root: Fetching [TeamRankings] NBA Team 3rd Quarter Points per Game for 2024-25...
2025-12-17 12:47:39 [INFO] root: Successfully saved prop_data/2024-25/NBA Team 3rd Quarter Points per Game.parquet
2025-12-17 12:47:39 [INFO] root: Fetching [TeamRankings] NBA Team 4th Quarter Points per Game for 2024-25...
2025-12-17 12:47:39 [INFO] root: Successfully saved prop_data/2024-25/NBA Team 4th Quarter Points per Game.parquet
2025-12-17 12:47:40 [INFO] root: Fetching [TeamRankings] NBA Team 1st Half Points per Game for 2024-25...
2025-12-17 12:47:40 [INFO] root: Successfully saved prop_data/2024-25/NBA Team 1st Half Points per Game.parquet
2025-12-17 12:47:41 [INFO] root: Fetching [TeamRankings] NBA Team 2nd Half Points per Game for 2024-25...
2025-12-17 12:47:41 [INFO] root: Successfully saved prop_data/2024-25/NBA Team 2nd Half Points per Game.parquet
2025-12-17 12:47:42 [INFO] root: Fetching [TeamRankings] NBA Team Overtime Points per Game for 2024-25...
2025-12-17 12:47:42 [INFO] root: Successfully saved prop_data/2024-25/NBA Team Overtime Points per Game.parquet
2025-12-17 12:47:43 [INFO] root: Fetching [TeamRankings] NBA Team Points in Paint per Game for 2024-25...
2025-12-17 12:47:43 [INFO] root: Successfully saved prop_data/2024-25/NBA Team Points in Paint per Game.parquet
2025-12-17 12:47:44 [INFO] root: Fetching [TeamRankings] NBA Team Fastbreak Points per Game for 2024-25...
2025-12-17 12:47:44 [INFO] root: Successfully saved prop_data/2024-25/NBA Team Fastbreak Points per Game.parquet
2025-12-17 12:47:44 [INFO] root: Fetching [TeamRankings] NBA Team Fastbreak Efficiency for 2024-25...
2025-12-17 12:47:45 [INFO] root: Successfully saved prop_data/2024-25/NBA Team Fastbreak Efficiency.parquet
2025-12-17 12:47:45 [INFO] root: Fetching [TeamRankings] NBA Team Average Biggest Lead for 2024-25...
2025-12-17 12:47:45 [INFO] root: Successfully saved prop_data/2024-25/NBA Team Average Biggest Lead.parquet
2025-12-17 12:47:46 [INFO] root: Fetching [TeamRankings] NBA Team Average 1st Quarter Margin for 2024-25...
2025-12-17 12:47:46 [INFO] root: Successfully saved prop_data/2024-25/NBA Team Average 1st Quarter Margin.parquet
2025-12-17 12:47:46 [INFO] root: Fetching [TeamRankings] NBA Team Average 2nd Quarter Margin for 2024-25...
2025-12-17 12:47:47 [INFO] root: Successfully saved prop_data/2024-25/NBA Team Average 2nd Quarter Margin.parquet
2025-12-17 12:47:47 [INFO] root: Fetching [TeamRankings] NBA Team Average 3rd Quarter Margin for 2024-25...
2025-12-17 12:47:48 [INFO] root: Successfully saved prop_data/2024-25/NBA Team Average 3rd Quarter Margin.parquet
2025-12-17 12:47:48 [INFO] root: Fetching [TeamRankings] NBA Team Average 4th Quarter Margin for 2024-25...
2025-12-17 12:47:48 [INFO] root: Successfully saved prop_data/2024-25/NBA Team Average 4th Quarter Margin.parquet
2025-12-17 12:47:49 [INFO] root: Fetching [TeamRankings] NBA Team Average 1st Half Margin for 2024-25...
2025-12-17 12:47:49 [INFO] root: Successfully saved prop_data/2024-25/NBA Team Average 1st Half Margin.parquet
2025-12-17 12:47:50 [INFO] root: Fetching [TeamRankings] NBA Team Average 2nd Half Margin for 2024-25...
2025-12-17 12:47:50 [INFO] root: Successfully saved prop_data/2024-25/NBA Team Average 2nd Half Margin.parquet
2025-12-17 12:47:50 [INFO] root: Fetching [TeamRankings] NBA Team Average Overtime Margin for 2024-25...
2025-12-17 12:47:51 [INFO] root: Successfully saved prop_data/2024-25/NBA Team Average Overtime Margin.parquet
2025-12-17 12:47:52 [INFO] root: Fetching [TeamRankings] NBA Team Average Margin Thru 3 Quarters for 2024-25...
2025-12-17 12:47:52 [INFO] root: Successfully saved prop_data/2024-25/NBA Team Average Margin Thru 3 Quarters.parquet
2025-12-17 12:47:52 [INFO] root: Fetching [TeamRankings] NBA Team Points from 2 pointers for 2024-25...
2025-12-17 12:47:53 [INFO] root: Successfully saved prop_data/2024-25/NBA Team Points from 2 pointers.parquet
2025-12-17 12:47:53 [INFO] root: Fetching [TeamRankings] NBA Team Points from 3 pointers for 2024-25...
2025-12-17 12:47:54 [INFO] root: Successfully saved prop_data/2024-25/NBA Team Points from 3 pointers.parquet
2025-12-17 12:47:55 [INFO] root: Fetching [TeamRankings] NBA Team Percent of Points from 2 Pointers for 2024-25...
2025-12-17 12:47:55 [INFO] root: Fetching [TeamRankings] NBA Team Percent of Points from 3 Pointers for 2024-25...
2025-12-17 12:47:55 [INFO] root: Successfully saved prop_data/2024-25/NBA Team Percent of Points from 2 Pointers.parquet
2025-12-17 12:47:55 [INFO] root: Successfully saved prop_data/2024-25/NBA Team Percent of Points from 3 Pointers.parquet
2025-12-17 12:47:56 [INFO] root: Fetching [TeamRankings] NBA Team Percent of Points from Free Throws for 2024-25...
2025-12-17 12:47:57 [INFO] root: Successfully saved prop_data/2024-25/NBA Team Percent of Points from Free Throws.parquet
2025-12-17 12:47:57 [INFO] root: Fetching [TeamRankings] NBA Team Shooting % for 2024-25...
2025-12-17 12:47:57 [INFO] root: Successfully saved prop_data/2024-25/NBA Team Shooting %.parquet
2025-12-17 12:47:58 [INFO] root: Fetching [TeamRankings] NBA Team Effective Field Goal % for 2024-25...
2025-12-17 12:47:58 [INFO] root: Successfully saved prop_data/2024-25/NBA Team Effective Field Goal %.parquet
2025-12-17 12:47:59 [INFO] root: Fetching [TeamRankings] NBA Team Three Point % for 2024-25...
2025-12-17 12:47:59 [INFO] root: Successfully saved prop_data/2024-25/NBA Team Three Point %.parquet
2025-12-17 12:48:00 [INFO] root: Fetching [TeamRankings] NBA Team Two Point % for 2024-25...
2025-12-17 12:48:00 [INFO] root: Successfully saved prop_data/2024-25/NBA Team Two Point %.parquet
2025-12-17 12:48:01 [INFO] root: Fetching [TeamRankings] NBA Team Free Throw % for 2024-25...
2025-12-17 12:48:01 [INFO] root: Successfully saved prop_data/2024-25/NBA Team Free Throw %.parquet
2025-12-17 12:48:02 [INFO] root: Fetching [TeamRankings] NBA Team True Shooting % for 2024-25...
2025-12-17 12:48:02 [INFO] root: Successfully saved prop_data/2024-25/NBA Team True Shooting %.parquet
2025-12-17 12:48:02 [INFO] root: Fetching [TeamRankings] NBA Team Field Goals Made per Game for 2024-25...
2025-12-17 12:48:02 [INFO] root: Successfully saved prop_data/2024-25/NBA Team Field Goals Made per Game.parquet
2025-12-17 12:48:04 [INFO] root: Fetching [TeamRankings] NBA Team Field Goals Attempted per Game for 2024-25...
2025-12-17 12:48:04 [INFO] root: Successfully saved prop_data/2024-25/NBA Team Field Goals Attempted per Game.parquet
2025-12-17 12:48:04 [INFO] root: Fetching [TeamRankings] NBA Team Three Pointers Made per Game for 2024-25...
2025-12-17 12:48:04 [INFO] root: Successfully saved prop_data/2024-25/NBA Team Three Pointers Made per Game.parquet
2025-12-17 12:48:05 [INFO] root: Fetching [TeamRankings] NBA Team Three Pointers Attempted per Game for 2024-25...
2025-12-17 12:48:05 [INFO] root: Successfully saved prop_data/2024-25/NBA Team Three Pointers Attempted per Game.parquet
2025-12-17 12:48:06 [INFO] root: Fetching [TeamRankings] NBA Team Free Throws Made per Game for 2024-25...
2025-12-17 12:48:06 [INFO] root: Successfully saved prop_data/2024-25/NBA Team Free Throws Made per Game.parquet
2025-12-17 12:48:07 [INFO] root: Fetching [TeamRankings] NBA Team Free Throws Attempted per Game for 2024-25...
2025-12-17 12:48:08 [INFO] root: Successfully saved prop_data/2024-25/NBA Team Free Throws Attempted per Game.parquet
2025-12-17 12:48:08 [INFO] root: Fetching [TeamRankings] NBA Team Three Point Rate for 2024-25...
2025-12-17 12:48:08 [INFO] root: Successfully saved prop_data/2024-25/NBA Team Three Point Rate.parquet
2025-12-17 12:48:09 [INFO] root: Fetching [TeamRankings] NBA Team Two Point Rate for 2024-25...
2025-12-17 12:48:09 [INFO] root: Successfully saved prop_data/2024-25/NBA Team Two Point Rate.parquet
2025-12-17 12:48:10 [INFO] root: Fetching [TeamRankings] NBA Team FTA per FGA for 2024-25...
2025-12-17 12:48:10 [INFO] root: Successfully saved prop_data/2024-25/NBA Team FTA per FGA.parquet
2025-12-17 12:48:11 [INFO] root: Fetching [TeamRankings] NBA Team FTM per 100 Possessions for 2024-25...
2025-12-17 12:48:11 [INFO] root: Fetching [TeamRankings] NBA Team Free Throws Attempted per Offensive Play for 2024-25...
2025-12-17 12:48:11 [INFO] root: Successfully saved prop_data/2024-25/NBA Team FTM per 100 Possessions.parquet
2025-12-17 12:48:11 [INFO] root: Successfully saved prop_data/2024-25/NBA Team Free Throws Attempted per Offensive Play.parquet
2025-12-17 12:48:12 [INFO] root: Fetching [TeamRankings] NBA Team Non-blocked 2 Pt % for 2024-25...
2025-12-17 12:48:13 [INFO] root: Successfully saved prop_data/2024-25/NBA Team Non-blocked 2 Pt %.parquet
2025-12-17 12:48:13 [INFO] root: Fetching [TeamRankings] NBA Team Offensive Rebounds per Game for 2024-25...
2025-12-17 12:48:13 [INFO] root: Successfully saved prop_data/2024-25/NBA Team Offensive Rebounds per Game.parquet
2025-12-17 12:48:14 [INFO] root: Fetching [TeamRankings] NBA Team Defensive Rebounds per Game for 2024-25...
2025-12-17 12:48:15 [INFO] root: Fetching [TeamRankings] NBA Team Team Rebounds per Game for 2024-25...
2025-12-17 12:48:15 [INFO] root: Successfully saved prop_data/2024-25/NBA Team Defensive Rebounds per Game.parquet
2025-12-17 12:48:15 [INFO] root: Successfully saved prop_data/2024-25/NBA Team Team Rebounds per Game.parquet
2025-12-17 12:48:16 [INFO] root: Fetching [TeamRankings] NBA Team Total Rebounds per Game for 2024-25...
2025-12-17 12:48:16 [INFO] root: Successfully saved prop_data/2024-25/NBA Team Total Rebounds per Game.parquet
2025-12-17 12:48:16 [INFO] root: Fetching [TeamRankings] NBA Team Offensive Rebounding % for 2024-25...
2025-12-17 12:48:17 [INFO] root: Successfully saved prop_data/2024-25/NBA Team Offensive Rebounding %.parquet
2025-12-17 12:48:18 [INFO] root: Fetching [TeamRankings] NBA Team Defensive Rebounding % for 2024-25...
2025-12-17 12:48:18 [INFO] root: Fetching [TeamRankings] NBA Team Total Rebounding % for 2024-25...
2025-12-17 12:48:19 [INFO] root: Successfully saved prop_data/2024-25/NBA Team Defensive Rebounding %.parquet
2025-12-17 12:48:19 [INFO] root: Successfully saved prop_data/2024-25/NBA Team Total Rebounding %.parquet
2025-12-17 12:48:20 [INFO] root: Fetching [TeamRankings] NBA Team Blocks per Game for 2024-25...
2025-12-17 12:48:21 [INFO] root: Successfully saved prop_data/2024-25/NBA Team Blocks per Game.parquet
2025-12-17 12:48:21 [INFO] root: Fetching [TeamRankings] NBA Team Steals per Game for 2024-25...
2025-12-17 12:48:21 [INFO] root: Successfully saved prop_data/2024-25/NBA Team Steals per Game.parquet
2025-12-17 12:48:22 [INFO] root: Fetching [TeamRankings] NBA Team Block % for 2024-25...
2025-12-17 12:48:22 [INFO] root: Fetching [TeamRankings] NBA Team Steals per Defensive Play for 2024-25...
2025-12-17 12:48:22 [INFO] root: Successfully saved prop_data/2024-25/NBA Team Block %.parquet
2025-12-17 12:48:22 [INFO] root: Successfully saved prop_data/2024-25/NBA Team Steals per Defensive Play.parquet
2025-12-17 12:48:24 [INFO] root: Fetching [TeamRankings] NBA Team Assists per Game for 2024-25...
2025-12-17 12:48:24 [INFO] root: Fetching [TeamRankings] NBA Team Turnovers per Game for 2024-25...
2025-12-17 12:48:24 [INFO] root: Successfully saved prop_data/2024-25/NBA Team Assists per Game.parquet
2025-12-17 12:48:24 [INFO] root: Successfully saved prop_data/2024-25/NBA Team Turnovers per Game.parquet
2025-12-17 12:48:26 [INFO] root: Fetching [TeamRankings] NBA Team Turnovers per Possession for 2024-25...
2025-12-17 12:48:26 [INFO] root: Fetching [TeamRankings] NBA Team Assist per Turnover Ratio for 2024-25...
2025-12-17 12:48:26 [INFO] root: Successfully saved prop_data/2024-25/NBA Team Turnovers per Possession.parquet
2025-12-17 12:48:26 [INFO] root: Successfully saved prop_data/2024-25/NBA Team Assist per Turnover Ratio.parquet
2025-12-17 12:48:28 [INFO] root: Fetching [TeamRankings] NBA Team Assists per FGM for 2024-25...
2025-12-17 12:48:28 [INFO] root: Successfully saved prop_data/2024-25/NBA Team Assists per FGM.parquet
2025-12-17 12:48:28 [INFO] root: Fetching [TeamRankings] NBA Team Assists per Possession for 2024-25...
2025-12-17 12:48:28 [INFO] root: Successfully saved prop_data/2024-25/NBA Team Assists per Possession.parquet
2025-12-17 12:48:29 [INFO] root: Fetching [TeamRankings] NBA Team Turnovers per Offensive Play for 2024-25...
2025-12-17 12:48:30 [INFO] root: Successfully saved prop_data/2024-25/NBA Team Turnovers per Offensive Play.parquet
2025-12-17 12:48:30 [INFO] root: Fetching [TeamRankings] NBA Team Personal Fouls per Game for 2024-25...
2025-12-17 12:48:31 [INFO] root: Successfully saved prop_data/2024-25/NBA Team Personal Fouls per Game.parquet
2025-12-17 12:48:31 [INFO] root: Fetching [TeamRankings] NBA Team Technical Fouls per Game for 2024-25...
2025-12-17 12:48:31 [INFO] root: Successfully saved prop_data/2024-25/NBA Team Technical Fouls per Game.parquet
2025-12-17 12:48:32 [INFO] root: Fetching [TeamRankings] NBA Team Personal Fouls per Possession for 2024-25...
2025-12-17 12:48:32 [INFO] root: Successfully saved prop_data/2024-25/NBA Team Personal Fouls per Possession.parquet
2025-12-17 12:48:32 [INFO] root: Fetching [TeamRankings] NBA Team Personal Fouls per Defensive Play for 2024-25...
2025-12-17 12:48:32 [INFO] root: Successfully saved prop_data/2024-25/NBA Team Personal Fouls per Defensive Play.parquet
2025-12-17 12:48:33 [INFO] root: Fetching [TeamRankings] NBA Team Opponent Points per Game for 2024-25...
2025-12-17 12:48:33 [INFO] root: Successfully saved prop_data/2024-25/NBA Team Opponent Points per Game.parquet
2025-12-17 12:48:34 [INFO] root: Fetching [TeamRankings] NBA Team Opponent Average Scoring Margin for 2024-25...
2025-12-17 12:48:34 [INFO] root: Successfully saved prop_data/2024-25/NBA Team Opponent Average Scoring Margin.parquet
2025-12-17 12:48:35 [INFO] root: Fetching [TeamRankings] NBA Team Defensive Efficiency for 2024-25...
2025-12-17 12:48:35 [INFO] root: Successfully saved prop_data/2024-25/NBA Team Defensive Efficiency.parquet
2025-12-17 12:48:36 [INFO] root: Fetching [TeamRankings] NBA Team Opponent Floor % for 2024-25...
2025-12-17 12:48:36 [INFO] root: Successfully saved prop_data/2024-25/NBA Team Opponent Floor %.parquet
2025-12-17 12:48:36 [INFO] root: Fetching [TeamRankings] NBA Team Opponent 1st Quarter Points per Game for 2024-25...
2025-12-17 12:48:36 [INFO] root: Successfully saved prop_data/2024-25/NBA Team Opponent 1st Quarter Points per Game.parquet
2025-12-17 12:48:37 [INFO] root: Fetching [TeamRankings] NBA Team Opponent 2nd Quarter Points per Game for 2024-25...
2025-12-17 12:48:37 [INFO] root: Successfully saved prop_data/2024-25/NBA Team Opponent 2nd Quarter Points per Game.parquet
2025-12-17 12:48:38 [INFO] root: Fetching [TeamRankings] NBA Team Opponent 3rd Quarter Points per Game for 2024-25...
2025-12-17 12:48:38 [INFO] root: Successfully saved prop_data/2024-25/NBA Team Opponent 3rd Quarter Points per Game.parquet
2025-12-17 12:48:39 [INFO] root: Fetching [TeamRankings] NBA Team Opponent 4th Quarter Points per Game for 2024-25...
2025-12-17 12:48:39 [INFO] root: Successfully saved prop_data/2024-25/NBA Team Opponent 4th Quarter Points per Game.parquet
2025-12-17 12:48:40 [INFO] root: Fetching [TeamRankings] NBA Team Opponent Overtime Points per Game for 2024-25...
2025-12-17 12:48:40 [INFO] root: Successfully saved prop_data/2024-25/NBA Team Opponent Overtime Points per Game.parquet
2025-12-17 12:48:41 [INFO] root: Fetching [TeamRankings] NBA Team Opponent Points in Paint per Game for 2024-25...
2025-12-17 12:48:41 [INFO] root: Successfully saved prop_data/2024-25/NBA Team Opponent Points in Paint per Game.parquet
2025-12-17 12:48:41 [INFO] root: Fetching [TeamRankings] NBA Team Opponent Fastbreak Points per Game for 2024-25...
2025-12-17 12:48:42 [INFO] root: Successfully saved prop_data/2024-25/NBA Team Opponent Fastbreak Points per Game.parquet
2025-12-17 12:48:43 [INFO] root: Fetching [TeamRankings] NBA Team Opponent Fastbreak Efficiency for 2024-25...
2025-12-17 12:48:43 [INFO] root: Successfully saved prop_data/2024-25/NBA Team Opponent Fastbreak Efficiency.parquet
2025-12-17 12:48:43 [INFO] root: Fetching [TeamRankings] NBA Team Opponent Average Biggest Lead for 2024-25...
2025-12-17 12:48:43 [INFO] root: Successfully saved prop_data/2024-25/NBA Team Opponent Average Biggest Lead.parquet
2025-12-17 12:48:45 [INFO] root: Fetching [TeamRankings] NBA Team Opponent 1st Half Points per Game for 2024-25...
2025-12-17 12:48:45 [INFO] root: Fetching [TeamRankings] NBA Team Opponent 2nd Half Points per Game for 2024-25...
2025-12-17 12:48:45 [INFO] root: Successfully saved prop_data/2024-25/NBA Team Opponent 1st Half Points per Game.parquet
2025-12-17 12:48:45 [INFO] root: Successfully saved prop_data/2024-25/NBA Team Opponent 2nd Half Points per Game.parquet
2025-12-17 12:48:46 [INFO] root: Fetching [TeamRankings] NBA Team Opponent Points from 2 pointers for 2024-25...
2025-12-17 12:48:46 [INFO] root: Successfully saved prop_data/2024-25/NBA Team Opponent Points from 2 pointers.parquet
2025-12-17 12:48:47 [INFO] root: Fetching [TeamRankings] NBA Team Opponent Points from 3 pointers for 2024-25...
2025-12-17 12:48:47 [INFO] root: Successfully saved prop_data/2024-25/NBA Team Opponent Points from 3 pointers.parquet
2025-12-17 12:48:47 [INFO] root: Fetching [TeamRankings] NBA Team Opponent Percent of Points from 2 Pointers for 2024-25...
2025-12-17 12:48:47 [INFO] root: Successfully saved prop_data/2024-25/NBA Team Opponent Percent of Points from 2 Pointers.parquet
2025-12-17 12:48:49 [INFO] root: Fetching [TeamRankings] NBA Team Opponent Percent of Points from 3 Pointers for 2024-25...
2025-12-17 12:48:49 [INFO] root: Fetching [TeamRankings] NBA Team Opponent Percent of Points from Free Throws for 2024-25...
2025-12-17 12:48:49 [INFO] root: Successfully saved prop_data/2024-25/NBA Team Opponent Percent of Points from 3 Pointers.parquet
2025-12-17 12:48:49 [INFO] root: Successfully saved prop_data/2024-25/NBA Team Opponent Percent of Points from Free Throws.parquet
2025-12-17 12:48:50 [INFO] root: Fetching [TeamRankings] NBA Team Opponent Shooting % for 2024-25...
2025-12-17 12:48:51 [INFO] root: Fetching [TeamRankings] NBA Team Opponent Effective Field Goal % for 2024-25...
2025-12-17 12:48:51 [INFO] root: Successfully saved prop_data/2024-25/NBA Team Opponent Shooting %.parquet
2025-12-17 12:48:51 [INFO] root: Successfully saved prop_data/2024-25/NBA Team Opponent Effective Field Goal %.parquet
2025-12-17 12:48:52 [INFO] root: Fetching [TeamRankings] NBA Team Opponent Three Point % for 2024-25...
2025-12-17 12:48:52 [INFO] root: Successfully saved prop_data/2024-25/NBA Team Opponent Three Point %.parquet
2025-12-17 12:48:52 [INFO] root: Fetching [TeamRankings] NBA Team Opponent Two Point % for 2024-25...
2025-12-17 12:48:52 [INFO] root: Successfully saved prop_data/2024-25/NBA Team Opponent Two Point %.parquet
2025-12-17 12:48:53 [INFO] root: Fetching [TeamRankings] NBA Team Opponent Free Throw % for 2024-25...
2025-12-17 12:48:54 [INFO] root: Successfully saved prop_data/2024-25/NBA Team Opponent Free Throw %.parquet
2025-12-17 12:48:54 [INFO] root: Fetching [TeamRankings] NBA Team Opponent True Shooting % for 2024-25...
2025-12-17 12:48:54 [INFO] root: Successfully saved prop_data/2024-25/NBA Team Opponent True Shooting %.parquet
2025-12-17 12:48:55 [INFO] root: Fetching [TeamRankings] NBA Team Opponent Field Goals Made per Game for 2024-25...
2025-12-17 12:48:55 [INFO] root: Fetching [TeamRankings] NBA Team Opponent Field Goals Attempted per Game for 2024-25...
2025-12-17 12:48:55 [INFO] root: Successfully saved prop_data/2024-25/NBA Team Opponent Field Goals Made per Game.parquet
2025-12-17 12:48:55 [INFO] root: Successfully saved prop_data/2024-25/NBA Team Opponent Field Goals Attempted per Game.parquet
2025-12-17 12:48:56 [INFO] root: Fetching [TeamRankings] NBA Team Opponent Three Pointers Made per Game for 2024-25...
2025-12-17 12:48:56 [INFO] root: Fetching [TeamRankings] NBA Team Opponent Three Pointers Attempted per Game for 2024-25...
2025-12-17 12:48:56 [INFO] root: Successfully saved prop_data/2024-25/NBA Team Opponent Three Pointers Made per Game.parquet
2025-12-17 12:48:56 [INFO] root: Successfully saved prop_data/2024-25/NBA Team Opponent Three Pointers Attempted per Game.parquet
2025-12-17 12:48:57 [INFO] root: Fetching [TeamRankings] NBA Team Opponent Free Throws Made per Game for 2024-25...
2025-12-17 12:48:57 [INFO] root: Successfully saved prop_data/2024-25/NBA Team Opponent Free Throws Made per Game.parquet
2025-12-17 12:48:58 [INFO] root: Fetching [TeamRankings] NBA Team Opponent Free Throws Attempted per Game for 2024-25...
2025-12-17 12:48:58 [INFO] root: Successfully saved prop_data/2024-25/NBA Team Opponent Free Throws Attempted per Game.parquet
2025-12-17 12:48:59 [INFO] root: Fetching [TeamRankings] NBA Team Opponent Three Point Rate for 2024-25...
2025-12-17 12:48:59 [INFO] root: Successfully saved prop_data/2024-25/NBA Team Opponent Three Point Rate.parquet
2025-12-17 12:49:00 [INFO] root: Fetching [TeamRankings] NBA Team Opponent Two Point Rate for 2024-25...
2025-12-17 12:49:00 [INFO] root: Successfully saved prop_data/2024-25/NBA Team Opponent Two Point Rate.parquet
2025-12-17 12:49:00 [INFO] root: Fetching [TeamRankings] NBA Team Opponent FTA per FGA for 2024-25...
2025-12-17 12:49:00 [INFO] root: Successfully saved prop_data/2024-25/NBA Team Opponent FTA per FGA.parquet
2025-12-17 12:49:01 [INFO] root: Fetching [TeamRankings] NBA Team Opponent Free Throws Made per 100 Possessions for 2024-25...
2025-12-17 12:49:01 [INFO] root: Successfully saved prop_data/2024-25/NBA Team Opponent Free Throws Made per 100 Possessions.parquet
2025-12-17 12:49:02 [INFO] root: Fetching [TeamRankings] NBA Team Opponent Free Throws Attempted per Offensive Play for 2024-25...
2025-12-17 12:49:02 [INFO] root: Successfully saved prop_data/2024-25/NBA Team Opponent Free Throws Attempted per Offensive Play.parquet
2025-12-17 12:49:03 [INFO] root: Fetching [TeamRankings] NBA Team Opponent Non-blocked 2 Pt % for 2024-25...
2025-12-17 12:49:03 [INFO] root: Successfully saved prop_data/2024-25/NBA Team Opponent Non-blocked 2 Pt %.parquet
2025-12-17 12:49:03 [INFO] root: Fetching [TeamRankings] NBA Team Opponent Offensive Rebounds per Game for 2024-25...
2025-12-17 12:49:03 [INFO] root: Successfully saved prop_data/2024-25/NBA Team Opponent Offensive Rebounds per Game.parquet
2025-12-17 12:49:05 [INFO] root: Fetching [TeamRankings] NBA Team Opponent Defensive Rebounds per Game for 2024-25...
2025-12-17 12:49:05 [INFO] root: Successfully saved prop_data/2024-25/NBA Team Opponent Defensive Rebounds per Game.parquet
2025-12-17 12:49:05 [INFO] root: Fetching [TeamRankings] NBA Team Opponent Team Rebounds per Game for 2024-25...
2025-12-17 12:49:05 [INFO] root: Successfully saved prop_data/2024-25/NBA Team Opponent Team Rebounds per Game.parquet
2025-12-17 12:49:06 [INFO] root: Fetching [TeamRankings] NBA Team Opponent Total Rebounds per Game for 2024-25...
2025-12-17 12:49:06 [INFO] root: Successfully saved prop_data/2024-25/NBA Team Opponent Total Rebounds per Game.parquet
2025-12-17 12:49:07 [INFO] root: Fetching [TeamRankings] NBA Team Opponent Offensive Rebounding % for 2024-25...
2025-12-17 12:49:07 [INFO] root: Successfully saved prop_data/2024-25/NBA Team Opponent Offensive Rebounding %.parquet
2025-12-17 12:49:08 [INFO] root: Fetching [TeamRankings] NBA Team Opponent Defensive Rebounding % for 2024-25...
2025-12-17 12:49:08 [INFO] root: Successfully saved prop_data/2024-25/NBA Team Opponent Defensive Rebounding %.parquet
2025-12-17 12:49:08 [INFO] root: Fetching [TeamRankings] NBA Team Opponent Blocks per Game for 2024-25...
2025-12-17 12:49:08 [INFO] root: Successfully saved prop_data/2024-25/NBA Team Opponent Blocks per Game.parquet
2025-12-17 12:49:09 [INFO] root: Fetching [TeamRankings] NBA Team Opponent Steals per Game for 2024-25...
2025-12-17 12:49:09 [INFO] root: Successfully saved prop_data/2024-25/NBA Team Opponent Steals per Game.parquet
2025-12-17 12:49:10 [INFO] root: Fetching [TeamRankings] NBA Team Opponent Block % for 2024-25...
2025-12-17 12:49:10 [INFO] root: Successfully saved prop_data/2024-25/NBA Team Opponent Block %.parquet
2025-12-17 12:49:11 [INFO] root: Fetching [TeamRankings] NBA Team Opponent Steals per Possession for 2024-25...
2025-12-17 12:49:11 [INFO] root: Successfully saved prop_data/2024-25/NBA Team Opponent Steals per Possession.parquet
2025-12-17 12:49:12 [INFO] root: Fetching [TeamRankings] NBA Team Opponent Steals per Defensive Play for 2024-25...
2025-12-17 12:49:12 [INFO] root: Successfully saved prop_data/2024-25/NBA Team Opponent Steals per Defensive Play.parquet
2025-12-17 12:49:12 [INFO] root: Fetching [TeamRankings] NBA Team Opponent Assists per Game for 2024-25...
2025-12-17 12:49:12 [INFO] root: Successfully saved prop_data/2024-25/NBA Team Opponent Assists per Game.parquet
2025-12-17 12:49:13 [INFO] root: Fetching [TeamRankings] NBA Team Opponent Turnovers per Game for 2024-25...
2025-12-17 12:49:13 [INFO] root: Successfully saved prop_data/2024-25/NBA Team Opponent Turnovers per Game.parquet
2025-12-17 12:49:13 [INFO] root: Fetching [TeamRankings] NBA Team Opponent Assist per Turnover Ratio for 2024-25...
2025-12-17 12:49:13 [INFO] root: Successfully saved prop_data/2024-25/NBA Team Opponent Assist per Turnover Ratio.parquet
2025-12-17 12:49:14 [INFO] root: Fetching [TeamRankings] NBA Team Opponent Assists per FGM for 2024-25...
2025-12-17 12:49:15 [INFO] root: Successfully saved prop_data/2024-25/NBA Team Opponent Assists per FGM.parquet
2025-12-17 12:49:15 [INFO] root: Fetching [TeamRankings] NBA Team Opponent Assists per Possession for 2024-25...
2025-12-17 12:49:15 [INFO] root: Successfully saved prop_data/2024-25/NBA Team Opponent Assists per Possession.parquet
2025-12-17 12:49:16 [INFO] root: Fetching [TeamRankings] NBA Team Opponent Turnovers per Possession for 2024-25...
2025-12-17 12:49:16 [INFO] root: Successfully saved prop_data/2024-25/NBA Team Opponent Turnovers per Possession.parquet
2025-12-17 12:49:17 [INFO] root: Fetching [TeamRankings] NBA Team Opponent Turnovers per Offensive Play for 2024-25...
2025-12-17 12:49:17 [INFO] root: Fetching [TeamRankings] NBA Team Opponent Personal Fouls per Game for 2024-25...
2025-12-17 12:49:17 [INFO] root: Successfully saved prop_data/2024-25/NBA Team Opponent Turnovers per Offensive Play.parquet
2025-12-17 12:49:17 [INFO] root: Successfully saved prop_data/2024-25/NBA Team Opponent Personal Fouls per Game.parquet
2025-12-17 12:49:19 [INFO] root: Fetching [TeamRankings] NBA Team Opponent Technical Fouls per Game for 2024-25...
2025-12-17 12:49:19 [INFO] root: Fetching [TeamRankings] NBA Team Opponent Personal Fouls per Possession for 2024-25...
2025-12-17 12:49:19 [INFO] root: Successfully saved prop_data/2024-25/NBA Team Opponent Technical Fouls per Game.parquet
2025-12-17 12:49:19 [INFO] root: Successfully saved prop_data/2024-25/NBA Team Opponent Personal Fouls per Possession.parquet
2025-12-17 12:49:20 [INFO] root: Fetching [TeamRankings] NBA Team Opponent Personal Fouls per Defensive Play for 2024-25...
2025-12-17 12:49:20 [INFO] root: Fetching [TeamRankings] NBA Team Games Played for 2024-25...
2025-12-17 12:49:21 [INFO] root: Successfully saved prop_data/2024-25/NBA Team Opponent Personal Fouls per Defensive Play.parquet
2025-12-17 12:49:21 [INFO] root: Successfully saved prop_data/2024-25/NBA Team Games Played.parquet
2025-12-17 12:49:22 [INFO] root: Fetching [TeamRankings] NBA Team Possessions per Game for 2024-25...
2025-12-17 12:49:22 [INFO] root: Successfully saved prop_data/2024-25/NBA Team Possessions per Game.parquet
2025-12-17 12:49:22 [INFO] root: Fetching [TeamRankings] NBA Team Extra Scoring Chances per Game for 2024-25...
2025-12-17 12:49:22 [INFO] root: Successfully saved prop_data/2024-25/NBA Team Extra Scoring Chances per Game.parquet
2025-12-17 12:49:24 [INFO] root: Fetching [TeamRankings] NBA Team Effective Possession Ratio for 2024-25...
2025-12-17 12:49:24 [INFO] root: Successfully saved prop_data/2024-25/NBA Team Effective Possession Ratio.parquet
2025-12-17 12:49:24 [INFO] root: Fetching [TeamRankings] NBA Team Opponent Effective Possession Ratio for 2024-25...
2025-12-17 12:49:24 [INFO] root: Successfully saved prop_data/2024-25/NBA Team Opponent Effective Possession Ratio.parquet
2025-12-17 12:49:25 [INFO] root: Fetching [TeamRankings] NBA Team Points + Rebounds + Assists per Game for 2024-25...
2025-12-17 12:49:26 [INFO] root: Successfully saved prop_data/2024-25/NBA Team Points + Rebounds + Assists per Game.parquet
2025-12-17 12:49:26 [INFO] root: Fetching [TeamRankings] NBA Team Points + Rebounds per Game for 2024-25...
2025-12-17 12:49:26 [INFO] root: Successfully saved prop_data/2024-25/NBA Team Points + Rebounds per Game.parquet
2025-12-17 12:49:27 [INFO] root: Fetching [TeamRankings] NBA Team Points + Assists per Game for 2024-25...
2025-12-17 12:49:27 [INFO] root: Successfully saved prop_data/2024-25/NBA Team Points + Assists per Game.parquet
2025-12-17 12:49:28 [INFO] root: Fetching [TeamRankings] NBA Team Rebounds + Assists per Game for 2024-25...
2025-12-17 12:49:28 [INFO] root: Successfully saved prop_data/2024-25/NBA Team Rebounds + Assists per Game.parquet
2025-12-17 12:49:29 [INFO] root: Fetching [TeamRankings] NBA Team Steals + Blocks per Game for 2024-25...
2025-12-17 12:49:29 [INFO] root: Successfully saved prop_data/2024-25/NBA Team Steals + Blocks per Game.parquet
2025-12-17 12:49:30 [INFO] root: Fetching [TeamRankings] NBA Team Opponent Points + Rebounds + Assists per Game for 2024-25...
2025-12-17 12:49:30 [INFO] root: Successfully saved prop_data/2024-25/NBA Team Opponent Points + Rebounds + Assists per Game.parquet
2025-12-17 12:49:31 [INFO] root: Fetching [TeamRankings] NBA Team Opponent Points + Rebounds per Game for 2024-25...
2025-12-17 12:49:31 [INFO] root: Successfully saved prop_data/2024-25/NBA Team Opponent Points + Rebounds per Game.parquet
2025-12-17 12:49:32 [INFO] root: Fetching [TeamRankings] NBA Team Opponent Points + Assists per Game for 2024-25...
2025-12-17 12:49:32 [INFO] root: Successfully saved prop_data/2024-25/NBA Team Opponent Points + Assists per Game.parquet
2025-12-17 12:49:32 [INFO] root: Fetching [TeamRankings] NBA Team Opponent Rebounds + Assists per Game for 2024-25...
2025-12-17 12:49:32 [INFO] root: Successfully saved prop_data/2024-25/NBA Team Opponent Rebounds + Assists per Game.parquet
2025-12-17 12:49:33 [INFO] root: Fetching [TeamRankings] NBA Team Opponent Steals + Blocks per Game for 2024-25...
2025-12-17 12:49:34 [INFO] root: Successfully saved prop_data/2024-25/NBA Team Opponent Steals + Blocks per Game.parquet
2025-12-17 12:49:34 [INFO] root: Fetching [TeamRankings] NBA Team Win % - All Games for 2024-25...
2025-12-17 12:49:34 [INFO] root: Successfully saved prop_data/2024-25/NBA Team Win % - All Games.parquet
2025-12-17 12:49:35 [INFO] root: Fetching [TeamRankings] NBA Team Win % - Close Games for 2024-25...
2025-12-17 12:49:35 [INFO] root: Successfully saved prop_data/2024-25/NBA Team Win % - Close Games.parquet
2025-12-17 12:49:36 [INFO] root: Fetching [TeamRankings] NBA Team Opponent Win % - All Games for 2024-25...
2025-12-17 12:49:36 [INFO] root: Successfully saved prop_data/2024-25/NBA Team Opponent Win % - All Games.parquet
2025-12-17 12:49:37 [INFO] root: Fetching [TeamRankings] NBA Team Opponent Win % - Close Games for 2024-25...
2025-12-17 12:49:37 [INFO] root: Successfully saved prop_data/2024-25/NBA Team Opponent Win % - Close Games.parquet
2025-12-17 12:49:38 [INFO] root: --- Processing Season: 2025-26 (Live: True) ---
2025-12-17 12:49:38 [INFO] root: --- Scraping Daily Injury Report (CBS Sports) ---
2025-12-17 12:49:39 [INFO] root: Successfully saved prop_data/2025-26/daily_injuries.parquet
2025-12-17 12:49:39 [INFO] root: Scraped 103 injury records.
2025-12-17 12:49:39 [INFO] root: --- Checking Basketball-Reference Files ---
2025-12-17 12:49:39 [INFO] root: Fetching [BBall-Ref] NBA Player Per Game Averages.csv for 2025-26...
2025-12-17 12:49:39 [INFO] root: Fetching [BBall-Ref] NBA Player Play-by-Play Stats.csv for 2025-26...
2025-12-17 12:49:39 [INFO] root: Fetching [BBall-Ref] NBA Player Advanced Stats.csv for 2025-26...
2025-12-17 12:49:40 [INFO] root: Successfully saved prop_data/2025-26/NBA Player Play-by-Play Stats.parquet
2025-12-17 12:49:40 [INFO] root: Successfully saved prop_data/2025-26/NBA Player Advanced Stats.parquet
2025-12-17 12:49:40 [INFO] root: Successfully saved prop_data/2025-26/NBA Player Per Game Averages.parquet
2025-12-17 12:49:43 [INFO] root: Fetching [BBall-Ref] NBA Player Shooting Stats.csv for 2025-26...
2025-12-17 12:49:43 [INFO] root: Fetching [BBall-Ref] NBA Player Adjusted Shooting Stats.csv for 2025-26...
2025-12-17 12:49:45 [INFO] root: Successfully saved prop_data/2025-26/NBA Player Shooting Stats.parquet
2025-12-17 12:49:45 [INFO] root: Successfully saved prop_data/2025-26/NBA Player Adjusted Shooting Stats.parquet
2025-12-17 12:49:48 [INFO] root: --- Fetching all nba-api data (Season: 2025-26) ---
2025-12-17 12:49:48 [INFO] root: Fetching Player Box Scores (Incremental)...
2025-12-17 12:49:48 [INFO] root: Queued 57 new days to fetch.
2025-12-17 12:50:03 [INFO] root:   Fetches complete: 5/57
2025-12-17 12:50:21 [INFO] root:   Fetches complete: 10/57
2025-12-17 12:50:35 [INFO] root:   Fetches complete: 15/57
2025-12-17 12:50:51 [INFO] root:   Fetches complete: 20/57
2025-12-17 12:51:06 [INFO] root:   Fetches complete: 25/57
2025-12-17 12:51:18 [INFO] root:   Fetches complete: 30/57
2025-12-17 12:51:33 [INFO] root:   Fetches complete: 35/57
2025-12-17 12:51:46 [INFO] root:   Fetches complete: 40/57
2025-12-17 12:51:57 [INFO] root:   Fetches complete: 45/57
2025-12-17 12:52:09 [INFO] root:   Fetches complete: 50/57
2025-12-17 12:52:21 [INFO] root:   Fetches complete: 55/57
2025-12-17 12:52:24 [INFO] root: Successfully saved prop_data/2025-26/NBA Player Box Scores.parquet
2025-12-17 12:52:24 [INFO] root: Updated aggregated box scores. Total rows: 8425
2025-12-17 12:52:24 [INFO] root: Fetching remaining Player and Team Stats (Parallel)...
2025-12-17 12:52:28 [INFO] root: Successfully saved prop_data/2025-26/NBA Player Stats Away:Road.parquet
2025-12-17 12:52:31 [INFO] root: Successfully saved prop_data/2025-26/NBA Player Stats Last 5 Games.parquet
2025-12-17 12:52:31 [INFO] root: Successfully saved prop_data/2025-26/NBA Player Individual Defense.parquet
2025-12-17 12:52:31 [INFO] root: Successfully saved prop_data/2025-26/NBA Player Opponent Stats Against Them.parquet
2025-12-17 12:52:31 [INFO] root: Successfully saved prop_data/2025-26/NBA Team General Stats.parquet
2025-12-17 12:52:31 [INFO] root: Successfully saved prop_data/2025-26/NBA Team Defense.parquet
2025-12-17 12:52:31 [INFO] root: Successfully saved prop_data/2025-26/NBA Player Stats Home.parquet
2025-12-17 12:52:35 [INFO] root: Successfully saved prop_data/2025-26/NBA Player Q2.parquet
2025-12-17 12:52:35 [INFO] root: Successfully saved prop_data/2025-26/NBA Player Q1.parquet
2025-12-17 12:52:38 [INFO] root: Successfully saved prop_data/2025-26/NBA Player Q3.parquet
2025-12-17 12:52:39 [INFO] root: Successfully saved prop_data/2025-26/NBA Player Q4.parquet
2025-12-17 12:52:39 [INFO] root: --- Fetching Q1 & Q2 Box Scores for Grading (12/17/2025) ---
2025-12-17 12:52:43 [INFO] root: No Q1 stats found for 12/17/2025 (Games might not be finished)
2025-12-17 12:52:49 [INFO] root: No Q2 stats found for 12/17/2025 (Games might not be finished)
2025-12-17 12:52:51 [INFO] root: --- All nba-api data fetched successfully ---
2025-12-17 12:52:51 [INFO] root: --- Checking TeamRankings Files ---
2025-12-17 12:52:51 [INFO] root: Fetching [TeamRankings] NBA Team Points per Game for 2025-26...
2025-12-17 12:52:51 [INFO] root: Fetching [TeamRankings] NBA Team Average Scoring Margin for 2025-26...
2025-12-17 12:52:51 [INFO] root: Successfully saved prop_data/2025-26/NBA Team Points per Game.parquet
2025-12-17 12:52:51 [INFO] root: Successfully saved prop_data/2025-26/NBA Team Average Scoring Margin.parquet
2025-12-17 12:52:53 [INFO] root: Fetching [TeamRankings] NBA Team Offensive Efficiency for 2025-26...
2025-12-17 12:52:53 [INFO] root: Fetching [TeamRankings] NBA Team Floor % for 2025-26...
2025-12-17 12:52:53 [INFO] root: Successfully saved prop_data/2025-26/NBA Team Offensive Efficiency.parquet
2025-12-17 12:52:53 [INFO] root: Successfully saved prop_data/2025-26/NBA Team Floor %.parquet
2025-12-17 12:52:54 [INFO] root: Fetching [TeamRankings] NBA Team 1st Quarter Points per Game for 2025-26...
2025-12-17 12:52:55 [INFO] root: Successfully saved prop_data/2025-26/NBA Team 1st Quarter Points per Game.parquet
2025-12-17 12:52:55 [INFO] root: Fetching [TeamRankings] NBA Team 2nd Quarter Points per Game for 2025-26...
2025-12-17 12:52:55 [INFO] root: Successfully saved prop_data/2025-26/NBA Team 2nd Quarter Points per Game.parquet
2025-12-17 12:52:56 [INFO] root: Fetching [TeamRankings] NBA Team 3rd Quarter Points per Game for 2025-26...
2025-12-17 12:52:56 [INFO] root: Fetching [TeamRankings] NBA Team 4th Quarter Points per Game for 2025-26...
2025-12-17 12:52:57 [INFO] root: Successfully saved prop_data/2025-26/NBA Team 3rd Quarter Points per Game.parquet
2025-12-17 12:52:57 [INFO] root: Successfully saved prop_data/2025-26/NBA Team 4th Quarter Points per Game.parquet
2025-12-17 12:52:58 [INFO] root: Fetching [TeamRankings] NBA Team 1st Half Points per Game for 2025-26...
2025-12-17 12:52:58 [INFO] root: Fetching [TeamRankings] NBA Team 2nd Half Points per Game for 2025-26...
2025-12-17 12:52:59 [INFO] root: Successfully saved prop_data/2025-26/NBA Team 1st Half Points per Game.parquet
2025-12-17 12:52:59 [INFO] root: Successfully saved prop_data/2025-26/NBA Team 2nd Half Points per Game.parquet
2025-12-17 12:53:00 [INFO] root: Fetching [TeamRankings] NBA Team Overtime Points per Game for 2025-26...
2025-12-17 12:53:00 [INFO] root: Successfully saved prop_data/2025-26/NBA Team Overtime Points per Game.parquet
2025-12-17 12:53:00 [INFO] root: Fetching [TeamRankings] NBA Team Points in Paint per Game for 2025-26...
2025-12-17 12:53:01 [INFO] root: Successfully saved prop_data/2025-26/NBA Team Points in Paint per Game.parquet
2025-12-17 12:53:02 [INFO] root: Fetching [TeamRankings] NBA Team Fastbreak Points per Game for 2025-26...
2025-12-17 12:53:02 [INFO] root: Fetching [TeamRankings] NBA Team Fastbreak Efficiency for 2025-26...
2025-12-17 12:53:02 [INFO] root: Successfully saved prop_data/2025-26/NBA Team Fastbreak Points per Game.parquet
2025-12-17 12:53:02 [INFO] root: Successfully saved prop_data/2025-26/NBA Team Fastbreak Efficiency.parquet
2025-12-17 12:53:03 [INFO] root: Fetching [TeamRankings] NBA Team Average Biggest Lead for 2025-26...
2025-12-17 12:53:04 [INFO] root: Successfully saved prop_data/2025-26/NBA Team Average Biggest Lead.parquet
2025-12-17 12:53:04 [INFO] root: Fetching [TeamRankings] NBA Team Average 1st Quarter Margin for 2025-26...
2025-12-17 12:53:04 [INFO] root: Successfully saved prop_data/2025-26/NBA Team Average 1st Quarter Margin.parquet
2025-12-17 12:53:05 [INFO] root: Fetching [TeamRankings] NBA Team Average 2nd Quarter Margin for 2025-26...
2025-12-17 12:53:05 [INFO] root: Successfully saved prop_data/2025-26/NBA Team Average 2nd Quarter Margin.parquet
2025-12-17 12:53:06 [INFO] root: Fetching [TeamRankings] NBA Team Average 3rd Quarter Margin for 2025-26...
2025-12-17 12:53:06 [INFO] root: Successfully saved prop_data/2025-26/NBA Team Average 3rd Quarter Margin.parquet
2025-12-17 12:53:07 [INFO] root: Fetching [TeamRankings] NBA Team Average 4th Quarter Margin for 2025-26...
2025-12-17 12:53:07 [INFO] root: Successfully saved prop_data/2025-26/NBA Team Average 4th Quarter Margin.parquet
2025-12-17 12:53:08 [INFO] root: Fetching [TeamRankings] NBA Team Average 1st Half Margin for 2025-26...
2025-12-17 12:53:08 [INFO] root: Successfully saved prop_data/2025-26/NBA Team Average 1st Half Margin.parquet
2025-12-17 12:53:08 [INFO] root: Fetching [TeamRankings] NBA Team Average 2nd Half Margin for 2025-26...
2025-12-17 12:53:08 [INFO] root: Successfully saved prop_data/2025-26/NBA Team Average 2nd Half Margin.parquet
2025-12-17 12:53:09 [INFO] root: Fetching [TeamRankings] NBA Team Average Overtime Margin for 2025-26...
2025-12-17 12:53:09 [INFO] root: Successfully saved prop_data/2025-26/NBA Team Average Overtime Margin.parquet
2025-12-17 12:53:10 [INFO] root: Fetching [TeamRankings] NBA Team Average Margin Thru 3 Quarters for 2025-26...
2025-12-17 12:53:10 [INFO] root: Successfully saved prop_data/2025-26/NBA Team Average Margin Thru 3 Quarters.parquet
2025-12-17 12:53:11 [INFO] root: Fetching [TeamRankings] NBA Team Points from 2 pointers for 2025-26...
2025-12-17 12:53:11 [INFO] root: Successfully saved prop_data/2025-26/NBA Team Points from 2 pointers.parquet
2025-12-17 12:53:12 [INFO] root: Fetching [TeamRankings] NBA Team Points from 3 pointers for 2025-26...
2025-12-17 12:53:12 [INFO] root: Successfully saved prop_data/2025-26/NBA Team Points from 3 pointers.parquet
2025-12-17 12:53:12 [INFO] root: Fetching [TeamRankings] NBA Team Percent of Points from 2 Pointers for 2025-26...
2025-12-17 12:53:13 [INFO] root: Successfully saved prop_data/2025-26/NBA Team Percent of Points from 2 Pointers.parquet
2025-12-17 12:53:13 [INFO] root: Fetching [TeamRankings] NBA Team Percent of Points from 3 Pointers for 2025-26...
2025-12-17 12:53:14 [INFO] root: Successfully saved prop_data/2025-26/NBA Team Percent of Points from 3 Pointers.parquet
2025-12-17 12:53:14 [INFO] root: Fetching [TeamRankings] NBA Team Percent of Points from Free Throws for 2025-26...
2025-12-17 12:53:14 [INFO] root: Successfully saved prop_data/2025-26/NBA Team Percent of Points from Free Throws.parquet
2025-12-17 12:53:15 [INFO] root: Fetching [TeamRankings] NBA Team Shooting % for 2025-26...
2025-12-17 12:53:16 [INFO] root: Successfully saved prop_data/2025-26/NBA Team Shooting %.parquet
2025-12-17 12:53:16 [INFO] root: Fetching [TeamRankings] NBA Team Effective Field Goal % for 2025-26...
2025-12-17 12:53:16 [INFO] root: Successfully saved prop_data/2025-26/NBA Team Effective Field Goal %.parquet
2025-12-17 12:53:17 [INFO] root: Fetching [TeamRankings] NBA Team Three Point % for 2025-26...
2025-12-17 12:53:17 [INFO] root: Successfully saved prop_data/2025-26/NBA Team Three Point %.parquet
2025-12-17 12:53:18 [INFO] root: Fetching [TeamRankings] NBA Team Two Point % for 2025-26...
2025-12-17 12:53:18 [INFO] root: Successfully saved prop_data/2025-26/NBA Team Two Point %.parquet
2025-12-17 12:53:19 [INFO] root: Fetching [TeamRankings] NBA Team Free Throw % for 2025-26...
2025-12-17 12:53:19 [INFO] root: Successfully saved prop_data/2025-26/NBA Team Free Throw %.parquet
2025-12-17 12:53:19 [INFO] root: Fetching [TeamRankings] NBA Team True Shooting % for 2025-26...
2025-12-17 12:53:20 [INFO] root: Successfully saved prop_data/2025-26/NBA Team True Shooting %.parquet
2025-12-17 12:53:21 [INFO] root: Fetching [TeamRankings] NBA Team Field Goals Made per Game for 2025-26...
2025-12-17 12:53:21 [INFO] root: Successfully saved prop_data/2025-26/NBA Team Field Goals Made per Game.parquet
2025-12-17 12:53:21 [INFO] root: Fetching [TeamRankings] NBA Team Field Goals Attempted per Game for 2025-26...
2025-12-17 12:53:21 [INFO] root: Successfully saved prop_data/2025-26/NBA Team Field Goals Attempted per Game.parquet
2025-12-17 12:53:22 [INFO] root: Fetching [TeamRankings] NBA Team Three Pointers Made per Game for 2025-26...
2025-12-17 12:53:22 [INFO] root: Fetching [TeamRankings] NBA Team Three Pointers Attempted per Game for 2025-26...
2025-12-17 12:53:22 [INFO] root: Successfully saved prop_data/2025-26/NBA Team Three Pointers Made per Game.parquet
2025-12-17 12:53:22 [INFO] root: Successfully saved prop_data/2025-26/NBA Team Three Pointers Attempted per Game.parquet
2025-12-17 12:53:24 [INFO] root: Fetching [TeamRankings] NBA Team Free Throws Made per Game for 2025-26...
2025-12-17 12:53:24 [INFO] root: Fetching [TeamRankings] NBA Team Free Throws Attempted per Game for 2025-26...
2025-12-17 12:53:24 [INFO] root: Successfully saved prop_data/2025-26/NBA Team Free Throws Made per Game.parquet
2025-12-17 12:53:24 [INFO] root: Successfully saved prop_data/2025-26/NBA Team Free Throws Attempted per Game.parquet
2025-12-17 12:53:25 [INFO] root: Fetching [TeamRankings] NBA Team Three Point Rate for 2025-26...
2025-12-17 12:53:25 [INFO] root: Fetching [TeamRankings] NBA Team Two Point Rate for 2025-26...
2025-12-17 12:53:25 [INFO] root: Successfully saved prop_data/2025-26/NBA Team Three Point Rate.parquet
2025-12-17 12:53:26 [INFO] root: Successfully saved prop_data/2025-26/NBA Team Two Point Rate.parquet
2025-12-17 12:53:27 [INFO] root: Fetching [TeamRankings] NBA Team FTA per FGA for 2025-26...
2025-12-17 12:53:27 [INFO] root: Fetching [TeamRankings] NBA Team FTM per 100 Possessions for 2025-26...
2025-12-17 12:53:27 [INFO] root: Successfully saved prop_data/2025-26/NBA Team FTA per FGA.parquet
2025-12-17 12:53:27 [INFO] root: Successfully saved prop_data/2025-26/NBA Team FTM per 100 Possessions.parquet
2025-12-17 12:53:28 [INFO] root: Fetching [TeamRankings] NBA Team Free Throws Attempted per Offensive Play for 2025-26...
2025-12-17 12:53:29 [INFO] root: Successfully saved prop_data/2025-26/NBA Team Free Throws Attempted per Offensive Play.parquet
2025-12-17 12:53:29 [INFO] root: Fetching [TeamRankings] NBA Team Non-blocked 2 Pt % for 2025-26...
2025-12-17 12:53:30 [INFO] root: Successfully saved prop_data/2025-26/NBA Team Non-blocked 2 Pt %.parquet
2025-12-17 12:53:30 [INFO] root: Fetching [TeamRankings] NBA Team Offensive Rebounds per Game for 2025-26...
2025-12-17 12:53:30 [INFO] root: Successfully saved prop_data/2025-26/NBA Team Offensive Rebounds per Game.parquet
2025-12-17 12:53:31 [INFO] root: Fetching [TeamRankings] NBA Team Defensive Rebounds per Game for 2025-26...
2025-12-17 12:53:31 [INFO] root: Fetching [TeamRankings] NBA Team Team Rebounds per Game for 2025-26...
2025-12-17 12:53:31 [INFO] root: Successfully saved prop_data/2025-26/NBA Team Defensive Rebounds per Game.parquet
2025-12-17 12:53:31 [INFO] root: Successfully saved prop_data/2025-26/NBA Team Team Rebounds per Game.parquet
2025-12-17 12:53:33 [INFO] root: Fetching [TeamRankings] NBA Team Total Rebounds per Game for 2025-26...
2025-12-17 12:53:33 [INFO] root: Successfully saved prop_data/2025-26/NBA Team Total Rebounds per Game.parquet
2025-12-17 12:53:33 [INFO] root: Fetching [TeamRankings] NBA Team Offensive Rebounding % for 2025-26...
2025-12-17 12:53:33 [INFO] root: Successfully saved prop_data/2025-26/NBA Team Offensive Rebounding %.parquet
2025-12-17 12:53:35 [INFO] root: Fetching [TeamRankings] NBA Team Defensive Rebounding % for 2025-26...
2025-12-17 12:53:35 [INFO] root: Fetching [TeamRankings] NBA Team Total Rebounding % for 2025-26...
2025-12-17 12:53:35 [INFO] root: Successfully saved prop_data/2025-26/NBA Team Defensive Rebounding %.parquet
2025-12-17 12:53:35 [INFO] root: Successfully saved prop_data/2025-26/NBA Team Total Rebounding %.parquet
2025-12-17 12:53:36 [INFO] root: Fetching [TeamRankings] NBA Team Blocks per Game for 2025-26...
2025-12-17 12:53:37 [INFO] root: Successfully saved prop_data/2025-26/NBA Team Blocks per Game.parquet
2025-12-17 12:53:37 [INFO] root: Fetching [TeamRankings] NBA Team Steals per Game for 2025-26...
2025-12-17 12:53:37 [INFO] root: Successfully saved prop_data/2025-26/NBA Team Steals per Game.parquet
2025-12-17 12:53:38 [INFO] root: Fetching [TeamRankings] NBA Team Block % for 2025-26...
2025-12-17 12:53:39 [INFO] root: Successfully saved prop_data/2025-26/NBA Team Block %.parquet
2025-12-17 12:53:39 [INFO] root: Fetching [TeamRankings] NBA Team Steals per Defensive Play for 2025-26...
2025-12-17 12:53:39 [INFO] root: Successfully saved prop_data/2025-26/NBA Team Steals per Defensive Play.parquet
2025-12-17 12:53:40 [INFO] root: Fetching [TeamRankings] NBA Team Assists per Game for 2025-26...
2025-12-17 12:53:40 [INFO] root: Successfully saved prop_data/2025-26/NBA Team Assists per Game.parquet
2025-12-17 12:53:40 [INFO] root: Fetching [TeamRankings] NBA Team Turnovers per Game for 2025-26...
2025-12-17 12:53:40 [INFO] root: Successfully saved prop_data/2025-26/NBA Team Turnovers per Game.parquet
2025-12-17 12:53:42 [INFO] root: Fetching [TeamRankings] NBA Team Turnovers per Possession for 2025-26...
2025-12-17 12:53:42 [INFO] root: Fetching [TeamRankings] NBA Team Assist per Turnover Ratio for 2025-26...
2025-12-17 12:53:42 [INFO] root: Successfully saved prop_data/2025-26/NBA Team Turnovers per Possession.parquet
2025-12-17 12:53:42 [INFO] root: Successfully saved prop_data/2025-26/NBA Team Assist per Turnover Ratio.parquet
2025-12-17 12:53:43 [INFO] root: Fetching [TeamRankings] NBA Team Assists per FGM for 2025-26...
2025-12-17 12:53:43 [INFO] root: Successfully saved prop_data/2025-26/NBA Team Assists per FGM.parquet
2025-12-17 12:53:44 [INFO] root: Fetching [TeamRankings] NBA Team Assists per Possession for 2025-26...
2025-12-17 12:53:44 [INFO] root: Successfully saved prop_data/2025-26/NBA Team Assists per Possession.parquet
2025-12-17 12:53:45 [INFO] root: Fetching [TeamRankings] NBA Team Turnovers per Offensive Play for 2025-26...
2025-12-17 12:53:45 [INFO] root: Successfully saved prop_data/2025-26/NBA Team Turnovers per Offensive Play.parquet
2025-12-17 12:53:45 [INFO] root: Fetching [TeamRankings] NBA Team Personal Fouls per Game for 2025-26...
2025-12-17 12:53:46 [INFO] root: Successfully saved prop_data/2025-26/NBA Team Personal Fouls per Game.parquet
2025-12-17 12:53:46 [INFO] root: Fetching [TeamRankings] NBA Team Technical Fouls per Game for 2025-26...
2025-12-17 12:53:46 [INFO] root: Successfully saved prop_data/2025-26/NBA Team Technical Fouls per Game.parquet
2025-12-17 12:53:48 [INFO] root: Fetching [TeamRankings] NBA Team Personal Fouls per Possession for 2025-26...
2025-12-17 12:53:48 [INFO] root: Fetching [TeamRankings] NBA Team Personal Fouls per Defensive Play for 2025-26...
2025-12-17 12:53:48 [INFO] root: Successfully saved prop_data/2025-26/NBA Team Personal Fouls per Possession.parquet
2025-12-17 12:53:48 [INFO] root: Successfully saved prop_data/2025-26/NBA Team Personal Fouls per Defensive Play.parquet
2025-12-17 12:53:49 [INFO] root: Fetching [TeamRankings] NBA Team Opponent Points per Game for 2025-26...
2025-12-17 12:53:49 [INFO] root: Successfully saved prop_data/2025-26/NBA Team Opponent Points per Game.parquet
2025-12-17 12:53:50 [INFO] root: Fetching [TeamRankings] NBA Team Opponent Average Scoring Margin for 2025-26...
2025-12-17 12:53:50 [INFO] root: Successfully saved prop_data/2025-26/NBA Team Opponent Average Scoring Margin.parquet
2025-12-17 12:53:50 [INFO] root: Fetching [TeamRankings] NBA Team Defensive Efficiency for 2025-26...
2025-12-17 12:53:51 [INFO] root: Successfully saved prop_data/2025-26/NBA Team Defensive Efficiency.parquet
2025-12-17 12:53:51 [INFO] root: Fetching [TeamRankings] NBA Team Opponent Floor % for 2025-26...
2025-12-17 12:53:52 [INFO] root: Successfully saved prop_data/2025-26/NBA Team Opponent Floor %.parquet
2025-12-17 12:53:52 [INFO] root: Fetching [TeamRankings] NBA Team Opponent 1st Quarter Points per Game for 2025-26...
2025-12-17 12:53:52 [INFO] root: Successfully saved prop_data/2025-26/NBA Team Opponent 1st Quarter Points per Game.parquet
2025-12-17 12:53:53 [INFO] root: Fetching [TeamRankings] NBA Team Opponent 2nd Quarter Points per Game for 2025-26...
2025-12-17 12:53:53 [INFO] root: Successfully saved prop_data/2025-26/NBA Team Opponent 2nd Quarter Points per Game.parquet
2025-12-17 12:53:54 [INFO] root: Fetching [TeamRankings] NBA Team Opponent 3rd Quarter Points per Game for 2025-26...
2025-12-17 12:53:54 [INFO] root: Successfully saved prop_data/2025-26/NBA Team Opponent 3rd Quarter Points per Game.parquet
2025-12-17 12:53:54 [INFO] root: Fetching [TeamRankings] NBA Team Opponent 4th Quarter Points per Game for 2025-26...
2025-12-17 12:53:55 [INFO] root: Successfully saved prop_data/2025-26/NBA Team Opponent 4th Quarter Points per Game.parquet
2025-12-17 12:53:56 [INFO] root: Fetching [TeamRankings] NBA Team Opponent Overtime Points per Game for 2025-26...
2025-12-17 12:53:56 [INFO] root: Successfully saved prop_data/2025-26/NBA Team Opponent Overtime Points per Game.parquet
2025-12-17 12:53:56 [INFO] root: Fetching [TeamRankings] NBA Team Opponent Points in Paint per Game for 2025-26...
2025-12-17 12:53:56 [INFO] root: Successfully saved prop_data/2025-26/NBA Team Opponent Points in Paint per Game.parquet
2025-12-17 12:53:57 [INFO] root: Fetching [TeamRankings] NBA Team Opponent Fastbreak Points per Game for 2025-26...
2025-12-17 12:53:57 [INFO] root: Successfully saved prop_data/2025-26/NBA Team Opponent Fastbreak Points per Game.parquet
2025-12-17 12:53:58 [INFO] root: Fetching [TeamRankings] NBA Team Opponent Fastbreak Efficiency for 2025-26...
2025-12-17 12:53:58 [INFO] root: Successfully saved prop_data/2025-26/NBA Team Opponent Fastbreak Efficiency.parquet
2025-12-17 12:53:59 [INFO] root: Fetching [TeamRankings] NBA Team Opponent Average Biggest Lead for 2025-26...
2025-12-17 12:53:59 [INFO] root: Successfully saved prop_data/2025-26/NBA Team Opponent Average Biggest Lead.parquet
2025-12-17 12:54:00 [INFO] root: Fetching [TeamRankings] NBA Team Opponent 1st Half Points per Game for 2025-26...
2025-12-17 12:54:00 [INFO] root: Successfully saved prop_data/2025-26/NBA Team Opponent 1st Half Points per Game.parquet
2025-12-17 12:54:01 [INFO] root: Fetching [TeamRankings] NBA Team Opponent 2nd Half Points per Game for 2025-26...
2025-12-17 12:54:01 [INFO] root: Successfully saved prop_data/2025-26/NBA Team Opponent 2nd Half Points per Game.parquet
2025-12-17 12:54:01 [INFO] root: Fetching [TeamRankings] NBA Team Opponent Points from 2 pointers for 2025-26...
2025-12-17 12:54:01 [INFO] root: Successfully saved prop_data/2025-26/NBA Team Opponent Points from 2 pointers.parquet
2025-12-17 12:54:03 [INFO] root: Fetching [TeamRankings] NBA Team Opponent Points from 3 pointers for 2025-26...
2025-12-17 12:54:03 [INFO] root: Successfully saved prop_data/2025-26/NBA Team Opponent Points from 3 pointers.parquet
2025-12-17 12:54:03 [INFO] root: Fetching [TeamRankings] NBA Team Opponent Percent of Points from 2 Pointers for 2025-26...
2025-12-17 12:54:03 [INFO] root: Successfully saved prop_data/2025-26/NBA Team Opponent Percent of Points from 2 Pointers.parquet
2025-12-17 12:54:05 [INFO] root: Fetching [TeamRankings] NBA Team Opponent Percent of Points from 3 Pointers for 2025-26...
2025-12-17 12:54:05 [INFO] root: Fetching [TeamRankings] NBA Team Opponent Percent of Points from Free Throws for 2025-26...
2025-12-17 12:54:05 [INFO] root: Successfully saved prop_data/2025-26/NBA Team Opponent Percent of Points from 3 Pointers.parquet
2025-12-17 12:54:05 [INFO] root: Successfully saved prop_data/2025-26/NBA Team Opponent Percent of Points from Free Throws.parquet
2025-12-17 12:54:06 [INFO] root: Fetching [TeamRankings] NBA Team Opponent Shooting % for 2025-26...
2025-12-17 12:54:07 [INFO] root: Successfully saved prop_data/2025-26/NBA Team Opponent Shooting %.parquet
2025-12-17 12:54:07 [INFO] root: Fetching [TeamRankings] NBA Team Opponent Effective Field Goal % for 2025-26...
2025-12-17 12:54:07 [INFO] root: Successfully saved prop_data/2025-26/NBA Team Opponent Effective Field Goal %.parquet
2025-12-17 12:54:08 [INFO] root: Fetching [TeamRankings] NBA Team Opponent Three Point % for 2025-26...
2025-12-17 12:54:08 [INFO] root: Successfully saved prop_data/2025-26/NBA Team Opponent Three Point %.parquet
2025-12-17 12:54:08 [INFO] root: Fetching [TeamRankings] NBA Team Opponent Two Point % for 2025-26...
2025-12-17 12:54:08 [INFO] root: Successfully saved prop_data/2025-26/NBA Team Opponent Two Point %.parquet
2025-12-17 12:54:10 [INFO] root: Fetching [TeamRankings] NBA Team Opponent Free Throw % for 2025-26...
2025-12-17 12:54:10 [INFO] root: Fetching [TeamRankings] NBA Team Opponent True Shooting % for 2025-26...
2025-12-17 12:54:10 [INFO] root: Successfully saved prop_data/2025-26/NBA Team Opponent True Shooting %.parquet
2025-12-17 12:54:10 [INFO] root: Successfully saved prop_data/2025-26/NBA Team Opponent Free Throw %.parquet
2025-12-17 12:54:11 [INFO] root: Fetching [TeamRankings] NBA Team Opponent Field Goals Made per Game for 2025-26...
2025-12-17 12:54:11 [INFO] root: Successfully saved prop_data/2025-26/NBA Team Opponent Field Goals Made per Game.parquet
2025-12-17 12:54:12 [INFO] root: Fetching [TeamRankings] NBA Team Opponent Field Goals Attempted per Game for 2025-26...
2025-12-17 12:54:12 [INFO] root: Successfully saved prop_data/2025-26/NBA Team Opponent Field Goals Attempted per Game.parquet
2025-12-17 12:54:13 [INFO] root: Fetching [TeamRankings] NBA Team Opponent Three Pointers Made per Game for 2025-26...
2025-12-17 12:54:13 [INFO] root: Successfully saved prop_data/2025-26/NBA Team Opponent Three Pointers Made per Game.parquet
2025-12-17 12:54:14 [INFO] root: Fetching [TeamRankings] NBA Team Opponent Three Pointers Attempted per Game for 2025-26...
2025-12-17 12:54:14 [INFO] root: Successfully saved prop_data/2025-26/NBA Team Opponent Three Pointers Attempted per Game.parquet
2025-12-17 12:54:14 [INFO] root: Fetching [TeamRankings] NBA Team Opponent Free Throws Made per Game for 2025-26...
2025-12-17 12:54:15 [INFO] root: Successfully saved prop_data/2025-26/NBA Team Opponent Free Throws Made per Game.parquet
2025-12-17 12:54:16 [INFO] root: Fetching [TeamRankings] NBA Team Opponent Free Throws Attempted per Game for 2025-26...
2025-12-17 12:54:16 [INFO] root: Successfully saved prop_data/2025-26/NBA Team Opponent Free Throws Attempted per Game.parquet
2025-12-17 12:54:17 [INFO] root: Fetching [TeamRankings] NBA Team Opponent Three Point Rate for 2025-26...
2025-12-17 12:54:17 [INFO] root: Successfully saved prop_data/2025-26/NBA Team Opponent Three Point Rate.parquet
2025-12-17 12:54:17 [INFO] root: Fetching [TeamRankings] NBA Team Opponent Two Point Rate for 2025-26...
2025-12-17 12:54:18 [INFO] root: Successfully saved prop_data/2025-26/NBA Team Opponent Two Point Rate.parquet
2025-12-17 12:54:19 [INFO] root: Fetching [TeamRankings] NBA Team Opponent FTA per FGA for 2025-26...
2025-12-17 12:54:19 [INFO] root: Fetching [TeamRankings] NBA Team Opponent Free Throws Made per 100 Possessions for 2025-26...
2025-12-17 12:54:19 [INFO] root: Successfully saved prop_data/2025-26/NBA Team Opponent FTA per FGA.parquet
2025-12-17 12:54:19 [INFO] root: Successfully saved prop_data/2025-26/NBA Team Opponent Free Throws Made per 100 Possessions.parquet
2025-12-17 12:54:20 [INFO] root: Fetching [TeamRankings] NBA Team Opponent Free Throws Attempted per Offensive Play for 2025-26...
2025-12-17 12:54:21 [INFO] root: Fetching [TeamRankings] NBA Team Opponent Non-blocked 2 Pt % for 2025-26...
2025-12-17 12:54:21 [INFO] root: Successfully saved prop_data/2025-26/NBA Team Opponent Free Throws Attempted per Offensive Play.parquet
2025-12-17 12:54:21 [INFO] root: Successfully saved prop_data/2025-26/NBA Team Opponent Non-blocked 2 Pt %.parquet
2025-12-17 12:54:22 [INFO] root: Fetching [TeamRankings] NBA Team Opponent Offensive Rebounds per Game for 2025-26...
2025-12-17 12:54:22 [INFO] root: Successfully saved prop_data/2025-26/NBA Team Opponent Offensive Rebounds per Game.parquet
2025-12-17 12:54:22 [INFO] root: Fetching [TeamRankings] NBA Team Opponent Defensive Rebounds per Game for 2025-26...
2025-12-17 12:54:23 [INFO] root: Successfully saved prop_data/2025-26/NBA Team Opponent Defensive Rebounds per Game.parquet
2025-12-17 12:54:24 [INFO] root: Fetching [TeamRankings] NBA Team Opponent Team Rebounds per Game for 2025-26...
2025-12-17 12:54:24 [INFO] root: Fetching [TeamRankings] NBA Team Opponent Total Rebounds per Game for 2025-26...
2025-12-17 12:54:24 [INFO] root: Successfully saved prop_data/2025-26/NBA Team Opponent Team Rebounds per Game.parquet
2025-12-17 12:54:24 [INFO] root: Successfully saved prop_data/2025-26/NBA Team Opponent Total Rebounds per Game.parquet
2025-12-17 12:54:25 [INFO] root: Fetching [TeamRankings] NBA Team Opponent Offensive Rebounding % for 2025-26...
2025-12-17 12:54:26 [INFO] root: Successfully saved prop_data/2025-26/NBA Team Opponent Offensive Rebounding %.parquet
2025-12-17 12:54:26 [INFO] root: Fetching [TeamRankings] NBA Team Opponent Defensive Rebounding % for 2025-26...
2025-12-17 12:54:26 [INFO] root: Successfully saved prop_data/2025-26/NBA Team Opponent Defensive Rebounding %.parquet
2025-12-17 12:54:28 [INFO] root: Fetching [TeamRankings] NBA Team Opponent Blocks per Game for 2025-26...
2025-12-17 12:54:28 [INFO] root: Successfully saved prop_data/2025-26/NBA Team Opponent Blocks per Game.parquet
2025-12-17 12:54:28 [INFO] root: Fetching [TeamRankings] NBA Team Opponent Steals per Game for 2025-26...
2025-12-17 12:54:28 [INFO] root: Successfully saved prop_data/2025-26/NBA Team Opponent Steals per Game.parquet
2025-12-17 12:54:30 [INFO] root: Fetching [TeamRankings] NBA Team Opponent Block % for 2025-26...
2025-12-17 12:54:30 [INFO] root: Successfully saved prop_data/2025-26/NBA Team Opponent Block %.parquet
2025-12-17 12:54:30 [INFO] root: Fetching [TeamRankings] NBA Team Opponent Steals per Possession for 2025-26...
2025-12-17 12:54:30 [INFO] root: Successfully saved prop_data/2025-26/NBA Team Opponent Steals per Possession.parquet
2025-12-17 12:54:31 [INFO] root: Fetching [TeamRankings] NBA Team Opponent Steals per Defensive Play for 2025-26...
2025-12-17 12:54:31 [INFO] root: Successfully saved prop_data/2025-26/NBA Team Opponent Steals per Defensive Play.parquet
2025-12-17 12:54:32 [INFO] root: Fetching [TeamRankings] NBA Team Opponent Assists per Game for 2025-26...
2025-12-17 12:54:32 [INFO] root: Successfully saved prop_data/2025-26/NBA Team Opponent Assists per Game.parquet
2025-12-17 12:54:33 [INFO] root: Fetching [TeamRankings] NBA Team Opponent Turnovers per Game for 2025-26...
2025-12-17 12:54:34 [INFO] root: Successfully saved prop_data/2025-26/NBA Team Opponent Turnovers per Game.parquet
2025-12-17 12:54:34 [INFO] root: Fetching [TeamRankings] NBA Team Opponent Assist per Turnover Ratio for 2025-26...
2025-12-17 12:54:34 [INFO] root: Successfully saved prop_data/2025-26/NBA Team Opponent Assist per Turnover Ratio.parquet
2025-12-17 12:54:35 [INFO] root: Fetching [TeamRankings] NBA Team Opponent Assists per FGM for 2025-26...
2025-12-17 12:54:35 [INFO] root: Successfully saved prop_data/2025-26/NBA Team Opponent Assists per FGM.parquet
2025-12-17 12:54:35 [INFO] root: Fetching [TeamRankings] NBA Team Opponent Assists per Possession for 2025-26...
2025-12-17 12:54:36 [INFO] root: Successfully saved prop_data/2025-26/NBA Team Opponent Assists per Possession.parquet
2025-12-17 12:54:37 [INFO] root: Fetching [TeamRankings] NBA Team Opponent Turnovers per Possession for 2025-26...
2025-12-17 12:54:37 [INFO] root: Successfully saved prop_data/2025-26/NBA Team Opponent Turnovers per Possession.parquet
2025-12-17 12:54:37 [INFO] root: Fetching [TeamRankings] NBA Team Opponent Turnovers per Offensive Play for 2025-26...
2025-12-17 12:54:38 [INFO] root: Successfully saved prop_data/2025-26/NBA Team Opponent Turnovers per Offensive Play.parquet
2025-12-17 12:54:39 [INFO] root: Fetching [TeamRankings] NBA Team Opponent Personal Fouls per Game for 2025-26...
2025-12-17 12:54:39 [INFO] root: Successfully saved prop_data/2025-26/NBA Team Opponent Personal Fouls per Game.parquet
2025-12-17 12:54:39 [INFO] root: Fetching [TeamRankings] NBA Team Opponent Technical Fouls per Game for 2025-26...
2025-12-17 12:54:40 [INFO] root: Successfully saved prop_data/2025-26/NBA Team Opponent Technical Fouls per Game.parquet
2025-12-17 12:54:40 [INFO] root: Fetching [TeamRankings] NBA Team Opponent Personal Fouls per Possession for 2025-26...
2025-12-17 12:54:41 [INFO] root: Successfully saved prop_data/2025-26/NBA Team Opponent Personal Fouls per Possession.parquet
2025-12-17 12:54:41 [INFO] root: Fetching [TeamRankings] NBA Team Opponent Personal Fouls per Defensive Play for 2025-26...
2025-12-17 12:54:42 [INFO] root: Successfully saved prop_data/2025-26/NBA Team Opponent Personal Fouls per Defensive Play.parquet
2025-12-17 12:54:42 [INFO] root: Fetching [TeamRankings] NBA Team Games Played for 2025-26...
2025-12-17 12:54:42 [INFO] root: Successfully saved prop_data/2025-26/NBA Team Games Played.parquet
2025-12-17 12:54:43 [INFO] root: Fetching [TeamRankings] NBA Team Possessions per Game for 2025-26...
2025-12-17 12:54:43 [INFO] root: Successfully saved prop_data/2025-26/NBA Team Possessions per Game.parquet
2025-12-17 12:54:43 [INFO] root: Fetching [TeamRankings] NBA Team Extra Scoring Chances per Game for 2025-26...
2025-12-17 12:54:44 [INFO] root: Successfully saved prop_data/2025-26/NBA Team Extra Scoring Chances per Game.parquet
2025-12-17 12:54:44 [INFO] root: Fetching [TeamRankings] NBA Team Effective Possession Ratio for 2025-26...
2025-12-17 12:54:45 [INFO] root: Successfully saved prop_data/2025-26/NBA Team Effective Possession Ratio.parquet
2025-12-17 12:54:45 [INFO] root: Fetching [TeamRankings] NBA Team Opponent Effective Possession Ratio for 2025-26...
2025-12-17 12:54:46 [INFO] root: Successfully saved prop_data/2025-26/NBA Team Opponent Effective Possession Ratio.parquet
2025-12-17 12:54:46 [INFO] root: Fetching [TeamRankings] NBA Team Points + Rebounds + Assists per Game for 2025-26...
2025-12-17 12:54:46 [INFO] root: Successfully saved prop_data/2025-26/NBA Team Points + Rebounds + Assists per Game.parquet
2025-12-17 12:54:47 [INFO] root: Fetching [TeamRankings] NBA Team Points + Rebounds per Game for 2025-26...
2025-12-17 12:54:47 [INFO] root: Successfully saved prop_data/2025-26/NBA Team Points + Rebounds per Game.parquet
2025-12-17 12:54:47 [INFO] root: Fetching [TeamRankings] NBA Team Points + Assists per Game for 2025-26...
2025-12-17 12:54:48 [INFO] root: Successfully saved prop_data/2025-26/NBA Team Points + Assists per Game.parquet
2025-12-17 12:54:49 [INFO] root: Fetching [TeamRankings] NBA Team Rebounds + Assists per Game for 2025-26...
2025-12-17 12:54:49 [INFO] root: Fetching [TeamRankings] NBA Team Steals + Blocks per Game for 2025-26...
2025-12-17 12:54:49 [INFO] root: Successfully saved prop_data/2025-26/NBA Team Rebounds + Assists per Game.parquet
2025-12-17 12:54:49 [INFO] root: Successfully saved prop_data/2025-26/NBA Team Steals + Blocks per Game.parquet
2025-12-17 12:54:51 [INFO] root: Fetching [TeamRankings] NBA Team Opponent Points + Rebounds + Assists per Game for 2025-26...
2025-12-17 12:54:51 [INFO] root: Fetching [TeamRankings] NBA Team Opponent Points + Rebounds per Game for 2025-26...
2025-12-17 12:54:51 [INFO] root: Successfully saved prop_data/2025-26/NBA Team Opponent Points + Rebounds + Assists per Game.parquet
2025-12-17 12:54:51 [INFO] root: Successfully saved prop_data/2025-26/NBA Team Opponent Points + Rebounds per Game.parquet
2025-12-17 12:54:52 [INFO] root: Fetching [TeamRankings] NBA Team Opponent Points + Assists per Game for 2025-26...
2025-12-17 12:54:52 [INFO] root: Successfully saved prop_data/2025-26/NBA Team Opponent Points + Assists per Game.parquet
2025-12-17 12:54:52 [INFO] root: Fetching [TeamRankings] NBA Team Opponent Rebounds + Assists per Game for 2025-26...
2025-12-17 12:54:53 [INFO] root: Successfully saved prop_data/2025-26/NBA Team Opponent Rebounds + Assists per Game.parquet
2025-12-17 12:54:53 [INFO] root: Fetching [TeamRankings] NBA Team Opponent Steals + Blocks per Game for 2025-26...
2025-12-17 12:54:53 [INFO] root: Successfully saved prop_data/2025-26/NBA Team Opponent Steals + Blocks per Game.parquet
2025-12-17 12:54:54 [INFO] root: Fetching [TeamRankings] NBA Team Win % - All Games for 2025-26...
2025-12-17 12:54:54 [INFO] root: Successfully saved prop_data/2025-26/NBA Team Win % - All Games.parquet
2025-12-17 12:54:55 [INFO] root: Fetching [TeamRankings] NBA Team Win % - Close Games for 2025-26...
2025-12-17 12:54:55 [INFO] root: Successfully saved prop_data/2025-26/NBA Team Win % - Close Games.parquet
2025-12-17 12:54:56 [INFO] root: Fetching [TeamRankings] NBA Team Opponent Win % - All Games for 2025-26...
2025-12-17 12:54:56 [INFO] root: Successfully saved prop_data/2025-26/NBA Team Opponent Win % - All Games.parquet
2025-12-17 12:54:57 [INFO] root: Fetching [TeamRankings] NBA Team Opponent Win % - Close Games for 2025-26...
2025-12-17 12:54:57 [INFO] root: Successfully saved prop_data/2025-26/NBA Team Opponent Win % - Close Games.parquet
2025-12-17 12:54:58 [INFO] root: ========= NBA DATA SCRAPER FINISHED in 17:13 minutes =========
2025-12-17 12:54:58 [INFO] root: <<< SCRAPER COMPLETE >>>
