2025-11-29 02:50:31 [INFO] root: Logging initialized. Writing to logs/update_db.log
2025-11-29 02:50:31 [INFO] root: >>> STARTING DATASET BUILD (No Scrape/ETL)
2025-11-29 02:50:31 [INFO] root: Building Training Dataset...
2025-11-29 02:50:31 [INFO] root: --- Building Master Training Dataset ---
2025-11-29 02:50:31 [INFO] root: --- Loading Static Data Files ---
2025-11-29 02:50:31 [INFO] root: Calculating historical rolling features (this may take a moment)...
2025-11-29 02:50:31 [INFO] root: Merging Defense vs Position (DVP) stats...
2025-11-29 02:50:31 [INFO] root: Merging Team Stats...
2025-11-29 02:50:37 [INFO] root: Saved master_training_dataset.csv with 31717 rows and 642 features.
2025-11-29 02:50:37 [INFO] root: <<< DATASET BUILD COMPLETE
2025-11-29 13:01:58 [INFO] root: Logging initialized. Writing to logs/update_db.log
2025-11-29 13:01:58 [INFO] root: >>> STARTING DATASET BUILD (No Scrape/ETL)
2025-11-29 13:01:58 [INFO] root: Building Training Dataset...
2025-11-29 13:01:58 [INFO] root: --- Building Master Training Dataset ---
2025-11-29 13:01:58 [INFO] root: --- Loading Static Data Files ---
2025-11-29 13:01:58 [INFO] root: Calculating historical rolling features (this may take a moment)...
2025-11-29 13:01:59 [INFO] root: Merging Defense vs Position (DVP) stats...
2025-11-29 13:01:59 [INFO] root: Merging Team Stats...
2025-11-29 13:02:04 [INFO] root: Saved master_training_dataset.csv with 31717 rows and 642 features.
2025-11-29 13:02:04 [INFO] root: <<< DATASET BUILD COMPLETE
2025-11-29 14:27:36 [INFO] root: Logging initialized. Writing to logs/update_db.log
2025-11-29 14:27:36 [INFO] root: >>> STARTING DATASET BUILD (No Scrape/ETL)
2025-11-29 14:27:36 [INFO] root: Building Training Dataset...
2025-11-29 14:27:36 [INFO] root: --- Building Master Training Dataset ---
2025-11-29 14:27:36 [INFO] root: --- Loading Static Data Files ---
2025-11-29 14:27:36 [INFO] root: Calculating historical rolling features (this may take a moment)...
2025-11-29 14:27:37 [INFO] root: Merging Defense vs Position (DVP) stats...
2025-11-29 14:27:37 [INFO] root: Merging Team Stats...
2025-11-29 14:27:42 [INFO] root: Saved master_training_dataset.csv with 31717 rows and 642 features.
2025-11-29 14:27:42 [INFO] root: <<< DATASET BUILD COMPLETE
2025-11-29 22:50:20 [INFO] root: Logging initialized. Writing to logs/update_db.log
2025-11-29 22:50:20 [INFO] root: >>> STARTING DATASET BUILD (No Scrape/ETL)
2025-11-29 22:50:20 [INFO] root: Building Training Dataset...
2025-11-29 22:50:20 [INFO] root: --- Building Master Training Dataset ---
2025-11-29 22:50:20 [INFO] root: --- Loading Static Data Files ---
2025-11-29 22:50:20 [INFO] root: Calculating historical rolling features (this may take a moment)...
2025-11-29 22:50:20 [INFO] root: Merging Defense vs Position (DVP) stats...
2025-11-29 22:50:20 [INFO] root: Merging Team Stats...
2025-11-29 22:50:27 [INFO] root: Saved master_training_dataset.csv with 31861 rows and 642 features.
2025-11-29 22:50:27 [INFO] root: <<< DATASET BUILD COMPLETE
2025-12-01 16:12:15 [INFO] root: Logging initialized. Writing to logs/update_db.log
2025-12-01 16:12:15 [INFO] root: >>> STARTING DATASET BUILD (No Scrape/ETL)
2025-12-01 16:12:15 [INFO] root: Building Training Dataset...
2025-12-01 16:12:15 [INFO] root: --- Building Master Training Dataset ---
2025-12-01 16:12:15 [INFO] root: --- Loading Static Data Files ---
2025-12-01 16:12:15 [INFO] root: Calculating historical rolling features (this may take a moment)...
2025-12-01 16:12:15 [INFO] root: Merging Defense vs Position (DVP) stats...
2025-12-01 16:12:15 [INFO] root: Merging Team Stats...
2025-12-01 16:12:21 [INFO] root: Saved master_training_dataset.csv with 32749 rows and 642 features.
2025-12-01 16:12:21 [INFO] root: <<< DATASET BUILD COMPLETE
2025-12-02 14:21:38 [INFO] root: Logging initialized. Writing to logs/update_db.log
2025-12-02 14:21:38 [INFO] root: >>> STARTING DATASET BUILD (No Scrape/ETL)
2025-12-02 14:21:38 [INFO] root: Building Training Dataset...
2025-12-02 14:21:38 [INFO] root: --- Building Master Training Dataset ---
2025-12-02 14:21:38 [INFO] root: --- Loading Static Data Files ---
2025-12-02 14:21:38 [INFO] root: Calculating historical rolling features (this may take a moment)...
2025-12-02 14:21:39 [INFO] root: Merging Defense vs Position (DVP) stats...
2025-12-02 14:21:39 [INFO] root: Merging Team Stats...
2025-12-02 14:21:45 [INFO] root: Saved master_training_dataset.csv with 32941 rows and 642 features.
2025-12-02 14:21:45 [INFO] root: <<< DATASET BUILD COMPLETE
2025-12-02 23:23:35 [INFO] root: Logging initialized. Writing to logs/update_db.log
2025-12-02 23:23:35 [INFO] root: >>> STARTING DATASET BUILD (No Scrape/ETL)
2025-12-02 23:23:35 [INFO] root: Building Training Dataset...
2025-12-02 23:23:35 [INFO] root: --- Building Master Training Dataset ---
2025-12-02 23:23:35 [INFO] root: --- Loading Static Data Files ---
2025-12-02 23:23:35 [INFO] root: Calculating historical rolling features (this may take a moment)...
2025-12-02 23:23:35 [INFO] root: Merging Defense vs Position (DVP) stats...
2025-12-02 23:23:35 [INFO] root: Merging Team Stats...
2025-12-02 23:23:42 [INFO] root: Saved master_training_dataset.csv with 33052 rows and 642 features.
2025-12-02 23:23:42 [INFO] root: <<< DATASET BUILD COMPLETE
2025-12-03 20:16:53 [INFO] root: Logging initialized. Writing to logs/update_db.log
2025-12-03 20:16:53 [INFO] root: >>> STARTING DATASET BUILD (No Scrape/ETL)
2025-12-03 20:16:53 [INFO] root: Building Training Dataset...
2025-12-03 20:16:53 [INFO] root: --- Building Master Training Dataset ---
2025-12-03 20:16:53 [INFO] root: --- Loading Static Data Files ---
2025-12-03 20:16:53 [INFO] root: Calculating historical rolling features (this may take a moment)...
2025-12-03 20:16:54 [INFO] root: Merging Defense vs Position (DVP) stats...
2025-12-03 20:16:54 [INFO] root: Merging Team Stats...
2025-12-03 20:17:00 [INFO] root: Saved master_training_dataset.csv with 33222 rows and 642 features.
2025-12-03 20:17:00 [INFO] root: <<< DATASET BUILD COMPLETE
2025-12-10 22:01:18 [INFO] root: Logging initialized. Writing to logs/update_db.log
2025-12-10 22:01:18 [INFO] root: >>> STARTING DATASET BUILD (No Scrape/ETL)
2025-12-10 22:01:18 [INFO] root: Building Training Dataset...
2025-12-10 22:01:18 [INFO] root: --- Building Master Training Dataset ---
2025-12-10 22:01:18 [INFO] root: --- Loading Static Data Files ---
2025-12-10 22:01:18 [INFO] root: Calculating historical rolling features (this may take a moment)...
2025-12-10 22:01:18 [INFO] root: Merging Defense vs Position (DVP) stats...
2025-12-10 22:01:18 [INFO] root: Merging Team Stats...
2025-12-10 22:01:24 [INFO] root: Saved master_training_dataset.csv with 34076 rows and 642 features.
2025-12-10 22:01:24 [INFO] root: <<< DATASET BUILD COMPLETE
2025-12-10 22:09:52 [INFO] root: Logging initialized. Writing to logs/update_db.log
2025-12-10 22:09:52 [INFO] root: >>> STARTING DATASET BUILD (No Scrape/ETL)
2025-12-10 22:09:52 [INFO] root: Building Training Dataset...
2025-12-10 22:09:52 [INFO] root: --- Building Master Training Dataset ---
2025-12-10 22:09:52 [INFO] root: --- Loading Static Data Files ---
2025-12-10 22:09:52 [INFO] root: Calculating historical rolling features (this may take a moment)...
2025-12-10 22:09:53 [INFO] root: Merging Defense vs Position (DVP) stats...
2025-12-10 22:09:53 [INFO] root: Merging Team Stats...
2025-12-10 22:09:59 [INFO] root: Saved master_training_dataset.csv with 34076 rows and 642 features.
2025-12-10 22:09:59 [INFO] root: <<< DATASET BUILD COMPLETE
